Component: ARM Compiler 5.06 update 6 (build 750) Tool: armlink [4d35ed]

==============================================================================

Section Cross References

    main.o(i.main) refers to drv_tiempo.o(i.drv_tiempo_iniciar) for drv_tiempo_iniciar
    main.o(i.main) refers to hal_gpio_lpc.o(i.hal_gpio_iniciar) for hal_gpio_iniciar
    main.o(i.main) refers to drv_consumo.o(i.drv_consumo_iniciar) for drv_consumo_iniciar
    main.o(i.main) refers to drv_monitor.o(i.drv_monitor_iniciar) for drv_monitor_iniciar
    main.o(i.main) refers to drv_sonido.o(i.drv_sonido_iniciar) for drv_sonido_iniciar
    main.o(i.main) refers to drv_leds.o(i.drv_leds_iniciar) for drv_leds_iniciar
    main.o(i.main) refers to rt_fifo.o(i.rt_FIFO_inicializar) for rt_FIFO_inicializar
    main.o(i.main) refers to rt_ge.o(i.rt_GE_iniciar) for rt_GE_iniciar
    main.o(i.main) refers to svc_alarmas.o(i.svc_alarma_iniciar) for svc_alarma_iniciar
    main.o(i.main) refers to drv_botones.o(i.drv_botones_iniciar) for drv_botones_iniciar
    main.o(i.main) refers to drv_aleatorios.o(i.drv_aleatorios_iniciar) for drv_aleatorios_iniciar
    main.o(i.main) refers to beat_hero.o(i.beat_hero_iniciar) for beat_hero_iniciar
    main.o(i.main) refers to rt_ge.o(i.rt_GE_lanzador) for rt_GE_lanzador
    main.o(i.main) refers to rt_fifo.o(i.rt_FIFO_encolar) for rt_FIFO_encolar
    drv_leds.o(i.drv_led_conmutar) refers to hal_gpio_lpc.o(i.hal_gpio_leer) for hal_gpio_leer
    drv_leds.o(i.drv_led_conmutar) refers to hal_gpio_lpc.o(i.hal_gpio_escribir) for hal_gpio_escribir
    drv_leds.o(i.drv_led_conmutar) refers to drv_leds.o(.constdata) for .constdata
    drv_leds.o(i.drv_led_establecer) refers to hal_gpio_lpc.o(i.hal_gpio_escribir) for hal_gpio_escribir
    drv_leds.o(i.drv_led_establecer) refers to drv_leds.o(.constdata) for .constdata
    drv_leds.o(i.drv_led_estado) refers to hal_gpio_lpc.o(i.hal_gpio_leer) for hal_gpio_leer
    drv_leds.o(i.drv_led_estado) refers to drv_leds.o(.constdata) for .constdata
    drv_leds.o(i.drv_leds_iniciar) refers to hal_gpio_lpc.o(i.hal_gpio_sentido) for hal_gpio_sentido
    drv_leds.o(i.drv_leds_iniciar) refers to hal_gpio_lpc.o(i.hal_gpio_escribir) for hal_gpio_escribir
    drv_leds.o(i.drv_leds_iniciar) refers to drv_leds.o(.constdata) for .constdata
    drv_tiempo.o(i.drv_funcion_callback_app) refers to drv_tiempo.o(.data) for .data
    drv_tiempo.o(i.drv_tiempo_actual_ms) refers to hal_tiempo_lpc.o(i.hal_tiempo_actual_tick64) for hal_tiempo_actual_tick64
    drv_tiempo.o(i.drv_tiempo_actual_ms) refers to lludiv.o(.text) for __aeabi_uldivmod
    drv_tiempo.o(i.drv_tiempo_actual_ms) refers to drv_tiempo.o(.data) for .data
    drv_tiempo.o(i.drv_tiempo_actual_ms) refers to drv_tiempo.o(.bss) for .bss
    drv_tiempo.o(i.drv_tiempo_actual_us) refers to hal_tiempo_lpc.o(i.hal_tiempo_actual_tick64) for hal_tiempo_actual_tick64
    drv_tiempo.o(i.drv_tiempo_actual_us) refers to lludiv.o(.text) for __aeabi_uldivmod
    drv_tiempo.o(i.drv_tiempo_actual_us) refers to drv_tiempo.o(.data) for .data
    drv_tiempo.o(i.drv_tiempo_actual_us) refers to drv_tiempo.o(.bss) for .bss
    drv_tiempo.o(i.drv_tiempo_esperar_hasta_ms) refers to drv_tiempo.o(i.drv_tiempo_actual_ms) for drv_tiempo_actual_ms
    drv_tiempo.o(i.drv_tiempo_esperar_hasta_ms) refers to hal_tiempo_lpc.o(i.hal_tiempo_actual_tick64) for hal_tiempo_actual_tick64
    drv_tiempo.o(i.drv_tiempo_esperar_hasta_ms) refers to lludiv.o(.text) for __aeabi_uldivmod
    drv_tiempo.o(i.drv_tiempo_esperar_hasta_ms) refers to drv_tiempo.o(.data) for .data
    drv_tiempo.o(i.drv_tiempo_esperar_hasta_ms) refers to drv_tiempo.o(.bss) for .bss
    drv_tiempo.o(i.drv_tiempo_esperar_ms) refers to drv_tiempo.o(i.drv_tiempo_actual_ms) for drv_tiempo_actual_ms
    drv_tiempo.o(i.drv_tiempo_esperar_ms) refers to hal_tiempo_lpc.o(i.hal_tiempo_actual_tick64) for hal_tiempo_actual_tick64
    drv_tiempo.o(i.drv_tiempo_esperar_ms) refers to lludiv.o(.text) for __aeabi_uldivmod
    drv_tiempo.o(i.drv_tiempo_esperar_ms) refers to drv_tiempo.o(.data) for .data
    drv_tiempo.o(i.drv_tiempo_esperar_ms) refers to drv_tiempo.o(.bss) for .bss
    drv_tiempo.o(i.drv_tiempo_iniciar) refers to hal_tiempo_lpc.o(i.hal_tiempo_iniciar_tick) for hal_tiempo_iniciar_tick
    drv_tiempo.o(i.drv_tiempo_iniciar) refers to drv_tiempo.o(.bss) for .bss
    drv_tiempo.o(i.drv_tiempo_iniciar) refers to drv_tiempo.o(.data) for .data
    drv_tiempo.o(i.drv_tiempo_periodico_ms) refers to hal_tiempo_lpc.o(i.hal_tiempo_reloj_periodico_tick) for hal_tiempo_reloj_periodico_tick
    drv_tiempo.o(i.drv_tiempo_periodico_ms) refers to drv_tiempo.o(.data) for .data
    drv_tiempo.o(i.drv_tiempo_periodico_ms) refers to drv_tiempo.o(.bss) for .bss
    drv_tiempo.o(i.drv_tiempo_periodico_ms) refers to drv_tiempo.o(i.drv_funcion_callback_app) for drv_funcion_callback_app
    drv_consumo.o(i.drv_consumo_dormir) refers to drv_monitor.o(i.drv_monitor_desmarcar) for drv_monitor_desmarcar
[...]
    dfixu.o(x$fpl$dfixur) refers to dnaninf.o(x$fpl$dnaninf) for __fpl_dnaninf
    dflt_noclz.o(x$fpl$dfltu) refers (Special) to usenofp.o(x$fpl$usenofp) for __I$use$fp
    dflt_noclz.o(x$fpl$dfltu) refers to dflt_noclz.o(x$fpl$dflt) for __dflt_normalise
    dflt_noclz.o(x$fpl$dflt) refers (Special) to usenofp.o(x$fpl$usenofp) for __I$use$fp
    dmul.o(x$fpl$dmul) refers (Special) to usenofp.o(x$fpl$usenofp) for __I$use$fp
    dmul.o(x$fpl$dmul) refers to dretinf.o(x$fpl$dretinf) for __fpl_dretinf
    dmul.o(x$fpl$dmul) refers to dnaninf.o(x$fpl$dnaninf) for __fpl_dnaninf
    ffixu.o(x$fpl$ffixu) refers (Special) to usenofp.o(x$fpl$usenofp) for __I$use$fp
    ffixu.o(x$fpl$ffixu) refers to fnaninf.o(x$fpl$fnaninf) for __fpl_fnaninf
    ffixu.o(x$fpl$ffixur) refers (Special) to usenofp.o(x$fpl$usenofp) for __I$use$fp
    ffixu.o(x$fpl$ffixur) refers to fnaninf.o(x$fpl$fnaninf) for __fpl_fnaninf
    fflt_noclz.o(x$fpl$ffltu) refers (Special) to usenofp.o(x$fpl$usenofp) for __I$use$fp
    fflt_noclz.o(x$fpl$ffltu) refers to fflt_noclz.o(x$fpl$fflt) for __fflt_normalise
    fflt_noclz.o(x$fpl$fflt) refers (Special) to usenofp.o(x$fpl$usenofp) for __I$use$fp
    fmul.o(x$fpl$fmul) refers (Special) to usenofp.o(x$fpl$usenofp) for __I$use$fp
    fmul.o(x$fpl$fmul) refers to fretinf.o(x$fpl$fretinf) for __fpl_fretinf
    fmul.o(x$fpl$fmul) refers to fnaninf.o(x$fpl$fnaninf) for __fpl_fnaninf
    __rtentry.o(.ARM.Collect$$rtentry$$00000000) refers (Special) to __rtentry2.o(.ARM.Collect$$rtentry$$0000000A) for __rt_entry_li
    __rtentry.o(.ARM.Collect$$rtentry$$00000000) refers (Special) to __rtentry2.o(.ARM.Collect$$rtentry$$0000000D) for __rt_entry_main
    __rtentry.o(.ARM.Collect$$rtentry$$00000000) refers (Special) to __rtentry2.o(.ARM.Collect$$rtentry$$0000000C) for __rt_entry_postli_1
    __rtentry.o(.ARM.Collect$$rtentry$$00000000) refers (Special) to __rtentry2.o(.ARM.Collect$$rtentry$$00000009) for __rt_entry_postsh_1
    __rtentry.o(.ARM.Collect$$rtentry$$00000000) refers (Special) to __rtentry2.o(.ARM.Collect$$rtentry$$00000002) for __rt_entry_presh_1
    __rtentry.o(.ARM.Collect$$rtentry$$00000000) refers (Special) to __rtentry4.o(.ARM.Collect$$rtentry$$00000004) for __rt_entry_sh
    aeabi_idiv0_sigfpe.o(.text) refers to rt_div0.o(.text) for __rt_div0
    aeabi_ldiv0_sigfpe.o(.text) refers to rt_div0.o(.text) for __rt_div0
    libinit2.o(.ARM.Collect$$libinit$$00000001) refers to fpinit.o(x$fpl$fpinit) for _fp_init
    libinit2.o(.ARM.Collect$$libinit$$0000000D) refers (Weak) to rand.o(.text) for _rand_init
    libinit2.o(.ARM.Collect$$libinit$$00000010) refers to libinit2.o(.ARM.Collect$$libinit$$0000000F) for .ARM.Collect$$libinit$$0000000F
    libinit2.o(.ARM.Collect$$libinit$$00000012) refers to libinit2.o(.ARM.Collect$$libinit$$0000000F) for .ARM.Collect$$libinit$$0000000F
    libinit2.o(.ARM.Collect$$libinit$$00000014) refers to libinit2.o(.ARM.Collect$$libinit$$0000000F) for .ARM.Collect$$libinit$$0000000F
    libinit2.o(.ARM.Collect$$libinit$$00000016) refers to libinit2.o(.ARM.Collect$$libinit$$0000000F) for .ARM.Collect$$libinit$$0000000F
    libinit2.o(.ARM.Collect$$libinit$$00000018) refers to libinit2.o(.ARM.Collect$$libinit$$0000000F) for .ARM.Collect$$libinit$$0000000F
    libinit2.o(.ARM.Collect$$libinit$$00000026) refers to argv_veneer.o(.emb_text) for __ARM_argv_veneer
    libinit2.o(.ARM.Collect$$libinit$$00000027) refers to argv_veneer.o(.emb_text) for __ARM_argv_veneer
    dnaninf.o(x$fpl$dnaninf) refers (Special) to usenofp.o(x$fpl$usenofp) for __I$use$fp
    dretinf.o(x$fpl$dretinf) refers (Special) to usenofp.o(x$fpl$usenofp) for __I$use$fp
    fnaninf.o(x$fpl$fnaninf) refers (Special) to usenofp.o(x$fpl$usenofp) for __I$use$fp
    fretinf.o(x$fpl$fretinf) refers (Special) to usenofp.o(x$fpl$usenofp) for __I$use$fp
    __rtentry2.o(.ARM.Collect$$rtentry$$00000008) refers to boardinit2.o(.text) for _platform_post_stackheap_init
    __rtentry2.o(.ARM.Collect$$rtentry$$0000000A) refers to libinit.o(.ARM.Collect$$libinit$$00000000) for __rt_lib_init
    __rtentry2.o(.ARM.Collect$$rtentry$$0000000B) refers to boardinit3.o(.text) for _platform_post_lib_init
    __rtentry2.o(.ARM.Collect$$rtentry$$0000000D) refers to exit.o(.text) for exit
    __rtentry2.o(.ARM.Collect$$rtentry$$0000000D) refers to main.o(i.main) for main
    __rtentry2.o(.ARM.exidx) refers to __rtentry2.o(.ARM.Collect$$rtentry$$00000001) for .ARM.Collect$$rtentry$$00000001
    __rtentry2.o(.ARM.exidx) refers to __rtentry2.o(.ARM.Collect$$rtentry$$00000008) for .ARM.Collect$$rtentry$$00000008
    __rtentry2.o(.ARM.exidx) refers to __rtentry2.o(.ARM.Collect$$rtentry$$0000000A) for .ARM.Collect$$rtentry$$0000000A
    __rtentry2.o(.ARM.exidx) refers to __rtentry2.o(.ARM.Collect$$rtentry$$0000000B) for .ARM.Collect$$rtentry$$0000000B
    __rtentry2.o(.ARM.exidx) refers to __rtentry2.o(.ARM.Collect$$rtentry$$0000000D) for .ARM.Collect$$rtentry$$0000000D
    __rtentry4.o(.ARM.Collect$$rtentry$$00000004) refers to sys_stackheap_outer.o(.text) for __user_setup_stackheap
    __rtentry4.o(.ARM.exidx) refers to __rtentry4.o(.ARM.Collect$$rtentry$$00000004) for .ARM.Collect$$rtentry$$00000004
    rt_div0.o(.text) refers to defsig_fpe_outer.o(.text) for __rt_SIGFPE
    argv_veneer.o(.emb_text) refers to no_argv.o(.text) for __ARM_get_argv
    sys_stackheap_outer.o(.text) refers to libspace.o(.text) for __user_perproc_libspace
    sys_stackheap_outer.o(.text) refers to startup.o(.text) for __user_initial_stackheap
    exit.o(.text) refers to rtexit.o(.ARM.Collect$$rtexit$$00000000) for __rt_exit
    defsig_fpe_outer.o(.text) refers to defsig_fpe_inner.o(.text) for __rt_SIGFPE_inner
    defsig_fpe_outer.o(.text) refers to defsig_exit.o(.text) for __sig_exit
    defsig_fpe_formal.o(.text) refers to rt_raise.o(.text) for __rt_raise
    _get_argv_nomalloc.o(.text) refers (Special) to hrguard.o(.text) for __heap_region$guard
    _get_argv_nomalloc.o(.text) refers to defsig_rtmem_outer.o(.text) for __rt_SIGRTMEM
    _get_argv_nomalloc.o(.text) refers to sys_command.o(.text) for _sys_command_string
    libinit.o(.ARM.Collect$$libinit$$00000000) refers (Special) to libinit2.o(.ARM.Collect$$libinit$$0000002E) for __rt_lib_init_alloca_1
    libinit.o(.ARM.Collect$$libinit$$00000000) refers (Special) to libinit2.o(.ARM.Collect$$libinit$$0000002C) for __rt_lib_init_argv_1
    libinit.o(.ARM.Collect$$libinit$$00000000) refers (Special) to libinit2.o(.ARM.Collect$$libinit$$0000001B) for __rt_lib_init_atexit_1
    libinit.o(.ARM.Collect$$libinit$$00000000) refers (Special) to libinit2.o(.ARM.Collect$$libinit$$00000021) for __rt_lib_init_clock_1
    libinit.o(.ARM.Collect$$libinit$$00000000) refers (Special) to libinit2.o(.ARM.Collect$$libinit$$00000032) for __rt_lib_init_cpp_1
    libinit.o(.ARM.Collect$$libinit$$00000000) refers (Special) to libinit2.o(.ARM.Collect$$libinit$$00000030) for __rt_lib_init_exceptions_1
    libinit.o(.ARM.Collect$$libinit$$00000000) refers (Special) to libinit2.o(.ARM.Collect$$libinit$$00000002) for __rt_lib_init_fp_1
    libinit.o(.ARM.Collect$$libinit$$00000000) refers (Special) to libinit2.o(.ARM.Collect$$libinit$$0000001F) for __rt_lib_init_fp_trap_1
    libinit.o(.ARM.Collect$$libinit$$00000000) refers (Special) to libinit2.o(.ARM.Collect$$libinit$$00000023) for __rt_lib_init_getenv_1
    libinit.o(.ARM.Collect$$libinit$$00000000) refers (Special) to libinit2.o(.ARM.Collect$$libinit$$0000000A) for __rt_lib_init_heap_1
    libinit.o(.ARM.Collect$$libinit$$00000000) refers (Special) to libinit2.o(.ARM.Collect$$libinit$$00000011) for __rt_lib_init_lc_collate_1
    libinit.o(.ARM.Collect$$libinit$$00000000) refers (Special) to libinit2.o(.ARM.Collect$$libinit$$00000013) for __rt_lib_init_lc_ctype_1
    libinit.o(.ARM.Collect$$libinit$$00000000) refers (Special) to libinit2.o(.ARM.Collect$$libinit$$00000015) for __rt_lib_init_lc_monetary_1
    libinit.o(.ARM.Collect$$libinit$$00000000) refers (Special) to libinit2.o(.ARM.Collect$$libinit$$00000017) for __rt_lib_init_lc_numeric_1
    libinit.o(.ARM.Collect$$libinit$$00000000) refers (Special) to libinit2.o(.ARM.Collect$$libinit$$00000019) for __rt_lib_init_lc_time_1
    libinit.o(.ARM.Collect$$libinit$$00000000) refers (Special) to libinit2.o(.ARM.Collect$$libinit$$00000004) for __rt_lib_init_preinit_1
    libinit.o(.ARM.Collect$$libinit$$00000000) refers (Special) to libinit2.o(.ARM.Collect$$libinit$$0000000E) for __rt_lib_init_rand_1
    libinit.o(.ARM.Collect$$libinit$$00000000) refers (Special) to libinit2.o(.ARM.Collect$$libinit$$00000033) for __rt_lib_init_return
    libinit.o(.ARM.Collect$$libinit$$00000000) refers (Special) to libinit2.o(.ARM.Collect$$libinit$$0000001D) for __rt_lib_init_signal_1
    libinit.o(.ARM.Collect$$libinit$$00000000) refers (Special) to libinit2.o(.ARM.Collect$$libinit$$00000025) for __rt_lib_init_stdio_1
    libinit.o(.ARM.Collect$$libinit$$00000000) refers (Special) to libinit2.o(.ARM.Collect$$libinit$$0000000C) for __rt_lib_init_user_alloc_1
    sys_command.o(.text) refers (Special) to use_no_semi.o(.text) for __I$use$semihosting
    sys_command.o(.text) refers (Special) to indicate_semi.o(.text) for __semihosting_library_function
    libspace.o(.text) refers to libspace.o(.bss) for __libspace_start
    rtexit.o(.ARM.Collect$$rtexit$$00000000) refers (Special) to rtexit2.o(.ARM.Collect$$rtexit$$00000004) for __rt_exit_exit
    rtexit.o(.ARM.Collect$$rtexit$$00000000) refers (Special) to rtexit2.o(.ARM.Collect$$rtexit$$00000003) for __rt_exit_ls
    rtexit.o(.ARM.Collect$$rtexit$$00000000) refers (Special) to rtexit2.o(.ARM.Collect$$rtexit$$00000002) for __rt_exit_prels_1
    rtexit.o(.ARM.exidx) refers (Special) to rtexit2.o(.ARM.Collect$$rtexit$$00000004) for __rt_exit_exit
    rtexit.o(.ARM.exidx) refers (Special) to rtexit2.o(.ARM.Collect$$rtexit$$00000003) for __rt_exit_ls
    rtexit.o(.ARM.exidx) refers (Special) to rtexit2.o(.ARM.Collect$$rtexit$$00000002) for __rt_exit_prels_1
    rtexit.o(.ARM.exidx) refers to rtexit.o(.ARM.Collect$$rtexit$$00000000) for .ARM.Collect$$rtexit$$00000000
    rt_raise.o(.text) refers to __raise.o(.text) for __raise
    rt_raise.o(.text) refers to sys_exit.o(.text) for _sys_exit
    defsig_exit.o(.text) refers to sys_exit.o(.text) for _sys_exit
    defsig_fpe_inner.o(.text) refers to defsig_general.o(.text) for __default_signal_display
    defsig_rtmem_outer.o(.text) refers to defsig_rtmem_inner.o(.text) for __rt_SIGRTMEM_inner
    defsig_rtmem_outer.o(.text) refers to defsig_exit.o(.text) for __sig_exit
    defsig_rtmem_formal.o(.text) refers to rt_raise.o(.text) for __rt_raise
    sys_exit.o(.text) refers (Special) to use_no_semi.o(.text) for __I$use$semihosting
    sys_exit.o(.text) refers (Special) to indicate_semi.o(.text) for __semihosting_library_function
    rtexit2.o(.ARM.Collect$$rtexit$$00000003) refers to libshutdown.o(.ARM.Collect$$libshutdown$$00000000) for __rt_lib_shutdown
    rtexit2.o(.ARM.Collect$$rtexit$$00000004) refers to sys_exit.o(.text) for _sys_exit
    rtexit2.o(.ARM.exidx) refers to rtexit2.o(.ARM.Collect$$rtexit$$00000001) for .ARM.Collect$$rtexit$$00000001
    rtexit2.o(.ARM.exidx) refers to rtexit2.o(.ARM.Collect$$rtexit$$00000003) for .ARM.Collect$$rtexit$$00000003
    rtexit2.o(.ARM.exidx) refers to rtexit2.o(.ARM.Collect$$rtexit$$00000004) for .ARM.Collect$$rtexit$$00000004
    __raise.o(.text) refers to __raise.o(i.__ARM_common_call_via_r2) for __ARM_common_call_via_r2
    __raise.o(.text) refers to defsig.o(CL$$defsig) for __default_signal_handler
    defsig_general.o(.text) refers to sys_wrch.o(.text) for _ttywrch
    defsig_rtmem_inner.o(.text) refers to defsig_general.o(.text) for __default_signal_display
    sys_wrch.o(.text) refers (Special) to use_no_semi.o(.text) for __I$use$semihosting
    sys_wrch.o(.text) refers (Special) to indicate_semi.o(.text) for __semihosting_library_function
    defsig.o(CL$$defsig) refers to defsig_fpe_inner.o(.text) for __rt_SIGFPE_inner
    defsig.o(CL$$defsig) refers to defsig_rtmem_inner.o(.text) for __rt_SIGRTMEM_inner
    libshutdown.o(.ARM.Collect$$libshutdown$$00000000) refers (Special) to libshutdown2.o(.ARM.Collect$$libshutdown$$00000002) for __rt_lib_shutdown_cpp_1
    libshutdown.o(.ARM.Collect$$libshutdown$$00000000) refers (Special) to libshutdown2.o(.ARM.Collect$$libshutdown$$00000007) for __rt_lib_shutdown_fp_trap_1
    libshutdown.o(.ARM.Collect$$libshutdown$$00000000) refers (Special) to libshutdown2.o(.ARM.Collect$$libshutdown$$0000000F) for __rt_lib_shutdown_heap_1
    libshutdown.o(.ARM.Collect$$libshutdown$$00000000) refers (Special) to libshutdown2.o(.ARM.Collect$$libshutdown$$00000010) for __rt_lib_shutdown_return
    libshutdown.o(.ARM.Collect$$libshutdown$$00000000) refers (Special) to libshutdown2.o(.ARM.Collect$$libshutdown$$0000000A) for __rt_lib_shutdown_signal_1
    libshutdown.o(.ARM.Collect$$libshutdown$$00000000) refers (Special) to libshutdown2.o(.ARM.Collect$$libshutdown$$00000004) for __rt_lib_shutdown_stdio_1
    libshutdown.o(.ARM.Collect$$libshutdown$$00000000) refers (Special) to libshutdown2.o(.ARM.Collect$$libshutdown$$0000000C) for __rt_lib_shutdown_user_alloc_1
    defsig_abrt_inner.o(.text) refers to defsig_general.o(.text) for __default_signal_display
    defsig_rtred_inner.o(.text) refers to defsig_general.o(.text) for __default_signal_display
    defsig_stak_inner.o(.text) refers to defsig_general.o(.text) for __default_signal_display
    defsig_pvfn_inner.o(.text) refers to defsig_general.o(.text) for __default_signal_display
    defsig_cppl_inner.o(.text) refers to defsig_general.o(.text) for __default_signal_display
    defsig_segv_inner.o(.text) refers to defsig_general.o(.text) for __default_signal_display
    defsig_other.o(.text) refers to defsig_general.o(.text) for __default_signal_display


==============================================================================

Removing Unused input sections from the image.

    Removing drv_leds.o(i.drv_led_conmutar), (144 bytes).
    Removing drv_leds.o(i.drv_led_estado), (88 bytes).
    Removing drv_tiempo.o(i.drv_tiempo_actual_ms), (92 bytes).
    Removing drv_tiempo.o(i.drv_tiempo_esperar_hasta_ms), (184 bytes).
    Removing drv_tiempo.o(i.drv_tiempo_esperar_ms), (108 bytes).
    Removing drv_monitor.o(i.drv_monitor_establecer), (72 bytes).
    Removing drv_monitor.o(i.drv_monitor_estado), (88 bytes).
    Removing rt_fifo.o(i.rt_FIFO_estadisticas), (24 bytes).
    Removing rt_ge.o(i.rt_GE_cancelar), (212 bytes).
    Removing app_jugar.o(i.app_juego_actualizar), (344 bytes).
    Removing app_jugar.o(i.app_juego_iniciar), (136 bytes).
    Removing app_jugar.o(.data), (16 bytes).
    Removing drv_aleatorios.o(i.drv_aleatorios_obtener_32bits), (4 bytes).
    Removing drv_sonido.o(i.drv_sonido_tocar), (4 bytes).
    Removing test.o(i.test_alarmas), (228 bytes).
    Removing test.o(i.test_botones_simultaneos_iniciar), (92 bytes).
    Removing test.o(i.test_botones_simultaneos_verificar), (16 bytes).
    Removing test.o(i.test_callback_alarma), (40 bytes).
    Removing test.o(i.test_callback_botones_simultaneos), (168 bytes).
    Removing test.o(i.test_callback_evento), (40 bytes).
    Removing test.o(i.test_ejecutar_todos), (752 bytes).
    Removing test.o(i.test_fifo), (412 bytes).
    Removing test.o(i.test_gestor_eventos), (376 bytes).
    Removing test.o(i.test_modo_interactivo_botones), (216 bytes).
    Removing test.o(i.test_seccion_critica), (328 bytes).
    Removing test.o(i.test_watchdog), (188 bytes).
    Removing test.o(.data), (36 bytes).
    Removing hal_tiempo_lpc.o(i.hal_tiempo_periodico_config_tick), (64 bytes).
    Removing hal_tiempo_lpc.o(i.hal_tiempo_periodico_enable), (68 bytes).
    Removing hal_tiempo_lpc.o(i.hal_tiempo_periodico_set_callback), (16 bytes).
    Removing hal_aleatorios_lpc.o(i.hal_aleatorios_rango), (40 bytes).
    Removing hal_sonido_lpc.o(i.hal_sonido_tocar), (4 bytes).

32 unused section(s) (total 4600 bytes) removed from the image.

==============================================================================

Adding Veneers to the image

    Adding AT veneer (8 bytes, Inline) for call to '__rt_lib_init' from __rtentry2.o(.ARM.Collect$$rtentry$$0000000A).
    Adding AT veneer (8 bytes, Inline) for call to '__rt_lib_shutdown' from rtexit2.o(.ARM.Collect$$rtexit$$00000003).
    Adding TA veneer (4 bytes, Inline) for call to '__rt_exit' from exit.o(.text).
    Adding AT veneer (8 bytes, Inline) for call to 'rand' from hal_aleatorios_lpc.o(i.hal_aleatorios_obtener_32bits).
    Adding AT veneer (8 bytes, Inline) for call to 'srand' from hal_aleatorios_lpc.o(i.hal_aleatorios_iniciar).
    Adding AT veneer (8 bytes, Inline) for call to '_sys_exit' from rtexit2.o(.ARM.Collect$$rtexit$$00000004).

6 Veneer(s) (total 44 bytes) added to the image.

==============================================================================

Image Symbol Table

    Local Symbols

    Symbol Name                              Value     Ov Type        Size  Object(Section)

    RESET                                    0x00000000   Section      272  startup.o(RESET)
    ../clib/angel/boardlib.s                 0x00000000   Number         0  boardinit1.o ABSOLUTE
    ../clib/angel/boardlib.s                 0x00000000   Number         0  boardinit3.o ABSOLUTE
    ../clib/angel/boardlib.s                 0x00000000   Number         0  boardshut.o ABSOLUTE
    ../clib/angel/boardlib.s                 0x00000000   Number         0  boardinit2.o ABSOLUTE
    ../clib/angel/handlers.s                 0x00000000   Number         0  __scatter_copy.o ABSOLUTE
    ../clib/angel/handlers.s                 0x00000000   Number         0  __scatter_zi.o ABSOLUTE
    ../clib/angel/kernel.s                   0x00000000   Number         0  __rtentry4.o ABSOLUTE
    ../clib/angel/kernel.s                   0x00000000   Number         0  __rtentry2.o ABSOLUTE
    ../clib/angel/kernel.s                   0x00000000   Number         0  rtexit2.o ABSOLUTE
    ../clib/angel/kernel.s                   0x00000000   Number         0  __rtentry.o ABSOLUTE
    ../clib/angel/kernel.s                   0x00000000   Number         0  rtexit.o ABSOLUTE
    ../clib/angel/rt.s                       0x00000000   Number         0  rt_raise.o ABSOLUTE
    ../clib/angel/rt.s                       0x00000000   Number         0  rt_div0.o ABSOLUTE
    ../clib/angel/rt.s                       0x00000000   Number         0  aeabi_ldiv0.o ABSOLUTE
    ../clib/angel/rt.s                       0x00000000   Number         0  aeabi_idiv0_sigfpe.o ABSOLUTE
    ../clib/angel/rt.s                       0x00000000   Number         0  aeabi_ldiv0_sigfpe.o ABSOLUTE
    ../clib/angel/rt.s                       0x00000000   Number         0  aeabi_idiv0.o ABSOLUTE
    ../clib/angel/scatter.s                  0x00000000   Number         0  __scatter.o ABSOLUTE
    ../clib/angel/startup.s                  0x00000000   Number         0  __main.o ABSOLUTE
    ../clib/angel/sys.s                      0x00000000   Number         0  indicate_semi.o ABSOLUTE
    ../clib/angel/sys.s                      0x00000000   Number         0  use_no_semi.o ABSOLUTE
    ../clib/angel/sys.s                      0x00000000   Number         0  sys_stackheap_outer.o ABSOLUTE
    ../clib/angel/sys.s                      0x00000000   Number         0  libspace.o ABSOLUTE
    ../clib/angel/sysapp.c                   0x00000000   Number         0  sys_exit.o ABSOLUTE
    ../clib/angel/sysapp.c                   0x00000000   Number         0  sys_wrch.o ABSOLUTE
    ../clib/angel/sysapp.c                   0x00000000   Number         0  sys_command.o ABSOLUTE
    ../clib/armsys.c                         0x00000000   Number         0  argv_veneer.o ABSOLUTE
    ../clib/armsys.c                         0x00000000   Number         0  argv_veneer.o ABSOLUTE
    ../clib/armsys.c                         0x00000000   Number         0  _get_argv_nomalloc.o ABSOLUTE
    ../clib/armsys.c                         0x00000000   Number         0  no_argv.o ABSOLUTE
    ../clib/division.s                       0x00000000   Number         0  aeabi_sdivfast_div0.o ABSOLUTE
    ../clib/division.s                       0x00000000   Number         0  aeabi_sdivfast.o ABSOLUTE
    ../clib/divrt.s                          0x00000000   Number         0  divrt_7tdmi_div0.o ABSOLUTE
    ../clib/divrt.s                          0x00000000   Number         0  divrt_7tdmi.o ABSOLUTE
    ../clib/heapalloc.c                      0x00000000   Number         0  hrguard.o ABSOLUTE
    ../clib/heapaux.c                        0x00000000   Number         0  heapauxi.o ABSOLUTE
    ../clib/libinit.s                        0x00000000   Number         0  libshutdown.o ABSOLUTE
    ../clib/libinit.s                        0x00000000   Number         0  libinit2.o ABSOLUTE
    ../clib/libinit.s                        0x00000000   Number         0  libshutdown2.o ABSOLUTE
    ../clib/libinit.s                        0x00000000   Number         0  libinit.o ABSOLUTE
    ../clib/longlong.s                       0x00000000   Number         0  lludiv.o ABSOLUTE
    ../clib/signal.c                         0x00000000   Number         0  defsig_abrt_inner.o ABSOLUTE
    ../clib/signal.c                         0x00000000   Number         0  defsig_exit.o ABSOLUTE
    ../clib/signal.c                         0x00000000   Number         0  defsig_fpe_inner.o ABSOLUTE
    ../clib/signal.c                         0x00000000   Number         0  defsig_rtmem_outer.o ABSOLUTE
    ../clib/signal.c                         0x00000000   Number         0  defsig_rtmem_formal.o ABSOLUTE
    ../clib/signal.c                         0x00000000   Number         0  __raise.o ABSOLUTE
    ../clib/signal.c                         0x00000000   Number         0  defsig_rtmem_inner.o ABSOLUTE
    ../clib/signal.c                         0x00000000   Number         0  defsig_general.o ABSOLUTE
    ../clib/signal.c                         0x00000000   Number         0  defsig_fpe_outer.o ABSOLUTE
    ../clib/signal.c                         0x00000000   Number         0  defsig_fpe_formal.o ABSOLUTE
    ../clib/signal.c                         0x00000000   Number         0  defsig_other.o ABSOLUTE
    ../clib/signal.c                         0x00000000   Number         0  defsig_segv_inner.o ABSOLUTE
    ../clib/signal.c                         0x00000000   Number         0  defsig_cppl_inner.o ABSOLUTE
    ../clib/signal.c                         0x00000000   Number         0  defsig_pvfn_inner.o ABSOLUTE
    ../clib/signal.c                         0x00000000   Number         0  defsig_stak_inner.o ABSOLUTE
    ../clib/signal.c                         0x00000000   Number         0  defsig_rtred_inner.o ABSOLUTE
    ../clib/signal.s                         0x00000000   Number         0  defsig.o ABSOLUTE
    ../clib/stdlib.c                         0x00000000   Number         0  exit.o ABSOLUTE
    ../clib/stdlib.c                         0x00000000   Number         0  rand.o ABSOLUTE
    ../clib/stdlib.c                         0x00000000   Number         0  rand.o ABSOLUTE
    ../fplib/dfixu.s                         0x00000000   Number         0  dfixu.o ABSOLUTE
    ../fplib/dflt.s                          0x00000000   Number         0  dflt_noclz.o ABSOLUTE
    ../fplib/dmul.s                          0x00000000   Number         0  dmul.o ABSOLUTE
    ../fplib/dnaninf.s                       0x00000000   Number         0  dnaninf.o ABSOLUTE
    ../fplib/dretinf.s                       0x00000000   Number         0  dretinf.o ABSOLUTE
    ../fplib/ffixu.s                         0x00000000   Number         0  ffixu.o ABSOLUTE
    ../fplib/fflt.s                          0x00000000   Number         0  fflt_noclz.o ABSOLUTE
    ../fplib/fmul.s                          0x00000000   Number         0  fmul.o ABSOLUTE
    ../fplib/fnaninf.s                       0x00000000   Number         0  fnaninf.o ABSOLUTE
    ../fplib/fpinit.s                        0x00000000   Number         0  fpinit.o ABSOLUTE
    ../fplib/fretinf.s                       0x00000000   Number         0  fretinf.o ABSOLUTE
    ../fplib/usenofp.s                       0x00000000   Number         0  usenofp.o ABSOLUTE
    ..\..\src\app_jugar.c                    0x00000000   Number         0  app_jugar.o ABSOLUTE
    ..\..\src\beat_hero.c                    0x00000000   Number         0  beat_hero.o ABSOLUTE
    ..\..\src\drv_SC.c                       0x00000000   Number         0  drv_sc.o ABSOLUTE
    ..\..\src\drv_WDT.c                      0x00000000   Number         0  drv_wdt.o ABSOLUTE
    ..\..\src\drv_aleatorios.c               0x00000000   Number         0  drv_aleatorios.o ABSOLUTE
    ..\..\src\drv_botones.c                  0x00000000   Number         0  drv_botones.o ABSOLUTE
    ..\..\src\drv_consumo.c                  0x00000000   Number         0  drv_consumo.o ABSOLUTE
    ..\..\src\drv_leds.c                     0x00000000   Number         0  drv_leds.o ABSOLUTE
    ..\..\src\drv_monitor.c                  0x00000000   Number         0  drv_monitor.o ABSOLUTE
    ..\..\src\drv_sonido.c                   0x00000000   Number         0  drv_sonido.o ABSOLUTE
    ..\..\src\drv_tiempo.c                   0x00000000   Number         0  drv_tiempo.o ABSOLUTE
    ..\..\src\hal_SC.c                       0x00000000   Number         0  hal_sc.o ABSOLUTE
    ..\..\src\main.c                         0x00000000   Number         0  main.o ABSOLUTE
    ..\..\src\rt_GE.c                        0x00000000   Number         0  rt_ge.o ABSOLUTE
    ..\..\src\rt_fifo.c                      0x00000000   Number         0  rt_fifo.o ABSOLUTE
    ..\..\src\svc_alarmas.c                  0x00000000   Number         0  svc_alarmas.o ABSOLUTE
    ..\..\src\test.c                         0x00000000   Number         0  test.o ABSOLUTE
    ..\src_lpc\Startup.s                     0x00000000   Number         0  startup.o ABSOLUTE
    ..\src_lpc\hal_WDT_lpc.c                 0x00000000   Number         0  hal_wdt_lpc.o ABSOLUTE
    ..\src_lpc\hal_aleatorios_lpc.c          0x00000000   Number         0  hal_aleatorios_lpc.o ABSOLUTE
    ..\src_lpc\hal_consumo_lpc.c             0x00000000   Number         0  hal_consumo_lpc.o ABSOLUTE
    ..\src_lpc\hal_ext_int_lpc.c             0x00000000   Number         0  hal_ext_int_lpc.o ABSOLUTE
    ..\src_lpc\hal_gpio_lpc.c                0x00000000   Number         0  hal_gpio_lpc.o ABSOLUTE
    ..\src_lpc\hal_sonido_lpc.c              0x00000000   Number         0  hal_sonido_lpc.o ABSOLUTE
    ..\src_lpc\hal_tiempo_lpc.c              0x00000000   Number         0  hal_tiempo_lpc.o ABSOLUTE
    dc.s                                     0x00000000   Number         0  dc.o ABSOLUTE
    Undef_Handler                            0x00000040   ARM Code       4  startup.o(RESET)
    SWI_Handler                              0x00000044   ARM Code       4  startup.o(RESET)
    PAbt_Handler                             0x00000048   ARM Code       4  startup.o(RESET)
    DAbt_Handler                             0x0000004c   ARM Code       4  startup.o(RESET)
    IRQ_Handler                              0x00000050   ARM Code       4  startup.o(RESET)
    FIQ_Handler                              0x00000054   ARM Code       4  startup.o(RESET)
    !!!main                                  0x00000110   Section        8  __main.o(!!!main)
    !!!scatter                               0x00000118   Section       60  __scatter.o(!!!scatter)
    !!handler_copy                           0x00000154   Section       40  __scatter_copy.o(!!handler_copy)
    !!handler_zi                             0x0000017c   Section       44  __scatter_zi.o(!!handler_zi)
    .ARM.Collect$$libinit$$00000000          0x000001b0   Section        2  libinit.o(.ARM.Collect$$libinit$$00000000)
    .ARM.Collect$$libinit$$00000002          0x000001b2   Section        0  libinit2.o(.ARM.Collect$$libinit$$00000002)
    .ARM.Collect$$libinit$$00000004          0x000001b2   Section        0  libinit2.o(.ARM.Collect$$libinit$$00000004)
    .ARM.Collect$$libinit$$0000000A          0x000001b2   Section        0  libinit2.o(.ARM.Collect$$libinit$$0000000A)
    .ARM.Collect$$libinit$$0000000C          0x000001b2   Section        0  libinit2.o(.ARM.Collect$$libinit$$0000000C)
    .ARM.Collect$$libinit$$0000000D          0x000001b2   Section        4  libinit2.o(.ARM.Collect$$libinit$$0000000D)
    .ARM.Collect$$libinit$$0000000E          0x000001b6   Section        0  libinit2.o(.ARM.Collect$$libinit$$0000000E)
    .ARM.Collect$$libinit$$00000011          0x000001b6   Section        0  libinit2.o(.ARM.Collect$$libinit$$00000011)
    .ARM.Collect$$libinit$$00000013          0x000001b6   Section        0  libinit2.o(.ARM.Collect$$libinit$$00000013)
    .ARM.Collect$$libinit$$00000015          0x000001b6   Section        0  libinit2.o(.ARM.Collect$$libinit$$00000015)
    .ARM.Collect$$libinit$$00000017          0x000001b6   Section        0  libinit2.o(.ARM.Collect$$libinit$$00000017)
    .ARM.Collect$$libinit$$00000019          0x000001b6   Section        0  libinit2.o(.ARM.Collect$$libinit$$00000019)
    .ARM.Collect$$libinit$$0000001B          0x000001b6   Section        0  libinit2.o(.ARM.Collect$$libinit$$0000001B)
    .ARM.Collect$$libinit$$0000001D          0x000001b6   Section        0  libinit2.o(.ARM.Collect$$libinit$$0000001D)
    .ARM.Collect$$libinit$$0000001F          0x000001b6   Section        0  libinit2.o(.ARM.Collect$$libinit$$0000001F)
    .ARM.Collect$$libinit$$00000021          0x000001b6   Section        0  libinit2.o(.ARM.Collect$$libinit$$00000021)
    .ARM.Collect$$libinit$$00000023          0x000001b6   Section        0  libinit2.o(.ARM.Collect$$libinit$$00000023)
    .ARM.Collect$$libinit$$00000025          0x000001b6   Section        0  libinit2.o(.ARM.Collect$$libinit$$00000025)
    .ARM.Collect$$libinit$$0000002C          0x000001b6   Section        0  libinit2.o(.ARM.Collect$$libinit$$0000002C)
    .ARM.Collect$$libinit$$0000002E          0x000001b6   Section        0  libinit2.o(.ARM.Collect$$libinit$$0000002E)
    .ARM.Collect$$libinit$$00000030          0x000001b6   Section        0  libinit2.o(.ARM.Collect$$libinit$$00000030)
    .ARM.Collect$$libinit$$00000032          0x000001b6   Section        0  libinit2.o(.ARM.Collect$$libinit$$00000032)
    .ARM.Collect$$libinit$$00000033          0x000001b6   Section       12  libinit2.o(.ARM.Collect$$libinit$$00000033)
    .ARM.Collect$$libshutdown$$00000000      0x000001cc   Section        4  libshutdown.o(.ARM.Collect$$libshutdown$$00000000)
    .ARM.Collect$$libshutdown$$00000002      0x000001d0   Section        0  libshutdown2.o(.ARM.Collect$$libshutdown$$00000002)
    .ARM.Collect$$libshutdown$$00000004      0x000001d0   Section        0  libshutdown2.o(.ARM.Collect$$libshutdown$$00000004)
    .ARM.Collect$$libshutdown$$00000007      0x000001d0   Section        0  libshutdown2.o(.ARM.Collect$$libshutdown$$00000007)
    .ARM.Collect$$libshutdown$$0000000A      0x000001d0   Section        0  libshutdown2.o(.ARM.Collect$$libshutdown$$0000000A)
    .ARM.Collect$$libshutdown$$0000000C      0x000001d0   Section        0  libshutdown2.o(.ARM.Collect$$libshutdown$$0000000C)
    .ARM.Collect$$libshutdown$$0000000F      0x000001d0   Section        0  libshutdown2.o(.ARM.Collect$$libshutdown$$0000000F)
    .ARM.Collect$$libshutdown$$00000010      0x000001d0   Section        6  libshutdown2.o(.ARM.Collect$$libshutdown$$00000010)
    .ARM.Collect$$rtentry$$00000000          0x000001d8   Section        0  __rtentry.o(.ARM.Collect$$rtentry$$00000000)
    .ARM.Collect$$rtentry$$00000002          0x000001d8   Section        0  __rtentry2.o(.ARM.Collect$$rtentry$$00000002)
    .ARM.Collect$$rtentry$$00000004          0x000001d8   Section        8  __rtentry4.o(.ARM.Collect$$rtentry$$00000004)
    .ARM.Collect$$rtentry$$00000009          0x000001e0   Section        0  __rtentry2.o(.ARM.Collect$$rtentry$$00000009)
    .ARM.Collect$$rtentry$$0000000A          0x000001e0   Section        4  __rtentry2.o(.ARM.Collect$$rtentry$$0000000A)
    .ARM.Collect$$rtentry$$0000000C          0x000001e4   Section        0  __rtentry2.o(.ARM.Collect$$rtentry$$0000000C)
    .ARM.Collect$$rtentry$$0000000D          0x000001e4   Section       40  __rtentry2.o(.ARM.Collect$$rtentry$$0000000D)
    .ARM.Collect$$rtexit$$00000000           0x00000210   Section        4  rtexit.o(.ARM.Collect$$rtexit$$00000000)
    .ARM.Collect$$rtexit$$00000002           0x00000214   Section        0  rtexit2.o(.ARM.Collect$$rtexit$$00000002)
    .ARM.Collect$$rtexit$$00000003           0x00000214   Section        4  rtexit2.o(.ARM.Collect$$rtexit$$00000003)
    .ARM.Collect$$rtexit$$00000004           0x00000218   Section        8  rtexit2.o(.ARM.Collect$$rtexit$$00000004)
    .emb_text                                0x00000228   Section       56  rand.o(.emb_text)
    .text                                    0x00000260   Section      104  startup.o(.text)
    .text                                    0x000002c8   Section      720  lludiv.o(.text)
    .text                                    0x000005a0   Section        0  rand.o(.text)
    .text                                    0x000005e0   Section      556  aeabi_sdivfast.o(.text)
    __arm_div_large_positive                 0x00000614   ARM Code       0  aeabi_sdivfast.o(.text)
    __arm_div16                              0x0000063c   ARM Code       0  aeabi_sdivfast.o(.text)
    __arm_div12                              0x0000066c   ARM Code       0  aeabi_sdivfast.o(.text)
    __arm_div8                               0x000006a0   ARM Code       0  aeabi_sdivfast.o(.text)
    __arm_div5                               0x000006c4   ARM Code       0  aeabi_sdivfast.o(.text)
    __arm_div2                               0x000006e8   ARM Code       0  aeabi_sdivfast.o(.text)
    .text                                    0x0000080c   Section        0  heapauxi.o(.text)
    .text                                    0x00000814   Section       96  sys_stackheap_outer.o(.text)
    .text                                    0x00000874   Section        0  exit.o(.text)
    .text                                    0x00000888   Section       12  libspace.o(.text)
    .text                                    0x0000089c   Section        0  sys_exit.o(.text)
    .text                                    0x000008a8   Section        4  use_no_semi.o(.text)
    .text                                    0x000008ac   Section        0  indicate_semi.o(.text)
    .text_udiv                               0x000008ac   Section       48  aeabi_sdivfast.o(.text_udiv)
    i.EINT0_IRQHandler                       0x000008dc   Section        0  hal_ext_int_lpc.o(i.EINT0_IRQHandler)
    EINT0_IRQHandler                         0x000008dc   ARM Code      68  hal_ext_int_lpc.o(i.EINT0_IRQHandler)
    i.EINT1_IRQHandler                       0x00000924   Section        0  hal_ext_int_lpc.o(i.EINT1_IRQHandler)
    EINT1_IRQHandler                         0x00000924   ARM Code      68  hal_ext_int_lpc.o(i.EINT1_IRQHandler)
    i.EINT2_IRQHandler                       0x0000096c   Section        0  hal_ext_int_lpc.o(i.EINT2_IRQHandler)
    EINT2_IRQHandler                         0x0000096c   ARM Code      68  hal_ext_int_lpc.o(i.EINT2_IRQHandler)
    i.T0_ISR                                 0x000009b4   Section        0  hal_tiempo_lpc.o(i.T0_ISR)
    i.T1_ISR                                 0x000009f0   Section        0  hal_tiempo_lpc.o(i.T1_ISR)
    i.beat_hero_actualizar                   0x00000a28   Section        0  beat_hero.o(i.beat_hero_actualizar)
    i.beat_hero_iniciar                      0x00000f9c   Section        0  beat_hero.o(i.beat_hero_iniciar)
    i.deshabilitar_irq                       0x0000101c   Section        0  hal_sc.o(i.deshabilitar_irq)
    i.drv_SC_entrar_disable_irq              0x0000102c   Section        0  drv_sc.o(i.drv_SC_entrar_disable_irq)
    i.drv_SC_salir_enable_irq                0x00001050   Section        0  drv_sc.o(i.drv_SC_salir_enable_irq)
    i.drv_WDT_alimentar                      0x0000106c   Section        0  drv_wdt.o(i.drv_WDT_alimentar)
    i.drv_WDT_iniciar                        0x00001070   Section        0  drv_wdt.o(i.drv_WDT_iniciar)
    i.drv_aleatorios_iniciar                 0x00001074   Section        0  drv_aleatorios.o(i.drv_aleatorios_iniciar)
    i.drv_aleatorios_rango                   0x00001078   Section        0  drv_aleatorios.o(i.drv_aleatorios_rango)
    i.drv_botones_actualizar                 0x000010a0   Section        0  drv_botones.o(i.drv_botones_actualizar)
    i.drv_botones_iniciar                    0x00001210   Section        0  drv_botones.o(i.drv_botones_iniciar)
    i.drv_cb                                 0x000012a0   Section        0  drv_botones.o(i.drv_cb)
    drv_cb                                   0x000012a0   ARM Code      36  drv_botones.o(i.drv_cb)
    i.drv_consumo_dormir                     0x000012c8   Section        0  drv_consumo.o(i.drv_consumo_dormir)
    i.drv_consumo_esperar                    0x000012fc   Section        0  drv_consumo.o(i.drv_consumo_esperar)
    i.drv_consumo_iniciar                    0x00001330   Section        0  drv_consumo.o(i.drv_consumo_iniciar)
    i.drv_funcion_callback_app               0x0000135c   Section        0  drv_tiempo.o(i.drv_funcion_callback_app)
    i.drv_led_establecer                     0x0000137c   Section        0  drv_leds.o(i.drv_led_establecer)
    i.drv_leds_iniciar                       0x000013c4   Section        0  drv_leds.o(i.drv_leds_iniciar)
    i.drv_monitor_desmarcar                  0x0000140c   Section        0  drv_monitor.o(i.drv_monitor_desmarcar)
    i.drv_monitor_iniciar                    0x00001434   Section        0  drv_monitor.o(i.drv_monitor_iniciar)
    i.drv_monitor_marcar                     0x0000147c   Section        0  drv_monitor.o(i.drv_monitor_marcar)
    i.drv_sonido_iniciar                     0x000014a4   Section        0  drv_sonido.o(i.drv_sonido_iniciar)
    i.drv_tiempo_actual_us                   0x000014a8   Section        0  drv_tiempo.o(i.drv_tiempo_actual_us)
    i.drv_tiempo_iniciar                     0x000014fc   Section        0  drv_tiempo.o(i.drv_tiempo_iniciar)
    i.drv_tiempo_periodico_ms                0x00001524   Section        0  drv_tiempo.o(i.drv_tiempo_periodico_ms)
    i.finalizar_partida                      0x00001598   Section        0  beat_hero.o(i.finalizar_partida)
    finalizar_partida                        0x00001598   ARM Code     168  beat_hero.o(i.finalizar_partida)
    i.habilitar_irq                          0x00001648   Section        0  hal_sc.o(i.habilitar_irq)
    i.hal_WDT_feed                           0x00001658   Section        0  hal_wdt_lpc.o(i.hal_WDT_feed)
    i.hal_WDT_iniciar                        0x00001670   Section        0  hal_wdt_lpc.o(i.hal_WDT_iniciar)
    i.hal_aleatorios_iniciar                 0x000016a0   Section        0  hal_aleatorios_lpc.o(i.hal_aleatorios_iniciar)
    i.hal_aleatorios_obtener_32bits          0x000016a4   Section        0  hal_aleatorios_lpc.o(i.hal_aleatorios_obtener_32bits)
    i.hal_consumo_dormir                     0x000016dc   Section        0  hal_consumo_lpc.o(i.hal_consumo_dormir)
    i.hal_consumo_esperar                    0x000016fc   Section        0  hal_consumo_lpc.o(i.hal_consumo_esperar)
    i.hal_consumo_iniciar                    0x0000171c   Section        0  hal_consumo_lpc.o(i.hal_consumo_iniciar)
    i.hal_ext_int_deshabilitar               0x00001730   Section        0  hal_ext_int_lpc.o(i.hal_ext_int_deshabilitar)
    i.hal_ext_int_habilitar                  0x000017c8   Section        0  hal_ext_int_lpc.o(i.hal_ext_int_habilitar)
    i.hal_ext_int_iniciar                    0x0000186c   Section        0  hal_ext_int_lpc.o(i.hal_ext_int_iniciar)
    i.hal_ext_int_limpiar_pendiente          0x00001990   Section        0  hal_ext_int_lpc.o(i.hal_ext_int_limpiar_pendiente)
    i.hal_gpio_escribir                      0x000019e0   Section        0  hal_gpio_lpc.o(i.hal_gpio_escribir)
    i.hal_gpio_iniciar                       0x00001a00   Section        0  hal_gpio_lpc.o(i.hal_gpio_iniciar)
    i.hal_gpio_leer                          0x00001a14   Section        0  hal_gpio_lpc.o(i.hal_gpio_leer)
    i.hal_gpio_sentido                       0x00001a34   Section        0  hal_gpio_lpc.o(i.hal_gpio_sentido)
    i.hal_sonido_iniciar                     0x00001a6c   Section        0  hal_sonido_lpc.o(i.hal_sonido_iniciar)
    i.hal_tiempo_actual_tick64               0x00001a70   Section        0  hal_tiempo_lpc.o(i.hal_tiempo_actual_tick64)
    i.hal_tiempo_iniciar_tick                0x00001a9c   Section        0  hal_tiempo_lpc.o(i.hal_tiempo_iniciar_tick)
    i.hal_tiempo_reloj_periodico_tick        0x00001b34   Section        0  hal_tiempo_lpc.o(i.hal_tiempo_reloj_periodico_tick)
    i.main                                   0x00001bc8   Section        0  main.o(i.main)
    i.reiniciar_variables_juego              0x00001c30   Section        0  beat_hero.o(i.reiniciar_variables_juego)
    reiniciar_variables_juego                0x00001c30   ARM Code     180  beat_hero.o(i.reiniciar_variables_juego)
    i.rt_FIFO_encolar                        0x00001cec   Section        0  rt_fifo.o(i.rt_FIFO_encolar)
    i.rt_FIFO_extraer                        0x00001dd0   Section        0  rt_fifo.o(i.rt_FIFO_extraer)
    i.rt_FIFO_inicializar                    0x00001e84   Section        0  rt_fifo.o(i.rt_FIFO_inicializar)
    i.rt_GE_actualizar                       0x00001ebc   Section        0  rt_ge.o(i.rt_GE_actualizar)
    i.rt_GE_iniciar                          0x00001f00   Section        0  rt_ge.o(i.rt_GE_iniciar)
    i.rt_GE_lanzador                         0x00001fb0   Section        0  rt_ge.o(i.rt_GE_lanzador)
    i.rt_GE_suscribir                        0x00002114   Section        0  rt_ge.o(i.rt_GE_suscribir)
    i.svc_alarma_activar                     0x000021ac   Section        0  svc_alarmas.o(i.svc_alarma_activar)
    i.svc_alarma_actualizar                  0x000024cc   Section        0  svc_alarmas.o(i.svc_alarma_actualizar)
    i.svc_alarma_codificar                   0x00002584   Section        0  svc_alarmas.o(i.svc_alarma_codificar)
    i.svc_alarma_iniciar                     0x000025a0   Section        0  svc_alarmas.o(i.svc_alarma_iniciar)
    x$fpl$ffixu                              0x00002608   Section       84  ffixu.o(x$fpl$ffixu)
    x$fpl$fflt                               0x0000265c   Section       92  fflt_noclz.o(x$fpl$fflt)
    x$fpl$ffltu                              0x000026b8   Section        8  fflt_noclz.o(x$fpl$ffltu)
    x$fpl$fmul                               0x000026c0   Section      256  fmul.o(x$fpl$fmul)
    x$fpl$fnaninf                            0x000027c0   Section      168  fnaninf.o(x$fpl$fnaninf)
    x$fpl$fretinf                            0x00002868   Section       16  fretinf.o(x$fpl$fretinf)
    .constdata                               0x00002878   Section       16  drv_leds.o(.constdata)
    x$fpl$usenofp                            0x00002878   Section        0  usenofp.o(x$fpl$usenofp)
    s_led_list                               0x00002878   Data          16  drv_leds.o(.constdata)
    .constdata                               0x00002888   Section       16  drv_monitor.o(.constdata)
    s_monitor_list                           0x00002888   Data          16  drv_monitor.o(.constdata)
    .constdata                               0x00002898   Section       12  drv_botones.o(.constdata)
    s_pins_botones                           0x00002898   Data          12  drv_botones.o(.constdata)
    .constdata                               0x000028a4   Section        3  hal_ext_int_lpc.o(.constdata)
    s_buttons                                0x000028a4   Data           3  hal_ext_int_lpc.o(.constdata)
    .data                                    0x40000000   Section       12  drv_tiempo.o(.data)
    s_iniciado                               0x40000000   Data           1  drv_tiempo.o(.data)
    s_parametro                              0x40000004   Data           4  drv_tiempo.o(.data)
    s_funcion                                0x40000008   Data           4  drv_tiempo.o(.data)
    .data                                    0x4000000c   Section        8  drv_consumo.o(.data)
    s_iniciado                               0x4000000c   Data           1  drv_consumo.o(.data)
    s_monitor                                0x40000010   Data           4  drv_consumo.o(.data)
    .data                                    0x40000014   Section       16  rt_fifo.o(.data)
    s_iniciado                               0x40000014   Data           1  rt_fifo.o(.data)
    .data                                    0x40000024   Section       12  drv_botones.o(.data)
    m_ev_confirmado                          0x40000024   Data           1  drv_botones.o(.data)
    m_ev_soltado                             0x40000025   Data           1  drv_botones.o(.data)
    m_ev_retardo                             0x40000026   Data           1  drv_botones.o(.data)
    s_estado_botones                         0x40000027   Data           3  drv_botones.o(.data)
    drv_botones_isr_callback                 0x4000002c   Data           4  drv_botones.o(.data)
    .data                                    0x40000030   Section       12  rt_ge.o(.data)
    g_M_overflow_monitor_id                  0x40000038   Data           4  rt_ge.o(.data)
    .data                                    0x4000003c   Section       20  svc_alarmas.o(.data)
    m_ev_a_notificar                         0x4000003c   Data           1  svc_alarmas.o(.data)
    m_cb_a_llamar                            0x40000048   Data           4  svc_alarmas.o(.data)
    g_M_overflow_monitor_id                  0x4000004c   Data           4  svc_alarmas.o(.data)
    .data                                    0x40000050   Section       32  beat_hero.o(.data)
    s_estado                                 0x40000050   Data           1  beat_hero.o(.data)
    s_nivel_dificultad                       0x40000051   Data           1  beat_hero.o(.data)
    led_demo                                 0x40000052   Data           1  beat_hero.o(.data)
    compas                                   0x40000053   Data           3  beat_hero.o(.data)
    s_score                                  0x40000058   Data           4  beat_hero.o(.data)
    s_high_score                             0x4000005c   Data           4  beat_hero.o(.data)
    s_compases_jugados                       0x40000060   Data           4  beat_hero.o(.data)
    s_duracion_compas_ms                     0x40000064   Data           4  beat_hero.o(.data)
    s_tiempo_inicio_compas                   0x40000068   Data           8  beat_hero.o(.data)
    .data                                    0x40000070   Section        4  drv_sc.o(.data)
    m_in_critical_region                     0x40000070   Data           4  drv_sc.o(.data)
    .data                                    0x40000074   Section        8  hal_tiempo_lpc.o(.data)
    s_overflows_t1                           0x40000074   Data           4  hal_tiempo_lpc.o(.data)
    s_cb                                     0x40000078   Data           4  hal_tiempo_lpc.o(.data)
    .data                                    0x4000007c   Section        4  hal_ext_int_lpc.o(.data)
    f_callback_drv                           0x4000007c   Data           4  hal_ext_int_lpc.o(.data)
    .bss                                     0x40000080   Section       12  drv_tiempo.o(.bss)
    s_hal_info                               0x40000080   Data          12  drv_tiempo.o(.bss)
    .bss                                     0x40000090   Section      568  rt_fifo.o(.bss)
    s_rt_fifo                                0x40000090   Data         528  rt_fifo.o(.bss)
    .bss                                     0x400002c8   Section      317  rt_ge.o(.bss)
    TareasSuscritas                          0x400002dc   Data         288  rt_ge.o(.bss)
    numSuscritos                             0x400003fc   Data           9  rt_ge.o(.bss)
    .bss                                     0x40000408   Section      160  svc_alarmas.o(.bss)
    m_alarmas                                0x40000408   Data         160  svc_alarmas.o(.bss)
    .bss                                     0x400004a8   Section       64  beat_hero.o(.bss)
    .bss                                     0x400004e8   Section       12  hal_tiempo_lpc.o(.bss)
    s_info                                   0x400004e8   Data          12  hal_tiempo_lpc.o(.bss)
    .bss                                     0x400004f4   Section      228  rand.o(.bss)
    .bss                                     0x400005d8   Section       96  libspace.o(.bss)
    HEAP                                     0x40000638   Section        0  startup.o(HEAP)
    STACK                                    0x40000638   Section     2176  startup.o(STACK)
    Heap_Mem                                 0x40000638   Data           0  startup.o(HEAP)
    Stack_Mem                                0x40000638   Data        1024  startup.o(STACK)
    Stack_Top                                0x40000eb8   Data           0  startup.o(STACK)

    Global Symbols

    Symbol Name                              Value     Ov Type        Size  Object(Section)

    BuildAttributes$$THM_ISAv1$ARM_ISAv4$S$PE$A:L22$X:L11$S22$IEEE1$IW$USESV6$~STKCKD$USESV7$~SHL$OTIME$ROPI$EBA8$UX$STANDARDLIB$REQ8$PRES8$EABIv2 0x00000000   Number         0  anon$$obj.o ABSOLUTE
    __ARM_use_no_argv                        0x00000000   Number         0  main.o ABSOLUTE
    __ARM_exceptions_init                     - Undefined Weak Reference
    __alloca_initialize                       - Undefined Weak Reference
    __arm_preinit_                            - Undefined Weak Reference
    __cpp_initialize__aeabi_                  - Undefined Weak Reference
    __cxa_finalize                            - Undefined Weak Reference
    __rt_locale                               - Undefined Weak Reference
    __sigvec_lookup                           - Undefined Weak Reference
    _atexit_init                              - Undefined Weak Reference
    _call_atexit_fns                          - Undefined Weak Reference
    _clock_init                               - Undefined Weak Reference
    _fp_trap_init                             - Undefined Weak Reference
    _fp_trap_shutdown                         - Undefined Weak Reference
    _get_lc_collate                           - Undefined Weak Reference
    _get_lc_ctype                             - Undefined Weak Reference
    _get_lc_monetary                          - Undefined Weak Reference
    _get_lc_numeric                           - Undefined Weak Reference
    _get_lc_time                              - Undefined Weak Reference
    _getenv_init                              - Undefined Weak Reference
    _handle_redirection                       - Undefined Weak Reference
    _init_alloc                               - Undefined Weak Reference
    _init_user_alloc                          - Undefined Weak Reference
    _initio                                   - Undefined Weak Reference
    _signal_finish                            - Undefined Weak Reference
    _signal_init                              - Undefined Weak Reference
    _terminate_alloc                          - Undefined Weak Reference
    _terminate_user_alloc                     - Undefined Weak Reference
    _terminateio                              - Undefined Weak Reference
    Reset_Handler                            0x00000058   ARM Code       0  startup.o(RESET)
    __main                                   0x00000110   ARM Code       8  __main.o(!!!main)
    __scatterload                            0x00000118   ARM Code       0  __scatter.o(!!!scatter)
    __scatterload_rt2                        0x00000118   ARM Code      52  __scatter.o(!!!scatter)
    __scatterload_null                       0x0000012c   ARM Code       0  __scatter.o(!!!scatter)
    __scatterload_copy                       0x00000154   ARM Code      40  __scatter_copy.o(!!handler_copy)
    __scatterload_zeroinit                   0x0000017c   ARM Code      44  __scatter_zi.o(!!handler_zi)
    Inline ARM to Thumb Veneer to __rt_lib_init 0x000001a8   ARM Code       8  libinit.o(.ARM.Collect$$libinit$$00000000)
    __rt_lib_init                            0x000001b1   Thumb Code     0  libinit.o(.ARM.Collect$$libinit$$00000000)
    __rt_lib_init_fp_1                       0x000001b3   Thumb Code     0  libinit2.o(.ARM.Collect$$libinit$$00000002)
    __rt_lib_init_heap_1                     0x000001b3   Thumb Code     0  libinit2.o(.ARM.Collect$$libinit$$0000000A)
    __rt_lib_init_preinit_1                  0x000001b3   Thumb Code     0  libinit2.o(.ARM.Collect$$libinit$$00000004)
    __rt_lib_init_rand_2                     0x000001b3   Thumb Code     0  libinit2.o(.ARM.Collect$$libinit$$0000000D)
    __rt_lib_init_user_alloc_1               0x000001b3   Thumb Code     0  libinit2.o(.ARM.Collect$$libinit$$0000000C)
    __rt_lib_init_alloca_1                   0x000001b7   Thumb Code     0  libinit2.o(.ARM.Collect$$libinit$$0000002E)
    __rt_lib_init_argv_1                     0x000001b7   Thumb Code     0  libinit2.o(.ARM.Collect$$libinit$$0000002C)
    __rt_lib_init_atexit_1                   0x000001b7   Thumb Code     0  libinit2.o(.ARM.Collect$$libinit$$0000001B)
    __rt_lib_init_clock_1                    0x000001b7   Thumb Code     0  libinit2.o(.ARM.Collect$$libinit$$00000021)
    __rt_lib_init_cpp_1                      0x000001b7   Thumb Code     0  libinit2.o(.ARM.Collect$$libinit$$00000032)
    __rt_lib_init_exceptions_1               0x000001b7   Thumb Code     0  libinit2.o(.ARM.Collect$$libinit$$00000030)
    __rt_lib_init_fp_trap_1                  0x000001b7   Thumb Code     0  libinit2.o(.ARM.Collect$$libinit$$0000001F)
    __rt_lib_init_getenv_1                   0x000001b7   Thumb Code     0  libinit2.o(.ARM.Collect$$libinit$$00000023)
    __rt_lib_init_lc_collate_1               0x000001b7   Thumb Code     0  libinit2.o(.ARM.Collect$$libinit$$00000011)
    __rt_lib_init_lc_ctype_1                 0x000001b7   Thumb Code     0  libinit2.o(.ARM.Collect$$libinit$$00000013)
    __rt_lib_init_lc_monetary_1              0x000001b7   Thumb Code     0  libinit2.o(.ARM.Collect$$libinit$$00000015)
    __rt_lib_init_lc_numeric_1               0x000001b7   Thumb Code     0  libinit2.o(.ARM.Collect$$libinit$$00000017)
    __rt_lib_init_lc_time_1                  0x000001b7   Thumb Code     0  libinit2.o(.ARM.Collect$$libinit$$00000019)
    __rt_lib_init_rand_1                     0x000001b7   Thumb Code     0  libinit2.o(.ARM.Collect$$libinit$$0000000E)
    __rt_lib_init_return                     0x000001b7   Thumb Code     0  libinit2.o(.ARM.Collect$$libinit$$00000033)
    __rt_lib_init_signal_1                   0x000001b7   Thumb Code     0  libinit2.o(.ARM.Collect$$libinit$$0000001D)
    __rt_lib_init_stdio_1                    0x000001b7   Thumb Code     0  libinit2.o(.ARM.Collect$$libinit$$00000025)
    Inline ARM to Thumb Veneer to __rt_lib_shutdown 0x000001c4   ARM Code       8  libshutdown.o(.ARM.Collect$$libshutdown$$00000000)
    __rt_lib_shutdown                        0x000001cd   Thumb Code     0  libshutdown.o(.ARM.Collect$$libshutdown$$00000000)
    __rt_lib_shutdown_cpp_1                  0x000001d1   Thumb Code     0  libshutdown2.o(.ARM.Collect$$libshutdown$$00000002)
    __rt_lib_shutdown_fp_trap_1              0x000001d1   Thumb Code     0  libshutdown2.o(.ARM.Collect$$libshutdown$$00000007)
    __rt_lib_shutdown_heap_1                 0x000001d1   Thumb Code     0  libshutdown2.o(.ARM.Collect$$libshutdown$$0000000F)
    __rt_lib_shutdown_return                 0x000001d1   Thumb Code     0  libshutdown2.o(.ARM.Collect$$libshutdown$$00000010)
    __rt_lib_shutdown_signal_1               0x000001d1   Thumb Code     0  libshutdown2.o(.ARM.Collect$$libshutdown$$0000000A)
    __rt_lib_shutdown_stdio_1                0x000001d1   Thumb Code     0  libshutdown2.o(.ARM.Collect$$libshutdown$$00000004)
    __rt_lib_shutdown_user_alloc_1           0x000001d1   Thumb Code     0  libshutdown2.o(.ARM.Collect$$libshutdown$$0000000C)
    __rt_entry                               0x000001d8   ARM Code       0  __rtentry.o(.ARM.Collect$$rtentry$$00000000)
    __rt_entry_presh_1                       0x000001d8   ARM Code       0  __rtentry2.o(.ARM.Collect$$rtentry$$00000002)
    __rt_entry_sh                            0x000001d8   ARM Code       0  __rtentry4.o(.ARM.Collect$$rtentry$$00000004)
    __rt_entry_li                            0x000001e0   ARM Code       0  __rtentry2.o(.ARM.Collect$$rtentry$$0000000A)
    __rt_entry_postsh_1                      0x000001e0   ARM Code       0  __rtentry2.o(.ARM.Collect$$rtentry$$00000009)
    __rt_entry_main                          0x000001e4   ARM Code       0  __rtentry2.o(.ARM.Collect$$rtentry$$0000000D)
    __rt_entry_postli_1                      0x000001e4   ARM Code       0  __rtentry2.o(.ARM.Collect$$rtentry$$0000000C)
    Inline Thumb to ARM Veneer to __rt_exit  0x0000020d   Thumb Code     4  rtexit.o(.ARM.Collect$$rtexit$$00000000)
    __rt_exit                                0x00000210   ARM Code       0  rtexit.o(.ARM.Collect$$rtexit$$00000000)
    __rt_exit_ls                             0x00000214   ARM Code       0  rtexit2.o(.ARM.Collect$$rtexit$$00000003)
    __rt_exit_prels_1                        0x00000214   ARM Code       0  rtexit2.o(.ARM.Collect$$rtexit$$00000002)
    __rt_exit_exit                           0x00000218   ARM Code       0  rtexit2.o(.ARM.Collect$$rtexit$$00000004)
    Inline ARM to Thumb Veneer to rand       0x00000220   ARM Code       8  rand.o(.emb_text)
    rand                                     0x00000229   Thumb Code    52  rand.o(.emb_text)
    __user_initial_stackheap                 0x00000260   ARM Code       0  startup.o(.text)
    switch_to_PLL                            0x00000274   ARM Code       0  startup.o(.text)
    __aeabi_uldivmod                         0x000002c8   ARM Code       0  lludiv.o(.text)
    _ll_udiv                                 0x000002c8   ARM Code     720  lludiv.o(.text)
    _ll_udiv_donemoving                      0x000002dc   ARM Code       0  lludiv.o(.text)
    Inline ARM to Thumb Veneer to srand      0x00000598   ARM Code       8  rand.o(.text)
    srand                                    0x000005a1   Thumb Code    46  rand.o(.text)
    _rand_init                               0x000005cf   Thumb Code     4  rand.o(.text)
    __aeabi_idiv                             0x000005e0   ARM Code       0  aeabi_sdivfast.o(.text)
    __aeabi_idivmod                          0x000005e0   ARM Code     556  aeabi_sdivfast.o(.text)
    __use_two_region_memory                  0x0000080d   Thumb Code     2  heapauxi.o(.text)
    __rt_heap_escrow$2region                 0x0000080f   Thumb Code     2  heapauxi.o(.text)
    __rt_heap_expand$2region                 0x00000811   Thumb Code     2  heapauxi.o(.text)
    __user_setup_stackheap                   0x00000814   ARM Code      96  sys_stackheap_outer.o(.text)
    exit                                     0x00000875   Thumb Code    20  exit.o(.text)
    __user_libspace                          0x00000888   ARM Code      12  libspace.o(.text)
    __user_perproc_libspace                  0x00000888   ARM Code       0  libspace.o(.text)
    __user_perthread_libspace                0x00000888   ARM Code       0  libspace.o(.text)
    Inline ARM to Thumb Veneer to _sys_exit  0x00000894   ARM Code       8  sys_exit.o(.text)
    _sys_exit                                0x0000089d   Thumb Code     8  sys_exit.o(.text)
    __I$use$semihosting                      0x000008a8   ARM Code       0  use_no_semi.o(.text)
    __use_no_semihosting_swi                 0x000008a8   ARM Code       4  use_no_semi.o(.text)
    __aeabi_uidiv                            0x000008ac   ARM Code       0  aeabi_sdivfast.o(.text_udiv)
    __aeabi_uidivmod                         0x000008ac   ARM Code      48  aeabi_sdivfast.o(.text_udiv)
    __semihosting_library_function           0x000008ac   ARM Code       0  indicate_semi.o(.text)
    T0_ISR                                   0x000009b4   ARM Code      56  hal_tiempo_lpc.o(i.T0_ISR)
    T1_ISR                                   0x000009f0   ARM Code      52  hal_tiempo_lpc.o(i.T1_ISR)
    beat_hero_actualizar                     0x00000a28   ARM Code    1376  beat_hero.o(i.beat_hero_actualizar)
    beat_hero_iniciar                        0x00000f9c   ARM Code     120  beat_hero.o(i.beat_hero_iniciar)
    deshabilitar_irq                         0x0000101c   ARM Code      16  hal_sc.o(i.deshabilitar_irq)
    drv_SC_entrar_disable_irq                0x0000102c   ARM Code      32  drv_sc.o(i.drv_SC_entrar_disable_irq)
    drv_SC_salir_enable_irq                  0x00001050   ARM Code      24  drv_sc.o(i.drv_SC_salir_enable_irq)
    drv_WDT_alimentar                        0x0000106c   ARM Code       4  drv_wdt.o(i.drv_WDT_alimentar)
    drv_WDT_iniciar                          0x00001070   ARM Code       4  drv_wdt.o(i.drv_WDT_iniciar)
    drv_aleatorios_iniciar                   0x00001074   ARM Code       4  drv_aleatorios.o(i.drv_aleatorios_iniciar)
    drv_aleatorios_rango                     0x00001078   ARM Code      40  drv_aleatorios.o(i.drv_aleatorios_rango)
    drv_botones_actualizar                   0x000010a0   ARM Code     360  drv_botones.o(i.drv_botones_actualizar)
    drv_botones_iniciar                      0x00001210   ARM Code     128  drv_botones.o(i.drv_botones_iniciar)
    drv_consumo_dormir                       0x000012c8   ARM Code      48  drv_consumo.o(i.drv_consumo_dormir)
    drv_consumo_esperar                      0x000012fc   ARM Code      48  drv_consumo.o(i.drv_consumo_esperar)
    drv_consumo_iniciar                      0x00001330   ARM Code      40  drv_consumo.o(i.drv_consumo_iniciar)
    drv_funcion_callback_app                 0x0000135c   ARM Code      28  drv_tiempo.o(i.drv_funcion_callback_app)
    drv_led_establecer                       0x0000137c   ARM Code      68  drv_leds.o(i.drv_led_establecer)
    drv_leds_iniciar                         0x000013c4   ARM Code      68  drv_leds.o(i.drv_leds_iniciar)
    drv_monitor_desmarcar                    0x0000140c   ARM Code      36  drv_monitor.o(i.drv_monitor_desmarcar)
    drv_monitor_iniciar                      0x00001434   ARM Code      68  drv_monitor.o(i.drv_monitor_iniciar)
    drv_monitor_marcar                       0x0000147c   ARM Code      36  drv_monitor.o(i.drv_monitor_marcar)
    drv_sonido_iniciar                       0x000014a4   ARM Code       4  drv_sonido.o(i.drv_sonido_iniciar)
    drv_tiempo_actual_us                     0x000014a8   ARM Code      76  drv_tiempo.o(i.drv_tiempo_actual_us)
    drv_tiempo_iniciar                       0x000014fc   ARM Code      32  drv_tiempo.o(i.drv_tiempo_iniciar)
    drv_tiempo_periodico_ms                  0x00001524   ARM Code     104  drv_tiempo.o(i.drv_tiempo_periodico_ms)
    habilitar_irq                            0x00001648   ARM Code      16  hal_sc.o(i.habilitar_irq)
    hal_WDT_feed                             0x00001658   ARM Code      24  hal_wdt_lpc.o(i.hal_WDT_feed)
    hal_WDT_iniciar                          0x00001670   ARM Code      44  hal_wdt_lpc.o(i.hal_WDT_iniciar)
    hal_aleatorios_iniciar                   0x000016a0   ARM Code       4  hal_aleatorios_lpc.o(i.hal_aleatorios_iniciar)
    hal_aleatorios_obtener_32bits            0x000016a4   ARM Code      56  hal_aleatorios_lpc.o(i.hal_aleatorios_obtener_32bits)
    hal_consumo_dormir                       0x000016dc   ARM Code      32  hal_consumo_lpc.o(i.hal_consumo_dormir)
    hal_consumo_esperar                      0x000016fc   ARM Code      32  hal_consumo_lpc.o(i.hal_consumo_esperar)
    hal_consumo_iniciar                      0x0000171c   ARM Code      20  hal_consumo_lpc.o(i.hal_consumo_iniciar)
    hal_ext_int_deshabilitar                 0x00001730   ARM Code     148  hal_ext_int_lpc.o(i.hal_ext_int_deshabilitar)
    hal_ext_int_habilitar                    0x000017c8   ARM Code     160  hal_ext_int_lpc.o(i.hal_ext_int_habilitar)
    hal_ext_int_iniciar                      0x0000186c   ARM Code     272  hal_ext_int_lpc.o(i.hal_ext_int_iniciar)
    hal_ext_int_limpiar_pendiente            0x00001990   ARM Code      76  hal_ext_int_lpc.o(i.hal_ext_int_limpiar_pendiente)
    hal_gpio_escribir                        0x000019e0   ARM Code      32  hal_gpio_lpc.o(i.hal_gpio_escribir)
    hal_gpio_iniciar                         0x00001a00   ARM Code      20  hal_gpio_lpc.o(i.hal_gpio_iniciar)
    hal_gpio_leer                            0x00001a14   ARM Code      32  hal_gpio_lpc.o(i.hal_gpio_leer)
    hal_gpio_sentido                         0x00001a34   ARM Code      56  hal_gpio_lpc.o(i.hal_gpio_sentido)
    hal_sonido_iniciar                       0x00001a6c   ARM Code       4  hal_sonido_lpc.o(i.hal_sonido_iniciar)
    hal_tiempo_actual_tick64                 0x00001a70   ARM Code      40  hal_tiempo_lpc.o(i.hal_tiempo_actual_tick64)
    hal_tiempo_iniciar_tick                  0x00001a9c   ARM Code     140  hal_tiempo_lpc.o(i.hal_tiempo_iniciar_tick)
    hal_tiempo_reloj_periodico_tick          0x00001b34   ARM Code     140  hal_tiempo_lpc.o(i.hal_tiempo_reloj_periodico_tick)
    main                                     0x00001bc8   ARM Code     100  main.o(i.main)
    rt_FIFO_encolar                          0x00001cec   ARM Code     216  rt_fifo.o(i.rt_FIFO_encolar)
    rt_FIFO_extraer                          0x00001dd0   ARM Code     172  rt_fifo.o(i.rt_FIFO_extraer)
    rt_FIFO_inicializar                      0x00001e84   ARM Code      48  rt_fifo.o(i.rt_FIFO_inicializar)
    rt_GE_actualizar                         0x00001ebc   ARM Code      68  rt_ge.o(i.rt_GE_actualizar)
    rt_GE_iniciar                            0x00001f00   ARM Code     164  rt_ge.o(i.rt_GE_iniciar)
    rt_GE_lanzador                           0x00001fb0   ARM Code     344  rt_ge.o(i.rt_GE_lanzador)
    rt_GE_suscribir                          0x00002114   ARM Code     140  rt_ge.o(i.rt_GE_suscribir)
    svc_alarma_activar                       0x000021ac   ARM Code     792  svc_alarmas.o(i.svc_alarma_activar)
    svc_alarma_actualizar                    0x000024cc   ARM Code     176  svc_alarmas.o(i.svc_alarma_actualizar)
    svc_alarma_codificar                     0x00002584   ARM Code      28  svc_alarmas.o(i.svc_alarma_codificar)
    svc_alarma_iniciar                       0x000025a0   ARM Code      92  svc_alarmas.o(i.svc_alarma_iniciar)
    __aeabi_f2uiz                            0x00002608   ARM Code       0  ffixu.o(x$fpl$ffixu)
    _ffixu                                   0x00002608   ARM Code      84  ffixu.o(x$fpl$ffixu)
    __aeabi_i2f                              0x0000265c   ARM Code       0  fflt_noclz.o(x$fpl$fflt)
    _fflt                                    0x0000265c   ARM Code      92  fflt_noclz.o(x$fpl$fflt)
    __fflt_normalise                         0x00002668   ARM Code       0  fflt_noclz.o(x$fpl$fflt)
    __aeabi_ui2f                             0x000026b8   ARM Code       0  fflt_noclz.o(x$fpl$ffltu)
    _ffltu                                   0x000026b8   ARM Code       8  fflt_noclz.o(x$fpl$ffltu)
    __aeabi_fmul                             0x000026c0   ARM Code       0  fmul.o(x$fpl$fmul)
    _fmul                                    0x000026c0   ARM Code     256  fmul.o(x$fpl$fmul)
    __fpl_fnaninf                            0x000027c0   ARM Code     168  fnaninf.o(x$fpl$fnaninf)
    __fpl_fretinf                            0x00002868   ARM Code      16  fretinf.o(x$fpl$fretinf)
    __I$use$fp                               0x00002878   Number         0  usenofp.o(x$fpl$usenofp)
    Region$$Table$$Base                      0x000028a8   Number         0  anon$$obj.o(Region$$Table)
    Region$$Table$$Limit                     0x000028c8   Number         0  anon$$obj.o(Region$$Table)
    dbg_fifo_uso_actual                      0x40000018   Data           4  rt_fifo.o(.data)
    dbg_fifo_uso_max                         0x4000001c   Data           4  rt_fifo.o(.data)
    dbg_fifo_total_encolados                 0x40000020   Data           4  rt_fifo.o(.data)
    dbg_ge_latencia_min                      0x40000030   Data           4  rt_ge.o(.data)
    dbg_ge_latencia_max                      0x40000034   Data           4  rt_ge.o(.data)
    dbg_alarmas_activas                      0x40000040   Data           4  svc_alarmas.o(.data)
    dbg_alarmas_max_uso                      0x40000044   Data           4  svc_alarmas.o(.data)
    dbg_fifo_stats                           0x400002a0   Data          40  rt_fifo.o(.bss)
    dbg_ge_hist                              0x400002c8   Data          20  rt_ge.o(.bss)
    juego_stats                              0x400004a8   Data          64  beat_hero.o(.bss)
    _random_number_data                      0x400004f4   Data         228  rand.o(.bss)
    __libspace_start                         0x400005d8   Data          96  libspace.o(.bss)
    __temporary_stack_top$libspace           0x40000638   Data           0  libspace.o(.bss)



==============================================================================

Memory Map of the image

  Image Entry point : 0x00000110

  Load Region LR_IROM1 (Base: 0x00000000, Size: 0x00002948, Max: 0x00020000, ABSOLUTE)

    Execution Region ER_IROM1 (Exec base: 0x00000000, Load base: 0x00000000, Size: 0x000028c8, Max: 0x00020000, ABSOLUTE)

    Exec Addr    Load Addr    Size         Type   Attr      Idx    E Section Name        Object

    0x00000000   0x00000000   0x00000110   Code   RO          877    RESET               startup.o
    0x00000110   0x00000110   0x00000008   Code   RO          911  * !!!main             c_t.l(__main.o)
    0x00000118   0x00000118   0x0000003c   Code   RO         1113    !!!scatter          c_t.l(__scatter.o)
    0x00000154   0x00000154   0x00000028   Code   RO         1115    !!handler_copy      c_t.l(__scatter_copy.o)
    0x0000017c   0x0000017c   0x0000002c   Code   RO         1117    !!handler_zi        c_t.l(__scatter_zi.o)
    0x000001a8   0x000001a8   0x00000008   Ven    RO         1034    .ARM.Collect$$libinit$$00000000  c_t.l(libinit.o)
    0x000001b0   0x000001b0   0x00000002   Code   RO         1034    .ARM.Collect$$libinit$$00000000  c_t.l(libinit.o)
    0x000001b2   0x000001b2   0x00000000   Code   RO          943    .ARM.Collect$$libinit$$00000002  c_t.l(libinit2.o)
    0x000001b2   0x000001b2   0x00000000   Code   RO          945    .ARM.Collect$$libinit$$00000004  c_t.l(libinit2.o)
    0x000001b2   0x000001b2   0x00000000   Code   RO          948    .ARM.Collect$$libinit$$0000000A  c_t.l(libinit2.o)
    0x000001b2   0x000001b2   0x00000000   Code   RO          950    .ARM.Collect$$libinit$$0000000C  c_t.l(libinit2.o)
    0x000001b2   0x000001b2   0x00000004   Code   RO          951    .ARM.Collect$$libinit$$0000000D  c_t.l(libinit2.o)
    0x000001b6   0x000001b6   0x00000000   Code   RO          952    .ARM.Collect$$libinit$$0000000E  c_t.l(libinit2.o)
    0x000001b6   0x000001b6   0x00000000   Code   RO          955    .ARM.Collect$$libinit$$00000011  c_t.l(libinit2.o)
    0x000001b6   0x000001b6   0x00000000   Code   RO          957    .ARM.Collect$$libinit$$00000013  c_t.l(libinit2.o)
    0x000001b6   0x000001b6   0x00000000   Code   RO          959    .ARM.Collect$$libinit$$00000015  c_t.l(libinit2.o)
    0x000001b6   0x000001b6   0x00000000   Code   RO          961    .ARM.Collect$$libinit$$00000017  c_t.l(libinit2.o)
    0x000001b6   0x000001b6   0x00000000   Code   RO          963    .ARM.Collect$$libinit$$00000019  c_t.l(libinit2.o)
    0x000001b6   0x000001b6   0x00000000   Code   RO          965    .ARM.Collect$$libinit$$0000001B  c_t.l(libinit2.o)
    0x000001b6   0x000001b6   0x00000000   Code   RO          967    .ARM.Collect$$libinit$$0000001D  c_t.l(libinit2.o)
    0x000001b6   0x000001b6   0x00000000   Code   RO          969    .ARM.Collect$$libinit$$0000001F  c_t.l(libinit2.o)
    0x000001b6   0x000001b6   0x00000000   Code   RO          971    .ARM.Collect$$libinit$$00000021  c_t.l(libinit2.o)
    0x000001b6   0x000001b6   0x00000000   Code   RO          973    .ARM.Collect$$libinit$$00000023  c_t.l(libinit2.o)
    0x000001b6   0x000001b6   0x00000000   Code   RO          975    .ARM.Collect$$libinit$$00000025  c_t.l(libinit2.o)
    0x000001b6   0x000001b6   0x00000000   Code   RO          979    .ARM.Collect$$libinit$$0000002C  c_t.l(libinit2.o)
    0x000001b6   0x000001b6   0x00000000   Code   RO          981    .ARM.Collect$$libinit$$0000002E  c_t.l(libinit2.o)
    0x000001b6   0x000001b6   0x00000000   Code   RO          983    .ARM.Collect$$libinit$$00000030  c_t.l(libinit2.o)
    0x000001b6   0x000001b6   0x00000000   Code   RO          985    .ARM.Collect$$libinit$$00000032  c_t.l(libinit2.o)
    0x000001b6   0x000001b6   0x0000000c   Code   RO          986    .ARM.Collect$$libinit$$00000033  c_t.l(libinit2.o)
    0x000001c2   0x000001c2   0x00000002   PAD
    0x000001c4   0x000001c4   0x00000008   Ven    RO         1080    .ARM.Collect$$libshutdown$$00000000  c_t.l(libshutdown.o)
    0x000001cc   0x000001cc   0x00000004   Code   RO         1080    .ARM.Collect$$libshutdown$$00000000  c_t.l(libshutdown.o)
    0x000001d0   0x000001d0   0x00000000   Code   RO         1096    .ARM.Collect$$libshutdown$$00000002  c_t.l(libshutdown2.o)
    0x000001d0   0x000001d0   0x00000000   Code   RO         1098    .ARM.Collect$$libshutdown$$00000004  c_t.l(libshutdown2.o)
    0x000001d0   0x000001d0   0x00000000   Code   RO         1101    .ARM.Collect$$libshutdown$$00000007  c_t.l(libshutdown2.o)
    0x000001d0   0x000001d0   0x00000000   Code   RO         1104    .ARM.Collect$$libshutdown$$0000000A  c_t.l(libshutdown2.o)
    0x000001d0   0x000001d0   0x00000000   Code   RO         1106    .ARM.Collect$$libshutdown$$0000000C  c_t.l(libshutdown2.o)
    0x000001d0   0x000001d0   0x00000000   Code   RO         1109    .ARM.Collect$$libshutdown$$0000000F  c_t.l(libshutdown2.o)
    0x000001d0   0x000001d0   0x00000006   Code   RO         1110    .ARM.Collect$$libshutdown$$00000010  c_t.l(libshutdown2.o)
    0x000001d6   0x000001d6   0x00000002   PAD
    0x000001d8   0x000001d8   0x00000000   Code   RO          933    .ARM.Collect$$rtentry$$00000000  c_t.l(__rtentry.o)
    0x000001d8   0x000001d8   0x00000000   Code   RO          997    .ARM.Collect$$rtentry$$00000002  c_t.l(__rtentry2.o)
    0x000001d8   0x000001d8   0x00000008   Code   RO         1009    .ARM.Collect$$rtentry$$00000004  c_t.l(__rtentry4.o)
    0x000001e0   0x000001e0   0x00000000   Code   RO          999    .ARM.Collect$$rtentry$$00000009  c_t.l(__rtentry2.o)
    0x000001e0   0x000001e0   0x00000004   Code   RO         1000    .ARM.Collect$$rtentry$$0000000A  c_t.l(__rtentry2.o)
    0x000001e4   0x000001e4   0x00000000   Code   RO         1002    .ARM.Collect$$rtentry$$0000000C  c_t.l(__rtentry2.o)
    0x000001e4   0x000001e4   0x00000028   Code   RO         1003    .ARM.Collect$$rtentry$$0000000D  c_t.l(__rtentry2.o)
    0x0000020c   0x0000020c   0x00000004   Ven    RO         1040    .ARM.Collect$$rtexit$$00000000  c_t.l(rtexit.o)
    0x00000210   0x00000210   0x00000004   Code   RO         1040    .ARM.Collect$$rtexit$$00000000  c_t.l(rtexit.o)
    0x00000214   0x00000214   0x00000000   Code   RO         1060    .ARM.Collect$$rtexit$$00000002  c_t.l(rtexit2.o)
    0x00000214   0x00000214   0x00000004   Code   RO         1061    .ARM.Collect$$rtexit$$00000003  c_t.l(rtexit2.o)
    0x00000218   0x00000218   0x00000008   Code   RO         1062    .ARM.Collect$$rtexit$$00000004  c_t.l(rtexit2.o)
    0x00000220   0x00000220   0x00000008   Ven    RO          888    .emb_text           c_t.l(rand.o)
    0x00000228   0x00000228   0x00000038   Code   RO          888    .emb_text           c_t.l(rand.o)
    0x00000260   0x00000260   0x00000068   Code   RO          878    .text               startup.o
    0x000002c8   0x000002c8   0x000002d0   Code   RO          886    .text               c_t.l(lludiv.o)
    0x00000598   0x00000598   0x00000008   Ven    RO          889    .text               c_t.l(rand.o)
    0x000005a0   0x000005a0   0x00000040   Code   RO          889    .text               c_t.l(rand.o)
    0x000005e0   0x000005e0   0x0000022c   Code   RO          893    .text               c_t.l(aeabi_sdivfast.o)
    0x0000080c   0x0000080c   0x00000006   Code   RO          909    .text               c_t.l(heapauxi.o)
    0x00000812   0x00000812   0x00000002   PAD
    0x00000814   0x00000814   0x00000060   Code   RO         1017    .text               c_t.l(sys_stackheap_outer.o)
    0x00000874   0x00000874   0x00000014   Code   RO         1019    .text               c_t.l(exit.o)
    0x00000888   0x00000888   0x0000000c   Code   RO         1037    .text               c_t.l(libspace.o)
    0x00000894   0x00000894   0x00000008   Ven    RO         1054    .text               c_t.l(sys_exit.o)
    0x0000089c   0x0000089c   0x0000000c   Code   RO         1054    .text               c_t.l(sys_exit.o)
    0x000008a8   0x000008a8   0x00000004   Code   RO         1056    .text               c_t.l(use_no_semi.o)
    0x000008ac   0x000008ac   0x00000000   Code   RO         1058    .text               c_t.l(indicate_semi.o)
    0x000008ac   0x000008ac   0x00000030   Code   RO          894    .text_udiv          c_t.l(aeabi_sdivfast.o)
    0x000008dc   0x000008dc   0x00000048   Code   RO          749    i.EINT0_IRQHandler  hal_ext_int_lpc.o
    0x00000924   0x00000924   0x00000048   Code   RO          750    i.EINT1_IRQHandler  hal_ext_int_lpc.o
    0x0000096c   0x0000096c   0x00000048   Code   RO          751    i.EINT2_IRQHandler  hal_ext_int_lpc.o
    0x000009b4   0x000009b4   0x0000003c   Code   RO          661    i.T0_ISR            hal_tiempo_lpc.o
    0x000009f0   0x000009f0   0x00000038   Code   RO          662    i.T1_ISR            hal_tiempo_lpc.o
    0x00000a28   0x00000a28   0x00000574   Code   RO          457    i.beat_hero_actualizar  beat_hero.o
    0x00000f9c   0x00000f9c   0x00000080   Code   RO          458    i.beat_hero_iniciar  beat_hero.o
    0x0000101c   0x0000101c   0x00000010   Code   RO          536    i.deshabilitar_irq  hal_sc.o
    0x0000102c   0x0000102c   0x00000024   Code   RO          513    i.drv_SC_entrar_disable_irq  drv_sc.o
    0x00001050   0x00001050   0x0000001c   Code   RO          514    i.drv_SC_salir_enable_irq  drv_sc.o
    0x0000106c   0x0000106c   0x00000004   Code   RO          409    i.drv_WDT_alimentar  drv_wdt.o
    0x00001070   0x00001070   0x00000004   Code   RO          410    i.drv_WDT_iniciar   drv_wdt.o
    0x00001074   0x00001074   0x00000004   Code   RO          430    i.drv_aleatorios_iniciar  drv_aleatorios.o
    0x00001078   0x00001078   0x00000028   Code   RO          432    i.drv_aleatorios_rango  drv_aleatorios.o
    0x000010a0   0x000010a0   0x00000170   Code   RO          268    i.drv_botones_actualizar  drv_botones.o
    0x00001210   0x00001210   0x00000090   Code   RO          269    i.drv_botones_iniciar  drv_botones.o
    0x000012a0   0x000012a0   0x00000028   Code   RO          270    i.drv_cb            drv_botones.o
    0x000012c8   0x000012c8   0x00000034   Code   RO          164    i.drv_consumo_dormir  drv_consumo.o
    0x000012fc   0x000012fc   0x00000034   Code   RO          165    i.drv_consumo_esperar  drv_consumo.o
    0x00001330   0x00001330   0x0000002c   Code   RO          166    i.drv_consumo_iniciar  drv_consumo.o
    0x0000135c   0x0000135c   0x00000020   Code   RO          109    i.drv_funcion_callback_app  drv_tiempo.o
    0x0000137c   0x0000137c   0x00000048   Code   RO           79    i.drv_led_establecer  drv_leds.o
    0x000013c4   0x000013c4   0x00000048   Code   RO           81    i.drv_leds_iniciar  drv_leds.o
    0x0000140c   0x0000140c   0x00000028   Code   RO          193    i.drv_monitor_desmarcar  drv_monitor.o
    0x00001434   0x00001434   0x00000048   Code   RO          196    i.drv_monitor_iniciar  drv_monitor.o
    0x0000147c   0x0000147c   0x00000028   Code   RO          197    i.drv_monitor_marcar  drv_monitor.o
    0x000014a4   0x000014a4   0x00000004   Code   RO          492    i.drv_sonido_iniciar  drv_sonido.o
    0x000014a8   0x000014a8   0x00000054   Code   RO          111    i.drv_tiempo_actual_us  drv_tiempo.o
    0x000014fc   0x000014fc   0x00000028   Code   RO          114    i.drv_tiempo_iniciar  drv_tiempo.o
    0x00001524   0x00001524   0x00000074   Code   RO          115    i.drv_tiempo_periodico_ms  drv_tiempo.o
    0x00001598   0x00001598   0x000000b0   Code   RO          459    i.finalizar_partida  beat_hero.o
    0x00001648   0x00001648   0x00000010   Code   RO          537    i.habilitar_irq     hal_sc.o
    0x00001658   0x00001658   0x00000018   Code   RO          803    i.hal_WDT_feed      hal_wdt_lpc.o
    0x00001670   0x00001670   0x00000030   Code   RO          804    i.hal_WDT_iniciar   hal_wdt_lpc.o
    0x000016a0   0x000016a0   0x00000004   Code   RO          827    i.hal_aleatorios_iniciar  hal_aleatorios_lpc.o
    0x000016a4   0x000016a4   0x00000038   Code   RO          828    i.hal_aleatorios_obtener_32bits  hal_aleatorios_lpc.o
    0x000016dc   0x000016dc   0x00000020   Code   RO          719    i.hal_consumo_dormir  hal_consumo_lpc.o
    0x000016fc   0x000016fc   0x00000020   Code   RO          720    i.hal_consumo_esperar  hal_consumo_lpc.o
    0x0000171c   0x0000171c   0x00000014   Code   RO          721    i.hal_consumo_iniciar  hal_consumo_lpc.o
    0x00001730   0x00001730   0x00000098   Code   RO          752    i.hal_ext_int_deshabilitar  hal_ext_int_lpc.o
    0x000017c8   0x000017c8   0x000000a4   Code   RO          753    i.hal_ext_int_habilitar  hal_ext_int_lpc.o
    0x0000186c   0x0000186c   0x00000124   Code   RO          754    i.hal_ext_int_iniciar  hal_ext_int_lpc.o
    0x00001990   0x00001990   0x00000050   Code   RO          755    i.hal_ext_int_limpiar_pendiente  hal_ext_int_lpc.o
    0x000019e0   0x000019e0   0x00000020   Code   RO          628    i.hal_gpio_escribir  hal_gpio_lpc.o
    0x00001a00   0x00001a00   0x00000014   Code   RO          629    i.hal_gpio_iniciar  hal_gpio_lpc.o
    0x00001a14   0x00001a14   0x00000020   Code   RO          630    i.hal_gpio_leer     hal_gpio_lpc.o
    0x00001a34   0x00001a34   0x00000038   Code   RO          631    i.hal_gpio_sentido  hal_gpio_lpc.o
    0x00001a6c   0x00001a6c   0x00000004   Code   RO          854    i.hal_sonido_iniciar  hal_sonido_lpc.o
    0x00001a70   0x00001a70   0x0000002c   Code   RO          663    i.hal_tiempo_actual_tick64  hal_tiempo_lpc.o
    0x00001a9c   0x00001a9c   0x00000098   Code   RO          664    i.hal_tiempo_iniciar_tick  hal_tiempo_lpc.o
    0x00001b34   0x00001b34   0x00000094   Code   RO          668    i.hal_tiempo_reloj_periodico_tick  hal_tiempo_lpc.o
    0x00001bc8   0x00001bc8   0x00000068   Code   RO            1    i.main              main.o
    0x00001c30   0x00001c30   0x000000bc   Code   RO          460    i.reiniciar_variables_juego  beat_hero.o
    0x00001cec   0x00001cec   0x000000e4   Code   RO          231    i.rt_FIFO_encolar   rt_fifo.o
    0x00001dd0   0x00001dd0   0x000000b4   Code   RO          233    i.rt_FIFO_extraer   rt_fifo.o
    0x00001e84   0x00001e84   0x00000038   Code   RO          234    i.rt_FIFO_inicializar  rt_fifo.o
    0x00001ebc   0x00001ebc   0x00000044   Code   RO          297    i.rt_GE_actualizar  rt_ge.o
    0x00001f00   0x00001f00   0x000000b0   Code   RO          299    i.rt_GE_iniciar     rt_ge.o
    0x00001fb0   0x00001fb0   0x00000164   Code   RO          300    i.rt_GE_lanzador    rt_ge.o
    0x00002114   0x00002114   0x00000098   Code   RO          301    i.rt_GE_suscribir   rt_ge.o
    0x000021ac   0x000021ac   0x00000320   Code   RO          349    i.svc_alarma_activar  svc_alarmas.o
    0x000024cc   0x000024cc   0x000000b8   Code   RO          350    i.svc_alarma_actualizar  svc_alarmas.o
    0x00002584   0x00002584   0x0000001c   Code   RO          351    i.svc_alarma_codificar  svc_alarmas.o
    0x000025a0   0x000025a0   0x00000068   Code   RO          352    i.svc_alarma_iniciar  svc_alarmas.o
    0x00002608   0x00002608   0x00000054   Code   RO          923    x$fpl$ffixu         fz_ts.l(ffixu.o)
    0x0000265c   0x0000265c   0x0000005c   Code   RO          928    x$fpl$fflt          fz_ts.l(fflt_noclz.o)
    0x000026b8   0x000026b8   0x00000008   Code   RO          927    x$fpl$ffltu         fz_ts.l(fflt_noclz.o)
    0x000026c0   0x000026c0   0x00000100   Code   RO          931    x$fpl$fmul          fz_ts.l(fmul.o)
    0x000027c0   0x000027c0   0x000000a8   Code   RO          991    x$fpl$fnaninf       fz_ts.l(fnaninf.o)
    0x00002868   0x00002868   0x00000010   Code   RO          993    x$fpl$fretinf       fz_ts.l(fretinf.o)
    0x00002878   0x00002878   0x00000000   Code   RO          995    x$fpl$usenofp       fz_ts.l(usenofp.o)
    0x00002878   0x00002878   0x00000010   Data   RO           82    .constdata          drv_leds.o
    0x00002888   0x00002888   0x00000010   Data   RO          198    .constdata          drv_monitor.o
    0x00002898   0x00002898   0x0000000c   Data   RO          271    .constdata          drv_botones.o
    0x000028a4   0x000028a4   0x00000003   Data   RO          756    .constdata          hal_ext_int_lpc.o
    0x000028a7   0x000028a7   0x00000001   PAD
    0x000028a8   0x000028a8   0x00000020   Data   RO         1111    Region$$Table       anon$$obj.o


    Execution Region RW_IRAM1 (Exec base: 0x40000000, Load base: 0x000028c8, Size: 0x00000eb8, Max: 0x00008000, ABSOLUTE)

    Exec Addr    Load Addr    Size         Type   Attr      Idx    E Section Name        Object

    0x40000000   0x000028c8   0x0000000c   Data   RW          117    .data               drv_tiempo.o
    0x4000000c   0x000028d4   0x00000008   Data   RW          167    .data               drv_consumo.o
    0x40000014   0x000028dc   0x00000010   Data   RW          236    .data               rt_fifo.o
    0x40000024   0x000028ec   0x0000000c   Data   RW          272    .data               drv_botones.o
    0x40000030   0x000028f8   0x0000000c   Data   RW          303    .data               rt_ge.o
    0x4000003c   0x00002904   0x00000014   Data   RW          354    .data               svc_alarmas.o
    0x40000050   0x00002918   0x00000020   Data   RW          462    .data               beat_hero.o
    0x40000070   0x00002938   0x00000004   Data   RW          515    .data               drv_sc.o
    0x40000074   0x0000293c   0x00000008   Data   RW          670    .data               hal_tiempo_lpc.o
    0x4000007c   0x00002944   0x00000004   Data   RW          757    .data               hal_ext_int_lpc.o
    0x40000080        -       0x0000000c   Zero   RW          116    .bss                drv_tiempo.o
    0x4000008c   0x00002948   0x00000004   PAD
    0x40000090        -       0x00000238   Zero   RW          235    .bss                rt_fifo.o
    0x400002c8        -       0x0000013d   Zero   RW          302    .bss                rt_ge.o
    0x40000405   0x00002948   0x00000003   PAD
    0x40000408        -       0x000000a0   Zero   RW          353    .bss                svc_alarmas.o
    0x400004a8        -       0x00000040   Zero   RW          461    .bss                beat_hero.o
    0x400004e8        -       0x0000000c   Zero   RW          669    .bss                hal_tiempo_lpc.o
    0x400004f4        -       0x000000e4   Zero   RW          890    .bss                c_t.l(rand.o)
    0x400005d8        -       0x00000060   Zero   RW         1038    .bss                c_t.l(libspace.o)
    0x40000638        -       0x00000000   Zero   RW          876    HEAP                startup.o
    0x40000638        -       0x00000880   Zero   RW          875    STACK               startup.o


==============================================================================

Image component sizes


      Code (inc. data)   RO Data    RW Data    ZI Data      Debug   Object Name

      1888         44          0         32         64       6773   beat_hero.o
        44          0          0          0          0       1916   drv_aleatorios.o
       552         28         12         12          0       4443   drv_botones.o
       148         12          0          8          0       2121   drv_consumo.o
       144          8         16          0          0       2499   drv_leds.o
       152         12         16          0          0       3040   drv_monitor.o
        64          8          0          4          0       1346   drv_sc.o
         4          0          0          0          0        497   drv_sonido.o
       272         32          0         12         12       4360   drv_tiempo.o
         8          0          0          0          0       1006   drv_wdt.o
        60          0          0          0          0       1245   hal_aleatorios_lpc.o
        84          0          0          0          0       1545   hal_consumo_lpc.o
       904         44          3          4          0       6361   hal_ext_int_lpc.o
       140          0          0          0          0       2834   hal_gpio_lpc.o
        32          0          0          0          0        991   hal_sc.o
         4          0          0          0          0        505   hal_sonido_lpc.o
       460         32          0          8         12       5126   hal_tiempo_lpc.o
        72          4          0          0          0       1677   hal_wdt_lpc.o
       104          4          0          0          0       7679   main.o
       464         28          0         16        568       3749   rt_fifo.o
       752         36          0         12        317       6444   rt_ge.o
       376         64          0          0       2176        772   startup.o
      1116         28          0         20        160       5415   svc_alarmas.o

    ----------------------------------------------------------------------
      7844        384         80        128       3316      72344   Object Totals
         0          0         32          0          0          0   (incl. Generated)
         0          0          1          0          7          0   (incl. Padding)

    ----------------------------------------------------------------------

      Code (inc. data)   RO Data    RW Data    ZI Data      Debug   Library Member Name

         8          0          0          0          0         68   __main.o
         0          0          0          0          0          0   __rtentry.o
        44          4          0          0          0          0   __rtentry2.o
         8          0          0          0          0          0   __rtentry4.o
        60          8          0          0          0          0   __scatter.o
        40          0          0          0          0          0   __scatter_copy.o
        44          0          0          0          0          0   __scatter_zi.o
       604          0          0          0          0        148   aeabi_sdivfast.o
        20          0          0          0          0         80   exit.o
         6          0          0          0          0        136   heapauxi.o
         0          0          0          0          0          0   indicate_semi.o
        10          0          0          0          0          0   libinit.o
        16          0          0          0          0          0   libinit2.o
        12          0          0          0          0          0   libshutdown.o
         6          0          0          0          0          0   libshutdown2.o
        12          4          0          0         96         68   libspace.o
       720         64          0          0          0        156   lludiv.o
       136         18          0          0        228        156   rand.o
         8          0          0          0          0          0   rtexit.o
        12          0          0          0          0          0   rtexit2.o
        20          4          0          0          0         60   sys_exit.o
        96          0          0          0          0         80   sys_stackheap_outer.o
         4          0          0          0          0         68   use_no_semi.o
        84          4          0          0          0         84   ffixu.o
       100          0          0          0          0        136   fflt_noclz.o
       256          4          0          0          0         84   fmul.o
       168          0          0          0          0         96   fnaninf.o
        16          0          0          0          0         68   fretinf.o
         0          0          0          0          0          0   usenofp.o

    ----------------------------------------------------------------------
      2516        110          0          0        324       1488   Library Totals
         6          0          0          0          0          0   (incl. Padding)

    ----------------------------------------------------------------------

      Code (inc. data)   RO Data    RW Data    ZI Data      Debug   Library Name

      1886        102          0          0        324       1020   c_t.l
       624          8          0          0          0        468   fz_ts.l

    ----------------------------------------------------------------------
      2516        110          0          0        324       1488   Library Totals

    ----------------------------------------------------------------------

==============================================================================


      Code (inc. data)   RO Data    RW Data    ZI Data      Debug   

     10360        494         80        128       3640      70212   Grand Totals
     10360        494         80        128       3640      70212   ELF Image Totals
     10360        494         80        128          0          0   ROM Totals

==============================================================================

    Total RO  Size (Code + RO Data)                10440 (  10.20kB)
    Total RW  Size (RW Data + ZI Data)              3768 (   3.68kB)
    Total ROM Size (Code + RO Data + RW Data)      10568 (  10.32kB)

==============================================================================

