<html>
<body>
<pre>
<h1>µVision Build Log</h1>
<h2>Tool Versions:</h2>
IDE-Version: µVision V5.26.2.0
Copyright (C) 2018 ARM Ltd and ARM Germany GmbH. All rights reserved.
License Information: Daniel dblasco, HP Inc., LIC=----
 
Tool Versions:
Toolchain:       MDK-Lite  Version: 5.26.2.0
Toolchain Path:  C:\Keil_v5\ARM\ARMCC\Bin
C Compiler:      Armcc.exe V5.06 update 6 (build 750)
Assembler:       Armasm.exe V5.06 update 6 (build 750)
Linker/Locator:  ArmLink.exe V5.06 update 6 (build 750)
Library Manager: ArmAr.exe V5.06 update 6 (build 750)
Hex Converter:   FromElf.exe V5.06 update 6 (build 750)
CPU DLL:         SARM.DLL V5.26.2.0
Dialog DLL:      DARMP.DLL V1.53.0.0
Target DLL:      UL2ARM.DLL V1.74.10.0
Dialog DLL:      TARMP.DLL V1.53.0.0
 
<h2>Project:</h2>
C:\Users\dblas\OneDrive\Documentos\GitHub\blink_v2_lpc_resuelto\lpc\keil\blink_lpc.uvproj
Project File Date:  12/03/2025

<h2>Output:</h2>
*** Using Compiler 'V5.06 update 6 (build 750)', folder: 'C:\Keil_v5\ARM\ARMCC\Bin'
Rebuild Project 'blink_lpc' - Target 'LPC_RELEASE'
compiling rt_fifo.c...
compiling svc_alarmas.c...
compiling drv_consumo.c...
C:\Users\dblas\OneDrive\Documentos\GitHub\blink_v2_lpc_resuelto\src\hal_consumo.h(10): warning:  #1295-D: Deprecated declaration switch_to_PLL - give arg types
  extern void switch_to_PLL();
..\..\src\drv_consumo.c: 1 warning, 0 errors
compiling main.c...
compiling app_jugar.c...
compiling drv_monitor.c...
compiling drv_leds.c...
compiling drv_WDT.c...
compiling drv_aleatorios.c...
compiling drv_botones.c...
C:\Users\dblas\OneDrive\Documentos\GitHub\blink_v2_lpc_resuelto\src\drv_botones.c(63): warning:  #513-D: a value of type "void (*)(uint32_t, uint32_t)" cannot be assigned to an entity of type "f_callback_GE"
      drv_botones_isr_callback = funcion_callback_app; 
..\..\src\drv_botones.c: 1 warning, 0 errors
compiling rt_GE.c...
compiling drv_tiempo.c...
compiling drv_SC.c...
compiling drv_sonido.c...
compiling hal_SC.c...
compiling beat_hero.c...
compiling test.c...
C:\Users\dblas\OneDrive\Documentos\GitHub\blink_v2_lpc_resuelto\src\test.c(22): warning:  #550-D: variable "test_ultimo_evento"  was set but never used
  static uint32_t test_ultimo_evento = 0;
C:\Users\dblas\OneDrive\Documentos\GitHub\blink_v2_lpc_resuelto\src\test.c(25): warning:  #550-D: variable "test_alarma_vencida"  was set but never used
  static bool test_alarma_vencida = false;
..\..\src\test.c: 2 warnings, 0 errors
compiling hal_gpio_lpc.c...
compiling hal_consumo_lpc.c...
C:\Users\dblas\OneDrive\Documentos\GitHub\blink_v2_lpc_resuelto\src\hal_consumo.h(10): warning:  #1295-D: Deprecated declaration switch_to_PLL - give arg types
  extern void switch_to_PLL();
..\src_lpc\hal_consumo_lpc.c: 1 warning, 0 errors
compiling hal_tiempo_lpc.c...
compiling hal_ext_int_lpc.c...
compiling hal_WDT_lpc.c...
compiling hal_aleatorios_lpc.c...
compiling hal_sonido_lpc.c...
assembling Startup.s...
linking...
Program Size: Code=9932 RO-data=80 RW-data=104 ZI-data=3584  
".\Objects\blink_lpc.axf" - 0 Error(s), 5 Warning(s).
Build Time Elapsed:  00:00:02
</pre>
</body>
</html>
