<html>
<body>
<pre>
<h1>µVision Build Log</h1>
<h2>Tool Versions:</h2>
IDE-Version: µVision V5.26.2.0
Copyright (C) 2018 ARM Ltd and ARM Germany GmbH. All rights reserved.
License Information: Diego Jorge Berenguer Celma, unizar, LIC=----
 
Tool Versions:
Toolchain:       MDK-Lite  Version: 5.26.2.0
Toolchain Path:  C:\Keil_v5\ARM\ARMCC\Bin
C Compiler:      Armcc.exe V5.06 update 6 (build 750)
Assembler:       Armasm.exe V5.06 update 6 (build 750)
Linker/Locator:  ArmLink.exe V5.06 update 6 (build 750)
Library Manager: ArmAr.exe V5.06 update 6 (build 750)
Hex Converter:   FromElf.exe V5.06 update 6 (build 750)
CPU DLL:         SARM.DLL V5.26.2.0
Dialog DLL:      DARMP.DLL V1.53.0.0
Target DLL:      UL2ARM.DLL V1.74.10.0
Dialog DLL:      TARMP.DLL V1.53.0.0
 
<h2>Project:</h2>
C:\Users\propietario\Desktop\Diego\Ingenieria_Informatica\3er_year\Proyecto Hardware\Final Final\blink_v2_lpc_resuelto\lpc\keil\blink_lpc.uvproj
Project File Date:  12/02/2025

<h2>Output:</h2>
*** Using Compiler 'V5.06 update 6 (build 750)', folder: 'C:\Keil_v5\ARM\ARMCC\Bin'
Rebuild Project 'blink_lpc' - Target 'LPC'
compiling drv_WDT.c...
compiling drv_aleatorios.c...
C:\Users\propietario\Desktop\Diego\Ingenieria_Informatica\3er_year\Proyecto Hardware\Final Final\blink_v2_lpc_resuelto\src\drv_aleatorios.h(29): warning:  #1-D: last line of file ends without a newline
  #endif /* DRV_ALEATORIOS_H */
C:\Users\propietario\Desktop\Diego\Ingenieria_Informatica\3er_year\Proyecto Hardware\Final Final\blink_v2_lpc_resuelto\src\hal_aleatorios.h(29): warning:  #1-D: last line of file ends without a newline
  #endif /* DRV_ALEATORIOS_H */
C:\Users\propietario\Desktop\Diego\Ingenieria_Informatica\3er_year\Proyecto Hardware\Final Final\blink_v2_lpc_resuelto\src\drv_aleatorios.c(17): warning:  #1-D: last line of file ends without a newline
  }
..\..\src\drv_aleatorios.c: 3 warnings, 0 errors
compiling main.c...
C:\Users\propietario\Desktop\Diego\Ingenieria_Informatica\3er_year\Proyecto Hardware\Final Final\blink_v2_lpc_resuelto\src\drv_aleatorios.h(29): warning:  #1-D: last line of file ends without a newline
  #endif /* DRV_ALEATORIOS_H */
C:\Users\propietario\Desktop\Diego\Ingenieria_Informatica\3er_year\Proyecto Hardware\Final Final\blink_v2_lpc_resuelto\src\beat_hero.h(26): warning:  #1-D: last line of file ends without a newline
  #endif /* BEAT_HERO_H */
C:\Users\propietario\Desktop\Diego\Ingenieria_Informatica\3er_year\Proyecto Hardware\Final Final\blink_v2_lpc_resuelto\src\drv_sonido.h(23): warning:  #1-D: last line of file ends without a newline
  #endif /* DRV_SONIDO_H */
C:\Users\propietario\Desktop\Diego\Ingenieria_Informatica\3er_year\Proyecto Hardware\Final Final\blink_v2_lpc_resuelto\src\main.c(86): warning:  #1-D: last line of file ends without a newline
  }
C:\Users\propietario\Desktop\Diego\Ingenieria_Informatica\3er_year\Proyecto Hardware\Final Final\blink_v2_lpc_resuelto\src\main.c(21): warning:  #177-D: variable "btn_states"  was declared but never referenced
  static bool btn_states[BUTTONS_NUMBER] = {false};
..\..\src\main.c: 5 warnings, 0 errors
compiling svc_alarmas.c...
C:\Users\propietario\Desktop\Diego\Ingenieria_Informatica\3er_year\Proyecto Hardware\Final Final\blink_v2_lpc_resuelto\src\svc_alarmas.c(145): warning:  #1-D: last line of file ends without a newline
  }
..\..\src\svc_alarmas.c: 1 warning, 0 errors
compiling rt_GE.c...
compiling drv_consumo.c...
C:\Users\propietario\Desktop\Diego\Ingenieria_Informatica\3er_year\Proyecto Hardware\Final Final\blink_v2_lpc_resuelto\src\hal_consumo.h(10): warning:  #1295-D: Deprecated declaration switch_to_PLL - give arg types
  extern void switch_to_PLL();
..\..\src\drv_consumo.c: 1 warning, 0 errors
compiling drv_tiempo.c...
C:\Users\propietario\Desktop\Diego\Ingenieria_Informatica\3er_year\Proyecto Hardware\Final Final\blink_v2_lpc_resuelto\src\drv_tiempo.c(106): warning:  #1-D: last line of file ends without a newline
  }
..\..\src\drv_tiempo.c: 1 warning, 0 errors
compiling drv_leds.c...
compiling drv_sonido.c...
C:\Users\propietario\Desktop\Diego\Ingenieria_Informatica\3er_year\Proyecto Hardware\Final Final\blink_v2_lpc_resuelto\src\drv_sonido.h(23): warning:  #1-D: last line of file ends without a newline
  #endif /* DRV_SONIDO_H */
C:\Users\propietario\Desktop\Diego\Ingenieria_Informatica\3er_year\Proyecto Hardware\Final Final\blink_v2_lpc_resuelto\src\drv_sonido.c(30): warning:  #1-D: last line of file ends without a newline
  }
..\..\src\drv_sonido.c: 2 warnings, 0 errors
compiling drv_monitor.c...
compiling drv_SC.c...
compiling app_jugar.c...
compiling rt_fifo.c...
C:\Users\propietario\Desktop\Diego\Ingenieria_Informatica\3er_year\Proyecto Hardware\Final Final\blink_v2_lpc_resuelto\src\rt_fifo.c(98): warning:  #1-D: last line of file ends without a newline
  }
..\..\src\rt_fifo.c: 1 warning, 0 errors
compiling drv_botones.c...
C:\Users\propietario\Desktop\Diego\Ingenieria_Informatica\3er_year\Proyecto Hardware\Final Final\blink_v2_lpc_resuelto\src\drv_botones.c(63): warning:  #513-D: a value of type "void (*)(uint32_t, uint32_t)" cannot be assigned to an entity of type "f_callback_GE"
      drv_botones_isr_callback = funcion_callback_app; 
C:\Users\propietario\Desktop\Diego\Ingenieria_Informatica\3er_year\Proyecto Hardware\Final Final\blink_v2_lpc_resuelto\src\drv_botones.c(157): warning:  #1-D: last line of file ends without a newline
  }
..\..\src\drv_botones.c: 2 warnings, 0 errors
compiling beat_hero.c...
C:\Users\propietario\Desktop\Diego\Ingenieria_Informatica\3er_year\Proyecto Hardware\Final Final\blink_v2_lpc_resuelto\src\beat_hero.h(26): warning:  #1-D: last line of file ends without a newline
  #endif /* BEAT_HERO_H */
C:\Users\propietario\Desktop\Diego\Ingenieria_Informatica\3er_year\Proyecto Hardware\Final Final\blink_v2_lpc_resuelto\src\drv_aleatorios.h(29): warning:  #1-D: last line of file ends without a newline
  #endif /* DRV_ALEATORIOS_H */
C:\Users\propietario\Desktop\Diego\Ingenieria_Informatica\3er_year\Proyecto Hardware\Final Final\blink_v2_lpc_resuelto\src\drv_sonido.h(23): warning:  #1-D: last line of file ends without a newline
  #endif /* DRV_SONIDO_H */
C:\Users\propietario\Desktop\Diego\Ingenieria_Informatica\3er_year\Proyecto Hardware\Final Final\blink_v2_lpc_resuelto\src\beat_hero.c(170): warning:  #69-D: integer conversion resulted in truncation
                  uint32_t flags = svc_alarma_codificar(false, TIEMPO_REINICIO_MS, ID_ALARMA_RESET);
C:\Users\propietario\Desktop\Diego\Ingenieria_Informatica\3er_year\Proyecto Hardware\Final Final\blink_v2_lpc_resuelto\src\beat_hero.c(308): warning:  #1-D: last line of file ends without a newline
  }
..\..\src\beat_hero.c: 5 warnings, 0 errors
compiling hal_SC.c...
C:\Users\propietario\Desktop\Diego\Ingenieria_Informatica\3er_year\Proyecto Hardware\Final Final\blink_v2_lpc_resuelto\src\hal_SC.c(12): warning:  #940-D: missing return statement at end of non-void function "deshabilitar_irq" 
  }
C:\Users\propietario\Desktop\Diego\Ingenieria_Informatica\3er_year\Proyecto Hardware\Final Final\blink_v2_lpc_resuelto\src\hal_SC.c(6): warning:  #177-D: variable "m_in_critical_region"  was declared but never referenced
  static uint32_t m_in_critical_region = 0;
..\..\src\hal_SC.c: 2 warnings, 0 errors
compiling hal_gpio_lpc.c...
compiling hal_tiempo_lpc.c...
compiling hal_consumo_lpc.c...
C:\Users\propietario\Desktop\Diego\Ingenieria_Informatica\3er_year\Proyecto Hardware\Final Final\blink_v2_lpc_resuelto\src\hal_consumo.h(10): warning:  #1295-D: Deprecated declaration switch_to_PLL - give arg types
  extern void switch_to_PLL();
..\src_lpc\hal_consumo_lpc.c: 1 warning, 0 errors
compiling test.c...
C:\Users\propietario\Desktop\Diego\Ingenieria_Informatica\3er_year\Proyecto Hardware\Final Final\blink_v2_lpc_resuelto\src\test.c(385): warning:  #550-D: variable "estado"  was set but never used
      uint32_t estado;
C:\Users\propietario\Desktop\Diego\Ingenieria_Informatica\3er_year\Proyecto Hardware\Final Final\blink_v2_lpc_resuelto\src\test.c(37): warning:  #550-D: variable "test_sc_error"  was set but never used
  static bool test_sc_error = false;
C:\Users\propietario\Desktop\Diego\Ingenieria_Informatica\3er_year\Proyecto Hardware\Final Final\blink_v2_lpc_resuelto\src\test.c(40): warning:  #550-D: variable "test_fifo_eventos_extraidos"  was set but never used
  static uint32_t test_fifo_eventos_extraidos = 0;
C:\Users\propietario\Desktop\Diego\Ingenieria_Informatica\3er_year\Proyecto Hardware\Final Final\blink_v2_lpc_resuelto\src\test.c(43): warning:  #550-D: variable "test_alarma_vencida"  was set but never used
  static bool test_alarma_vencida = false;
..\..\src\test.c: 4 warnings, 0 errors
compiling hal_ext_int_lpc.c...
compiling hal_WDT_lpc.c...
compiling hal_aleatorios_lpc.c...
C:\Users\propietario\Desktop\Diego\Ingenieria_Informatica\3er_year\Proyecto Hardware\Final Final\blink_v2_lpc_resuelto\src\drv_aleatorios.h(29): warning:  #1-D: last line of file ends without a newline
  #endif /* DRV_ALEATORIOS_H */
C:\Users\propietario\Desktop\Diego\Ingenieria_Informatica\3er_year\Proyecto Hardware\Final Final\blink_v2_lpc_resuelto\lpc\src_lpc\hal_aleatorios_lpc.c(41): warning:  #1-D: last line of file ends without a newline
  }
..\src_lpc\hal_aleatorios_lpc.c: 2 warnings, 0 errors
compiling hal_sonido_lpc.c...
assembling Startup.s...
linking...
Program Size: Code=9868 RO-data=80 RW-data=104 ZI-data=3600  
".\Objects\blink_lpc.axf" - 0 Error(s), 30 Warning(s).
Build Time Elapsed:  00:00:02
</pre>
</body>
</html>
