<!doctype html public "-//w3c//dtd html 4.0 transitional//en">
<html><head>
<title>Static Call Graph - [.\Objects\blink_lpc.axf]</title></head>
<body><HR>
<H1>Static Call Graph for image .\Objects\blink_lpc.axf</H1><HR>
<BR><P>#&#060CALLGRAPH&#062# ARM Linker, 5060750: Last Updated: Wed Dec 03 01:00:53 2025
<BR><P>
<H3>Maximum Stack Usage =        120 bytes + Unknown(Functions without stacksize, Cycles, Untraceable Function Pointers)</H3><H3>
Call chain for Maximum Stack Depth:</H3>
main &rArr; test_ejecutar_todos &rArr; test_gestor_eventos &rArr; rt_FIFO_encolar &rArr; drv_tiempo_actual_us &rArr; __aeabi_uldivmod
<P>
<H3>
Functions with no stack information
</H3><UL>
 <LI><a href="#[4]">Reset_Handler</a>
 <LI><a href="#[20]">__user_initial_stackheap</a>
 <LI><a href="#[41]">switch_to_PLL</a>
 <LI><a href="#[5]">Undef_Handler</a>
 <LI><a href="#[6]">SWI_Handler</a>
 <LI><a href="#[7]">PAbt_Handler</a>
 <LI><a href="#[8]">DAbt_Handler</a>
 <LI><a href="#[9]">IRQ_Handler</a>
 <LI><a href="#[a]">FIQ_Handler</a>
</UL>
</UL>
<P>
<H3>
Mutually Recursive functions
</H3> <LI><a href="#[5]">Undef_Handler</a>&nbsp;&nbsp;&nbsp;&rArr;&nbsp;&nbsp;&nbsp;<a href="#[5]">Undef_Handler</a><BR>
 <LI><a href="#[6]">SWI_Handler</a>&nbsp;&nbsp;&nbsp;&rArr;&nbsp;&nbsp;&nbsp;<a href="#[6]">SWI_Handler</a><BR>
 <LI><a href="#[7]">PAbt_Handler</a>&nbsp;&nbsp;&nbsp;&rArr;&nbsp;&nbsp;&nbsp;<a href="#[7]">PAbt_Handler</a><BR>
 <LI><a href="#[8]">DAbt_Handler</a>&nbsp;&nbsp;&nbsp;&rArr;&nbsp;&nbsp;&nbsp;<a href="#[8]">DAbt_Handler</a><BR>
 <LI><a href="#[9]">IRQ_Handler</a>&nbsp;&nbsp;&nbsp;&rArr;&nbsp;&nbsp;&nbsp;<a href="#[9]">IRQ_Handler</a><BR>
 <LI><a href="#[a]">FIQ_Handler</a>&nbsp;&nbsp;&nbsp;&rArr;&nbsp;&nbsp;&nbsp;<a href="#[a]">FIQ_Handler</a><BR>
</UL>
<P>
<H3>
Function Pointers
</H3><UL>
 <LI><a href="#[8]">DAbt_Handler</a> from startup.o(RESET) referenced from startup.o(RESET)
 <LI><a href="#[a]">FIQ_Handler</a> from startup.o(RESET) referenced from startup.o(RESET)
 <LI><a href="#[9]">IRQ_Handler</a> from startup.o(RESET) referenced from startup.o(RESET)
 <LI><a href="#[7]">PAbt_Handler</a> from startup.o(RESET) referenced from startup.o(RESET)
 <LI><a href="#[4]">Reset_Handler</a> from startup.o(RESET) referenced from startup.o(RESET)
 <LI><a href="#[6]">SWI_Handler</a> from startup.o(RESET) referenced from startup.o(RESET)
 <LI><a href="#[d]">T1_ISR</a> from hal_tiempo_lpc.o(i.T1_ISR) referenced from hal_tiempo_lpc.o(i.hal_tiempo_iniciar_tick)
 <LI><a href="#[5]">Undef_Handler</a> from startup.o(RESET) referenced from startup.o(RESET)
 <LI><a href="#[10]">__main</a> from __main.o(!!!main) referenced from startup.o(RESET)
 <LI><a href="#[c]">main</a> from main.o(i.main) referenced from __rtentry2.o(.ARM.Collect$$rtentry$$0000000D)
 <LI><a href="#[e]">rt_GE_actualizar</a> from rt_ge.o(i.rt_GE_actualizar) referenced from rt_ge.o(i.rt_GE_iniciar)
 <LI><a href="#[f]">test_callback_evento</a> from test.o(i.test_callback_evento) referenced from test.o(i.test_gestor_eventos)
</UL>
<P>
<H3>
Global Symbols
</H3>
<P><STRONG><a name="[4]"></a>Reset_Handler</STRONG> (ARM, 0 bytes, Stack size unknown bytes, startup.o(RESET))
<BR>[Address Reference Count : 1]<UL><LI> startup.o(RESET)
</UL>
<P><STRONG><a name="[10]"></a>__main</STRONG> (ARM, 8 bytes, Stack size 0 bytes, __main.o(!!!main))
<BR><BR>[Calls]<UL><LI><a href="#[11]">&gt;&gt;</a>&nbsp;&nbsp;&nbsp;__scatterload
<LI><a href="#[12]">&gt;&gt;</a>&nbsp;&nbsp;&nbsp;__rt_entry
</UL>

<P><STRONG><a name="[11]"></a>__scatterload</STRONG> (ARM, 0 bytes, Stack size unknown bytes, __scatter.o(!!!scatter))
<BR><BR>[Called By]<UL><LI><a href="#[10]">&gt;&gt;</a>&nbsp;&nbsp;&nbsp;__main
</UL>

<P><STRONG><a name="[13]"></a>__scatterload_rt2</STRONG> (ARM, 52 bytes, Stack size unknown bytes, __scatter.o(!!!scatter), UNUSED)
<BR><BR>[Calls]<UL><LI><a href="#[12]">&gt;&gt;</a>&nbsp;&nbsp;&nbsp;__rt_entry
</UL>

<P><STRONG><a name="[51]"></a>__scatterload_null</STRONG> (ARM, 0 bytes, Stack size unknown bytes, __scatter.o(!!!scatter), UNUSED)

<P><STRONG><a name="[14]"></a>__scatterload_copy</STRONG> (ARM, 40 bytes, Stack size unknown bytes, __scatter_copy.o(!!handler_copy), UNUSED)
<BR><BR>[Calls]<UL><LI><a href="#[14]">&gt;&gt;</a>&nbsp;&nbsp;&nbsp;__scatterload_copy
</UL>
<BR>[Called By]<UL><LI><a href="#[14]">&gt;&gt;</a>&nbsp;&nbsp;&nbsp;__scatterload_copy
</UL>

<P><STRONG><a name="[52]"></a>__scatterload_zeroinit</STRONG> (ARM, 44 bytes, Stack size unknown bytes, __scatter_zi.o(!!handler_zi), UNUSED)

<P><STRONG><a name="[18]"></a>__rt_lib_init</STRONG> (Thumb, 0 bytes, Stack size unknown bytes, libinit.o(.ARM.Collect$$libinit$$00000000))
<BR><BR>[Called By]<UL><LI><a href="#[17]">&gt;&gt;</a>&nbsp;&nbsp;&nbsp;__rt_entry_li (via Veneer)
</UL>

<P><STRONG><a name="[53]"></a>__rt_lib_init_alloca_1</STRONG> (Thumb, 0 bytes, Stack size unknown bytes, libinit2.o(.ARM.Collect$$libinit$$0000002E))

<P><STRONG><a name="[54]"></a>__rt_lib_init_argv_1</STRONG> (Thumb, 0 bytes, Stack size unknown bytes, libinit2.o(.ARM.Collect$$libinit$$0000002C))

<P><STRONG><a name="[55]"></a>__rt_lib_init_atexit_1</STRONG> (Thumb, 0 bytes, Stack size unknown bytes, libinit2.o(.ARM.Collect$$libinit$$0000001B))

<P><STRONG><a name="[56]"></a>__rt_lib_init_clock_1</STRONG> (Thumb, 0 bytes, Stack size unknown bytes, libinit2.o(.ARM.Collect$$libinit$$00000021))

<P><STRONG><a name="[57]"></a>__rt_lib_init_cpp_1</STRONG> (Thumb, 0 bytes, Stack size unknown bytes, libinit2.o(.ARM.Collect$$libinit$$00000032))

<P><STRONG><a name="[58]"></a>__rt_lib_init_exceptions_1</STRONG> (Thumb, 0 bytes, Stack size unknown bytes, libinit2.o(.ARM.Collect$$libinit$$00000030))

<P><STRONG><a name="[59]"></a>__rt_lib_init_fp_1</STRONG> (Thumb, 0 bytes, Stack size unknown bytes, libinit2.o(.ARM.Collect$$libinit$$00000002))

<P><STRONG><a name="[5a]"></a>__rt_lib_init_fp_trap_1</STRONG> (Thumb, 0 bytes, Stack size unknown bytes, libinit2.o(.ARM.Collect$$libinit$$0000001F))

<P><STRONG><a name="[5b]"></a>__rt_lib_init_getenv_1</STRONG> (Thumb, 0 bytes, Stack size unknown bytes, libinit2.o(.ARM.Collect$$libinit$$00000023))

<P><STRONG><a name="[5c]"></a>__rt_lib_init_heap_1</STRONG> (Thumb, 0 bytes, Stack size unknown bytes, libinit2.o(.ARM.Collect$$libinit$$0000000A))

<P><STRONG><a name="[5d]"></a>__rt_lib_init_lc_collate_1</STRONG> (Thumb, 0 bytes, Stack size unknown bytes, libinit2.o(.ARM.Collect$$libinit$$00000011))

<P><STRONG><a name="[5e]"></a>__rt_lib_init_lc_ctype_1</STRONG> (Thumb, 0 bytes, Stack size unknown bytes, libinit2.o(.ARM.Collect$$libinit$$00000013))

<P><STRONG><a name="[5f]"></a>__rt_lib_init_lc_monetary_1</STRONG> (Thumb, 0 bytes, Stack size unknown bytes, libinit2.o(.ARM.Collect$$libinit$$00000015))

<P><STRONG><a name="[60]"></a>__rt_lib_init_lc_numeric_1</STRONG> (Thumb, 0 bytes, Stack size unknown bytes, libinit2.o(.ARM.Collect$$libinit$$00000017))

<P><STRONG><a name="[61]"></a>__rt_lib_init_lc_time_1</STRONG> (Thumb, 0 bytes, Stack size unknown bytes, libinit2.o(.ARM.Collect$$libinit$$00000019))

<P><STRONG><a name="[62]"></a>__rt_lib_init_preinit_1</STRONG> (Thumb, 0 bytes, Stack size unknown bytes, libinit2.o(.ARM.Collect$$libinit$$00000004))

<P><STRONG><a name="[63]"></a>__rt_lib_init_rand_1</STRONG> (Thumb, 0 bytes, Stack size unknown bytes, libinit2.o(.ARM.Collect$$libinit$$0000000E))

<P><STRONG><a name="[64]"></a>__rt_lib_init_return</STRONG> (Thumb, 0 bytes, Stack size unknown bytes, libinit2.o(.ARM.Collect$$libinit$$00000033))

<P><STRONG><a name="[65]"></a>__rt_lib_init_signal_1</STRONG> (Thumb, 0 bytes, Stack size unknown bytes, libinit2.o(.ARM.Collect$$libinit$$0000001D))

<P><STRONG><a name="[66]"></a>__rt_lib_init_stdio_1</STRONG> (Thumb, 0 bytes, Stack size unknown bytes, libinit2.o(.ARM.Collect$$libinit$$00000025))

<P><STRONG><a name="[67]"></a>__rt_lib_init_user_alloc_1</STRONG> (Thumb, 0 bytes, Stack size unknown bytes, libinit2.o(.ARM.Collect$$libinit$$0000000C))

<P><STRONG><a name="[1c]"></a>__rt_lib_shutdown</STRONG> (Thumb, 0 bytes, Stack size unknown bytes, libshutdown.o(.ARM.Collect$$libshutdown$$00000000))
<BR><BR>[Called By]<UL><LI><a href="#[1b]">&gt;&gt;</a>&nbsp;&nbsp;&nbsp;__rt_exit_ls (via Veneer)
</UL>

<P><STRONG><a name="[68]"></a>__rt_lib_shutdown_cpp_1</STRONG> (Thumb, 0 bytes, Stack size unknown bytes, libshutdown2.o(.ARM.Collect$$libshutdown$$00000002))

<P><STRONG><a name="[69]"></a>__rt_lib_shutdown_fp_trap_1</STRONG> (Thumb, 0 bytes, Stack size unknown bytes, libshutdown2.o(.ARM.Collect$$libshutdown$$00000007))

<P><STRONG><a name="[6a]"></a>__rt_lib_shutdown_heap_1</STRONG> (Thumb, 0 bytes, Stack size unknown bytes, libshutdown2.o(.ARM.Collect$$libshutdown$$0000000F))

<P><STRONG><a name="[6b]"></a>__rt_lib_shutdown_return</STRONG> (Thumb, 0 bytes, Stack size unknown bytes, libshutdown2.o(.ARM.Collect$$libshutdown$$00000010))

<P><STRONG><a name="[6c]"></a>__rt_lib_shutdown_signal_1</STRONG> (Thumb, 0 bytes, Stack size unknown bytes, libshutdown2.o(.ARM.Collect$$libshutdown$$0000000A))

<P><STRONG><a name="[6d]"></a>__rt_lib_shutdown_stdio_1</STRONG> (Thumb, 0 bytes, Stack size unknown bytes, libshutdown2.o(.ARM.Collect$$libshutdown$$00000004))

<P><STRONG><a name="[6e]"></a>__rt_lib_shutdown_user_alloc_1</STRONG> (Thumb, 0 bytes, Stack size unknown bytes, libshutdown2.o(.ARM.Collect$$libshutdown$$0000000C))

<P><STRONG><a name="[12]"></a>__rt_entry</STRONG> (ARM, 0 bytes, Stack size unknown bytes, __rtentry.o(.ARM.Collect$$rtentry$$00000000))
<BR><BR>[Called By]<UL><LI><a href="#[13]">&gt;&gt;</a>&nbsp;&nbsp;&nbsp;__scatterload_rt2
<LI><a href="#[10]">&gt;&gt;</a>&nbsp;&nbsp;&nbsp;__main
</UL>

<P><STRONG><a name="[6f]"></a>__rt_entry_presh_1</STRONG> (ARM, 0 bytes, Stack size unknown bytes, __rtentry2.o(.ARM.Collect$$rtentry$$00000002))

<P><STRONG><a name="[15]"></a>__rt_entry_sh</STRONG> (ARM, 0 bytes, Stack size unknown bytes, __rtentry4.o(.ARM.Collect$$rtentry$$00000004))
<BR><BR>[Stack]<UL><LI>Max Depth = 8 + Unknown Stack Size
<LI>Call Chain = __rt_entry_sh &rArr; __user_setup_stackheap
</UL>
<BR>[Calls]<UL><LI><a href="#[16]">&gt;&gt;</a>&nbsp;&nbsp;&nbsp;__user_setup_stackheap
</UL>

<P><STRONG><a name="[17]"></a>__rt_entry_li</STRONG> (ARM, 0 bytes, Stack size unknown bytes, __rtentry2.o(.ARM.Collect$$rtentry$$0000000A))
<BR><BR>[Calls]<UL><LI><a href="#[18]">&gt;&gt;</a>&nbsp;&nbsp;&nbsp;__rt_lib_init (via Veneer)
</UL>

<P><STRONG><a name="[70]"></a>__rt_entry_postsh_1</STRONG> (ARM, 0 bytes, Stack size unknown bytes, __rtentry2.o(.ARM.Collect$$rtentry$$00000009))

<P><STRONG><a name="[19]"></a>__rt_entry_main</STRONG> (ARM, 0 bytes, Stack size unknown bytes, __rtentry2.o(.ARM.Collect$$rtentry$$0000000D))
<BR><BR>[Stack]<UL><LI>Max Depth = 8 + Unknown Stack Size
<LI>Call Chain = __rt_entry_main &rArr; exit
</UL>
<BR>[Calls]<UL><LI><a href="#[1a]">&gt;&gt;</a>&nbsp;&nbsp;&nbsp;exit (via BX)
</UL>

<P><STRONG><a name="[71]"></a>__rt_entry_postli_1</STRONG> (ARM, 0 bytes, Stack size unknown bytes, __rtentry2.o(.ARM.Collect$$rtentry$$0000000C))

<P><STRONG><a name="[22]"></a>__rt_exit</STRONG> (ARM, 0 bytes, Stack size unknown bytes, rtexit.o(.ARM.Collect$$rtexit$$00000000))
<BR><BR>[Called By]<UL><LI><a href="#[1a]">&gt;&gt;</a>&nbsp;&nbsp;&nbsp;exit (via Veneer)
</UL>

<P><STRONG><a name="[1b]"></a>__rt_exit_ls</STRONG> (ARM, 0 bytes, Stack size unknown bytes, rtexit2.o(.ARM.Collect$$rtexit$$00000003))
<BR><BR>[Calls]<UL><LI><a href="#[1c]">&gt;&gt;</a>&nbsp;&nbsp;&nbsp;__rt_lib_shutdown (via Veneer)
</UL>

<P><STRONG><a name="[72]"></a>__rt_exit_prels_1</STRONG> (ARM, 0 bytes, Stack size unknown bytes, rtexit2.o(.ARM.Collect$$rtexit$$00000002))

<P><STRONG><a name="[1d]"></a>__rt_exit_exit</STRONG> (ARM, 0 bytes, Stack size unknown bytes, rtexit2.o(.ARM.Collect$$rtexit$$00000004))
<BR><BR>[Calls]<UL><LI><a href="#[1e]">&gt;&gt;</a>&nbsp;&nbsp;&nbsp;_sys_exit (via Veneer)
</UL>

<P><STRONG><a name="[20]"></a>__user_initial_stackheap</STRONG> (ARM, 0 bytes, Stack size unknown bytes, startup.o(.text))
<BR><BR>[Called By]<UL><LI><a href="#[16]">&gt;&gt;</a>&nbsp;&nbsp;&nbsp;__user_setup_stackheap
</UL>

<P><STRONG><a name="[41]"></a>switch_to_PLL</STRONG> (ARM, 0 bytes, Stack size unknown bytes, startup.o(.text))
<BR><BR>[Called By]<UL><LI><a href="#[2b]">&gt;&gt;</a>&nbsp;&nbsp;&nbsp;hal_consumo_dormir
</UL>

<P><STRONG><a name="[3d]"></a>__aeabi_uldivmod</STRONG> (ARM, 0 bytes, Stack size 24 bytes, lludiv.o(.text))
<BR><BR>[Stack]<UL><LI>Max Depth = 24<LI>Call Chain = __aeabi_uldivmod
</UL>
<BR>[Called By]<UL><LI><a href="#[3b]">&gt;&gt;</a>&nbsp;&nbsp;&nbsp;drv_tiempo_actual_us
</UL>

<P><STRONG><a name="[73]"></a>_ll_udiv</STRONG> (ARM, 720 bytes, Stack size 24 bytes, lludiv.o(.text), UNUSED)

<P><STRONG><a name="[74]"></a>_ll_udiv_donemoving</STRONG> (ARM, 0 bytes, Stack size unknown bytes, lludiv.o(.text), UNUSED)

<P><STRONG><a name="[75]"></a>__use_two_region_memory</STRONG> (Thumb, 2 bytes, Stack size 0 bytes, heapauxi.o(.text), UNUSED)

<P><STRONG><a name="[76]"></a>__rt_heap_escrow$2region</STRONG> (Thumb, 2 bytes, Stack size 0 bytes, heapauxi.o(.text), UNUSED)

<P><STRONG><a name="[77]"></a>__rt_heap_expand$2region</STRONG> (Thumb, 2 bytes, Stack size 0 bytes, heapauxi.o(.text), UNUSED)

<P><STRONG><a name="[16]"></a>__user_setup_stackheap</STRONG> (ARM, 96 bytes, Stack size 8 bytes, sys_stackheap_outer.o(.text))
<BR><BR>[Stack]<UL><LI>Max Depth = 8 + Unknown Stack Size
<LI>Call Chain = __user_setup_stackheap
</UL>
<BR>[Calls]<UL><LI><a href="#[1f]">&gt;&gt;</a>&nbsp;&nbsp;&nbsp;__user_perproc_libspace
<LI><a href="#[20]">&gt;&gt;</a>&nbsp;&nbsp;&nbsp;__user_initial_stackheap
</UL>
<BR>[Called By]<UL><LI><a href="#[15]">&gt;&gt;</a>&nbsp;&nbsp;&nbsp;__rt_entry_sh
</UL>

<P><STRONG><a name="[1a]"></a>exit</STRONG> (Thumb, 20 bytes, Stack size 8 bytes, exit.o(.text))
<BR><BR>[Stack]<UL><LI>Max Depth = 8 + Unknown Stack Size
<LI>Call Chain = exit
</UL>
<BR>[Calls]<UL><LI><a href="#[22]">&gt;&gt;</a>&nbsp;&nbsp;&nbsp;__rt_exit (via Veneer)
<LI><a href="#[21]">&gt;&gt;</a>&nbsp;&nbsp;&nbsp;_call_atexit_fns (Weak Reference)
</UL>
<BR>[Called By]<UL><LI><a href="#[19]">&gt;&gt;</a>&nbsp;&nbsp;&nbsp;__rt_entry_main
</UL>

<P><STRONG><a name="[78]"></a>__user_libspace</STRONG> (ARM, 12 bytes, Stack size 0 bytes, libspace.o(.text), UNUSED)

<P><STRONG><a name="[1f]"></a>__user_perproc_libspace</STRONG> (ARM, 0 bytes, Stack size 0 bytes, libspace.o(.text))
<BR><BR>[Called By]<UL><LI><a href="#[16]">&gt;&gt;</a>&nbsp;&nbsp;&nbsp;__user_setup_stackheap
</UL>

<P><STRONG><a name="[79]"></a>__user_perthread_libspace</STRONG> (ARM, 0 bytes, Stack size 0 bytes, libspace.o(.text), UNUSED)

<P><STRONG><a name="[1e]"></a>_sys_exit</STRONG> (Thumb, 8 bytes, Stack size 0 bytes, sys_exit.o(.text))
<BR><BR>[Called By]<UL><LI><a href="#[1d]">&gt;&gt;</a>&nbsp;&nbsp;&nbsp;__rt_exit_exit (via Veneer)
</UL>

<P><STRONG><a name="[7a]"></a>__I$use$semihosting</STRONG> (ARM, 0 bytes, Stack size 0 bytes, use_no_semi.o(.text), UNUSED)

<P><STRONG><a name="[7b]"></a>__use_no_semihosting_swi</STRONG> (ARM, 4 bytes, Stack size 0 bytes, use_no_semi.o(.text), UNUSED)

<P><STRONG><a name="[d]"></a>T1_ISR</STRONG> (ARM, 52 bytes, Stack size 8 bytes, hal_tiempo_lpc.o(i.T1_ISR))
<BR><BR>[Stack]<UL><LI>Max Depth = 8<LI>Call Chain = T1_ISR
</UL>
<BR>[Address Reference Count : 1]<UL><LI> hal_tiempo_lpc.o(i.hal_tiempo_iniciar_tick)
</UL>
<P><STRONG><a name="[7c]"></a>__semihosting_library_function</STRONG> (ARM, 0 bytes, Stack size 8 bytes, indicate_semi.o(.text), UNUSED)

<P><STRONG><a name="[24]"></a>deshabilitar_irq</STRONG> (ARM, 16 bytes, Stack size 0 bytes, hal_sc.o(i.deshabilitar_irq))
<BR><BR>[Called By]<UL><LI><a href="#[23]">&gt;&gt;</a>&nbsp;&nbsp;&nbsp;drv_SC_entrar_disable_irq
</UL>

<P><STRONG><a name="[23]"></a>drv_SC_entrar_disable_irq</STRONG> (ARM, 44 bytes, Stack size 8 bytes, drv_sc.o(i.drv_SC_entrar_disable_irq))
<BR><BR>[Stack]<UL><LI>Max Depth = 8<LI>Call Chain = drv_SC_entrar_disable_irq
</UL>
<BR>[Calls]<UL><LI><a href="#[24]">&gt;&gt;</a>&nbsp;&nbsp;&nbsp;deshabilitar_irq
</UL>
<BR>[Called By]<UL><LI><a href="#[50]">&gt;&gt;</a>&nbsp;&nbsp;&nbsp;test_seccion_critica
<LI><a href="#[47]">&gt;&gt;</a>&nbsp;&nbsp;&nbsp;rt_FIFO_extraer
<LI><a href="#[46]">&gt;&gt;</a>&nbsp;&nbsp;&nbsp;rt_FIFO_encolar
</UL>

<P><STRONG><a name="[25]"></a>drv_SC_salir_enable_irq</STRONG> (ARM, 52 bytes, Stack size 8 bytes, drv_sc.o(i.drv_SC_salir_enable_irq))
<BR><BR>[Stack]<UL><LI>Max Depth = 8<LI>Call Chain = drv_SC_salir_enable_irq
</UL>
<BR>[Calls]<UL><LI><a href="#[26]">&gt;&gt;</a>&nbsp;&nbsp;&nbsp;habilitar_irq
</UL>
<BR>[Called By]<UL><LI><a href="#[50]">&gt;&gt;</a>&nbsp;&nbsp;&nbsp;test_seccion_critica
<LI><a href="#[47]">&gt;&gt;</a>&nbsp;&nbsp;&nbsp;rt_FIFO_extraer
<LI><a href="#[46]">&gt;&gt;</a>&nbsp;&nbsp;&nbsp;rt_FIFO_encolar
</UL>

<P><STRONG><a name="[27]"></a>drv_WDT_iniciar</STRONG> (ARM, 24 bytes, Stack size 8 bytes, drv_wdt.o(i.drv_WDT_iniciar))
<BR><BR>[Stack]<UL><LI>Max Depth = 12<LI>Call Chain = drv_WDT_iniciar &rArr; hal_WDT_iniciar
</UL>
<BR>[Calls]<UL><LI><a href="#[28]">&gt;&gt;</a>&nbsp;&nbsp;&nbsp;hal_WDT_iniciar
</UL>
<BR>[Called By]<UL><LI><a href="#[44]">&gt;&gt;</a>&nbsp;&nbsp;&nbsp;rt_GE_iniciar
</UL>

<P><STRONG><a name="[29]"></a>drv_consumo_dormir</STRONG> (ARM, 64 bytes, Stack size 8 bytes, drv_consumo.o(i.drv_consumo_dormir))
<BR><BR>[Stack]<UL><LI>Max Depth = 32 + Unknown Stack Size
<LI>Call Chain = drv_consumo_dormir &rArr; drv_monitor_marcar &rArr; drv_monitor_establecer
</UL>
<BR>[Calls]<UL><LI><a href="#[2b]">&gt;&gt;</a>&nbsp;&nbsp;&nbsp;hal_consumo_dormir
<LI><a href="#[2c]">&gt;&gt;</a>&nbsp;&nbsp;&nbsp;drv_monitor_marcar
<LI><a href="#[2a]">&gt;&gt;</a>&nbsp;&nbsp;&nbsp;drv_monitor_desmarcar
</UL>
<BR>[Called By]<UL><LI><a href="#[e]">&gt;&gt;</a>&nbsp;&nbsp;&nbsp;rt_GE_actualizar
</UL>

<P><STRONG><a name="[2d]"></a>drv_consumo_iniciar</STRONG> (ARM, 40 bytes, Stack size 8 bytes, drv_consumo.o(i.drv_consumo_iniciar))
<BR><BR>[Stack]<UL><LI>Max Depth = 8<LI>Call Chain = drv_consumo_iniciar
</UL>
<BR>[Calls]<UL><LI><a href="#[2e]">&gt;&gt;</a>&nbsp;&nbsp;&nbsp;hal_consumo_iniciar
</UL>
<BR>[Called By]<UL><LI><a href="#[c]">&gt;&gt;</a>&nbsp;&nbsp;&nbsp;main
</UL>

<P><STRONG><a name="[2f]"></a>drv_led_establecer</STRONG> (ARM, 80 bytes, Stack size 16 bytes, drv_leds.o(i.drv_led_establecer))
<BR><BR>[Stack]<UL><LI>Max Depth = 16<LI>Call Chain = drv_led_establecer
</UL>
<BR>[Calls]<UL><LI><a href="#[32]">&gt;&gt;</a>&nbsp;&nbsp;&nbsp;hal_gpio_escribir
<LI><a href="#[30]">&gt;&gt;</a>&nbsp;&nbsp;&nbsp;led_id_valido
<LI><a href="#[31]">&gt;&gt;</a>&nbsp;&nbsp;&nbsp;hw_level_from_status
</UL>
<BR>[Called By]<UL><LI><a href="#[4f]">&gt;&gt;</a>&nbsp;&nbsp;&nbsp;test_gestor_eventos
<LI><a href="#[4e]">&gt;&gt;</a>&nbsp;&nbsp;&nbsp;test_fifo
<LI><a href="#[4d]">&gt;&gt;</a>&nbsp;&nbsp;&nbsp;test_alarmas
<LI><a href="#[45]">&gt;&gt;</a>&nbsp;&nbsp;&nbsp;test_ejecutar_todos
</UL>

<P><STRONG><a name="[33]"></a>drv_leds_iniciar</STRONG> (ARM, 92 bytes, Stack size 16 bytes, drv_leds.o(i.drv_leds_iniciar))
<BR><BR>[Stack]<UL><LI>Max Depth = 16<LI>Call Chain = drv_leds_iniciar
</UL>
<BR>[Calls]<UL><LI><a href="#[34]">&gt;&gt;</a>&nbsp;&nbsp;&nbsp;hal_gpio_sentido
<LI><a href="#[32]">&gt;&gt;</a>&nbsp;&nbsp;&nbsp;hal_gpio_escribir
<LI><a href="#[31]">&gt;&gt;</a>&nbsp;&nbsp;&nbsp;hw_level_from_status
</UL>
<BR>[Called By]<UL><LI><a href="#[c]">&gt;&gt;</a>&nbsp;&nbsp;&nbsp;main
</UL>

<P><STRONG><a name="[2a]"></a>drv_monitor_desmarcar</STRONG> (ARM, 52 bytes, Stack size 8 bytes, drv_monitor.o(i.drv_monitor_desmarcar))
<BR><BR>[Stack]<UL><LI>Max Depth = 24<LI>Call Chain = drv_monitor_desmarcar &rArr; drv_monitor_establecer
</UL>
<BR>[Calls]<UL><LI><a href="#[36]">&gt;&gt;</a>&nbsp;&nbsp;&nbsp;drv_monitor_establecer
<LI><a href="#[35]">&gt;&gt;</a>&nbsp;&nbsp;&nbsp;monitor_id_valido
</UL>
<BR>[Called By]<UL><LI><a href="#[29]">&gt;&gt;</a>&nbsp;&nbsp;&nbsp;drv_consumo_dormir
</UL>

<P><STRONG><a name="[36]"></a>drv_monitor_establecer</STRONG> (ARM, 80 bytes, Stack size 16 bytes, drv_monitor.o(i.drv_monitor_establecer))
<BR><BR>[Stack]<UL><LI>Max Depth = 16<LI>Call Chain = drv_monitor_establecer
</UL>
<BR>[Calls]<UL><LI><a href="#[35]">&gt;&gt;</a>&nbsp;&nbsp;&nbsp;monitor_id_valido
<LI><a href="#[37]">&gt;&gt;</a>&nbsp;&nbsp;&nbsp;hw_level_from_status
<LI><a href="#[32]">&gt;&gt;</a>&nbsp;&nbsp;&nbsp;hal_gpio_escribir
</UL>
<BR>[Called By]<UL><LI><a href="#[2c]">&gt;&gt;</a>&nbsp;&nbsp;&nbsp;drv_monitor_marcar
<LI><a href="#[2a]">&gt;&gt;</a>&nbsp;&nbsp;&nbsp;drv_monitor_desmarcar
</UL>

<P><STRONG><a name="[38]"></a>drv_monitor_iniciar</STRONG> (ARM, 92 bytes, Stack size 16 bytes, drv_monitor.o(i.drv_monitor_iniciar))
<BR><BR>[Stack]<UL><LI>Max Depth = 16<LI>Call Chain = drv_monitor_iniciar
</UL>
<BR>[Calls]<UL><LI><a href="#[37]">&gt;&gt;</a>&nbsp;&nbsp;&nbsp;hw_level_from_status
<LI><a href="#[34]">&gt;&gt;</a>&nbsp;&nbsp;&nbsp;hal_gpio_sentido
<LI><a href="#[32]">&gt;&gt;</a>&nbsp;&nbsp;&nbsp;hal_gpio_escribir
</UL>
<BR>[Called By]<UL><LI><a href="#[c]">&gt;&gt;</a>&nbsp;&nbsp;&nbsp;main
</UL>

<P><STRONG><a name="[2c]"></a>drv_monitor_marcar</STRONG> (ARM, 52 bytes, Stack size 8 bytes, drv_monitor.o(i.drv_monitor_marcar))
<BR><BR>[Stack]<UL><LI>Max Depth = 24<LI>Call Chain = drv_monitor_marcar &rArr; drv_monitor_establecer
</UL>
<BR>[Calls]<UL><LI><a href="#[36]">&gt;&gt;</a>&nbsp;&nbsp;&nbsp;drv_monitor_establecer
<LI><a href="#[35]">&gt;&gt;</a>&nbsp;&nbsp;&nbsp;monitor_id_valido
</UL>
<BR>[Called By]<UL><LI><a href="#[4f]">&gt;&gt;</a>&nbsp;&nbsp;&nbsp;test_gestor_eventos
<LI><a href="#[4e]">&gt;&gt;</a>&nbsp;&nbsp;&nbsp;test_fifo
<LI><a href="#[49]">&gt;&gt;</a>&nbsp;&nbsp;&nbsp;svc_alarma_activar
<LI><a href="#[4a]">&gt;&gt;</a>&nbsp;&nbsp;&nbsp;rt_GE_suscribir
<LI><a href="#[46]">&gt;&gt;</a>&nbsp;&nbsp;&nbsp;rt_FIFO_encolar
<LI><a href="#[29]">&gt;&gt;</a>&nbsp;&nbsp;&nbsp;drv_consumo_dormir
</UL>

<P><STRONG><a name="[39]"></a>drv_sonido_iniciar</STRONG> (ARM, 16 bytes, Stack size 8 bytes, drv_sonido.o(i.drv_sonido_iniciar))
<BR><BR>[Stack]<UL><LI>Max Depth = 8<LI>Call Chain = drv_sonido_iniciar
</UL>
<BR>[Calls]<UL><LI><a href="#[3a]">&gt;&gt;</a>&nbsp;&nbsp;&nbsp;hal_sonido_iniciar
</UL>
<BR>[Called By]<UL><LI><a href="#[c]">&gt;&gt;</a>&nbsp;&nbsp;&nbsp;main
</UL>

<P><STRONG><a name="[3b]"></a>drv_tiempo_actual_us</STRONG> (ARM, 124 bytes, Stack size 24 bytes, drv_tiempo.o(i.drv_tiempo_actual_us))
<BR><BR>[Stack]<UL><LI>Max Depth = 48<LI>Call Chain = drv_tiempo_actual_us &rArr; __aeabi_uldivmod
</UL>
<BR>[Calls]<UL><LI><a href="#[3c]">&gt;&gt;</a>&nbsp;&nbsp;&nbsp;hal_tiempo_actual_tick64
<LI><a href="#[3d]">&gt;&gt;</a>&nbsp;&nbsp;&nbsp;__aeabi_uldivmod
</UL>
<BR>[Called By]<UL><LI><a href="#[46]">&gt;&gt;</a>&nbsp;&nbsp;&nbsp;rt_FIFO_encolar
</UL>

<P><STRONG><a name="[3e]"></a>drv_tiempo_iniciar</STRONG> (ARM, 32 bytes, Stack size 8 bytes, drv_tiempo.o(i.drv_tiempo_iniciar))
<BR><BR>[Stack]<UL><LI>Max Depth = 8<LI>Call Chain = drv_tiempo_iniciar
</UL>
<BR>[Calls]<UL><LI><a href="#[3f]">&gt;&gt;</a>&nbsp;&nbsp;&nbsp;hal_tiempo_iniciar_tick
</UL>
<BR>[Called By]<UL><LI><a href="#[c]">&gt;&gt;</a>&nbsp;&nbsp;&nbsp;main
</UL>

<P><STRONG><a name="[26]"></a>habilitar_irq</STRONG> (ARM, 16 bytes, Stack size 0 bytes, hal_sc.o(i.habilitar_irq))
<BR><BR>[Called By]<UL><LI><a href="#[25]">&gt;&gt;</a>&nbsp;&nbsp;&nbsp;drv_SC_salir_enable_irq
</UL>

<P><STRONG><a name="[40]"></a>hal_WDT_feed</STRONG> (ARM, 24 bytes, Stack size 0 bytes, hal_wdt_lpc.o(i.hal_WDT_feed))
<BR><BR>[Called By]<UL><LI><a href="#[28]">&gt;&gt;</a>&nbsp;&nbsp;&nbsp;hal_WDT_iniciar
</UL>

<P><STRONG><a name="[28]"></a>hal_WDT_iniciar</STRONG> (ARM, 44 bytes, Stack size 4 bytes, hal_wdt_lpc.o(i.hal_WDT_iniciar))
<BR><BR>[Stack]<UL><LI>Max Depth = 4<LI>Call Chain = hal_WDT_iniciar
</UL>
<BR>[Calls]<UL><LI><a href="#[40]">&gt;&gt;</a>&nbsp;&nbsp;&nbsp;hal_WDT_feed
</UL>
<BR>[Called By]<UL><LI><a href="#[27]">&gt;&gt;</a>&nbsp;&nbsp;&nbsp;drv_WDT_iniciar
</UL>

<P><STRONG><a name="[2b]"></a>hal_consumo_dormir</STRONG> (ARM, 44 bytes, Stack size 8 bytes, hal_consumo_lpc.o(i.hal_consumo_dormir))
<BR><BR>[Stack]<UL><LI>Max Depth = 8 + Unknown Stack Size
<LI>Call Chain = hal_consumo_dormir
</UL>
<BR>[Calls]<UL><LI><a href="#[41]">&gt;&gt;</a>&nbsp;&nbsp;&nbsp;switch_to_PLL
</UL>
<BR>[Called By]<UL><LI><a href="#[29]">&gt;&gt;</a>&nbsp;&nbsp;&nbsp;drv_consumo_dormir
</UL>

<P><STRONG><a name="[2e]"></a>hal_consumo_iniciar</STRONG> (ARM, 16 bytes, Stack size 0 bytes, hal_consumo_lpc.o(i.hal_consumo_iniciar))
<BR><BR>[Called By]<UL><LI><a href="#[2d]">&gt;&gt;</a>&nbsp;&nbsp;&nbsp;drv_consumo_iniciar
</UL>

<P><STRONG><a name="[32]"></a>hal_gpio_escribir</STRONG> (ARM, 44 bytes, Stack size 0 bytes, hal_gpio_lpc.o(i.hal_gpio_escribir))
<BR><BR>[Called By]<UL><LI><a href="#[36]">&gt;&gt;</a>&nbsp;&nbsp;&nbsp;drv_monitor_establecer
<LI><a href="#[2f]">&gt;&gt;</a>&nbsp;&nbsp;&nbsp;drv_led_establecer
<LI><a href="#[38]">&gt;&gt;</a>&nbsp;&nbsp;&nbsp;drv_monitor_iniciar
<LI><a href="#[33]">&gt;&gt;</a>&nbsp;&nbsp;&nbsp;drv_leds_iniciar
</UL>

<P><STRONG><a name="[42]"></a>hal_gpio_iniciar</STRONG> (ARM, 16 bytes, Stack size 0 bytes, hal_gpio_lpc.o(i.hal_gpio_iniciar))
<BR><BR>[Called By]<UL><LI><a href="#[c]">&gt;&gt;</a>&nbsp;&nbsp;&nbsp;main
</UL>

<P><STRONG><a name="[34]"></a>hal_gpio_sentido</STRONG> (ARM, 72 bytes, Stack size 0 bytes, hal_gpio_lpc.o(i.hal_gpio_sentido))
<BR><BR>[Called By]<UL><LI><a href="#[38]">&gt;&gt;</a>&nbsp;&nbsp;&nbsp;drv_monitor_iniciar
<LI><a href="#[33]">&gt;&gt;</a>&nbsp;&nbsp;&nbsp;drv_leds_iniciar
</UL>

<P><STRONG><a name="[3a]"></a>hal_sonido_iniciar</STRONG> (ARM, 4 bytes, Stack size 0 bytes, hal_sonido_lpc.o(i.hal_sonido_iniciar))
<BR><BR>[Called By]<UL><LI><a href="#[39]">&gt;&gt;</a>&nbsp;&nbsp;&nbsp;drv_sonido_iniciar
</UL>

<P><STRONG><a name="[3c]"></a>hal_tiempo_actual_tick64</STRONG> (ARM, 100 bytes, Stack size 8 bytes, hal_tiempo_lpc.o(i.hal_tiempo_actual_tick64))
<BR><BR>[Stack]<UL><LI>Max Depth = 8<LI>Call Chain = hal_tiempo_actual_tick64
</UL>
<BR>[Called By]<UL><LI><a href="#[3b]">&gt;&gt;</a>&nbsp;&nbsp;&nbsp;drv_tiempo_actual_us
</UL>

<P><STRONG><a name="[3f]"></a>hal_tiempo_iniciar_tick</STRONG> (ARM, 140 bytes, Stack size 0 bytes, hal_tiempo_lpc.o(i.hal_tiempo_iniciar_tick))
<BR><BR>[Called By]<UL><LI><a href="#[3e]">&gt;&gt;</a>&nbsp;&nbsp;&nbsp;drv_tiempo_iniciar
</UL>

<P><STRONG><a name="[c]"></a>main</STRONG> (ARM, 64 bytes, Stack size 0 bytes, main.o(i.main))
<BR><BR>[Stack]<UL><LI>Max Depth = 120<LI>Call Chain = main &rArr; test_ejecutar_todos &rArr; test_gestor_eventos &rArr; rt_FIFO_encolar &rArr; drv_tiempo_actual_us &rArr; __aeabi_uldivmod
</UL>
<BR>[Calls]<UL><LI><a href="#[45]">&gt;&gt;</a>&nbsp;&nbsp;&nbsp;test_ejecutar_todos
<LI><a href="#[44]">&gt;&gt;</a>&nbsp;&nbsp;&nbsp;rt_GE_iniciar
<LI><a href="#[43]">&gt;&gt;</a>&nbsp;&nbsp;&nbsp;rt_FIFO_inicializar
<LI><a href="#[42]">&gt;&gt;</a>&nbsp;&nbsp;&nbsp;hal_gpio_iniciar
<LI><a href="#[3e]">&gt;&gt;</a>&nbsp;&nbsp;&nbsp;drv_tiempo_iniciar
<LI><a href="#[39]">&gt;&gt;</a>&nbsp;&nbsp;&nbsp;drv_sonido_iniciar
<LI><a href="#[38]">&gt;&gt;</a>&nbsp;&nbsp;&nbsp;drv_monitor_iniciar
<LI><a href="#[33]">&gt;&gt;</a>&nbsp;&nbsp;&nbsp;drv_leds_iniciar
<LI><a href="#[2d]">&gt;&gt;</a>&nbsp;&nbsp;&nbsp;drv_consumo_iniciar
</UL>
<BR>[Address Reference Count : 1]<UL><LI> __rtentry2.o(.ARM.Collect$$rtentry$$0000000D)
</UL>
<P><STRONG><a name="[46]"></a>rt_FIFO_encolar</STRONG> (ARM, 308 bytes, Stack size 40 bytes, rt_fifo.o(i.rt_FIFO_encolar))
<BR><BR>[Stack]<UL><LI>Max Depth = 88<LI>Call Chain = rt_FIFO_encolar &rArr; drv_tiempo_actual_us &rArr; __aeabi_uldivmod
</UL>
<BR>[Calls]<UL><LI><a href="#[25]">&gt;&gt;</a>&nbsp;&nbsp;&nbsp;drv_SC_salir_enable_irq
<LI><a href="#[23]">&gt;&gt;</a>&nbsp;&nbsp;&nbsp;drv_SC_entrar_disable_irq
<LI><a href="#[2c]">&gt;&gt;</a>&nbsp;&nbsp;&nbsp;drv_monitor_marcar
<LI><a href="#[3b]">&gt;&gt;</a>&nbsp;&nbsp;&nbsp;drv_tiempo_actual_us
</UL>
<BR>[Called By]<UL><LI><a href="#[4f]">&gt;&gt;</a>&nbsp;&nbsp;&nbsp;test_gestor_eventos
<LI><a href="#[4e]">&gt;&gt;</a>&nbsp;&nbsp;&nbsp;test_fifo
</UL>

<P><STRONG><a name="[47]"></a>rt_FIFO_extraer</STRONG> (ARM, 252 bytes, Stack size 40 bytes, rt_fifo.o(i.rt_FIFO_extraer))
<BR><BR>[Stack]<UL><LI>Max Depth = 48<LI>Call Chain = rt_FIFO_extraer &rArr; drv_SC_salir_enable_irq
</UL>
<BR>[Calls]<UL><LI><a href="#[25]">&gt;&gt;</a>&nbsp;&nbsp;&nbsp;drv_SC_salir_enable_irq
<LI><a href="#[23]">&gt;&gt;</a>&nbsp;&nbsp;&nbsp;drv_SC_entrar_disable_irq
</UL>
<BR>[Called By]<UL><LI><a href="#[4f]">&gt;&gt;</a>&nbsp;&nbsp;&nbsp;test_gestor_eventos
<LI><a href="#[4e]">&gt;&gt;</a>&nbsp;&nbsp;&nbsp;test_fifo
</UL>

<P><STRONG><a name="[43]"></a>rt_FIFO_inicializar</STRONG> (ARM, 60 bytes, Stack size 0 bytes, rt_fifo.o(i.rt_FIFO_inicializar))
<BR><BR>[Called By]<UL><LI><a href="#[c]">&gt;&gt;</a>&nbsp;&nbsp;&nbsp;main
</UL>

<P><STRONG><a name="[e]"></a>rt_GE_actualizar</STRONG> (ARM, 100 bytes, Stack size 16 bytes, rt_ge.o(i.rt_GE_actualizar))
<BR><BR>[Stack]<UL><LI>Max Depth = 64 + Unknown Stack Size
<LI>Call Chain = rt_GE_actualizar &rArr; svc_alarma_activar &rArr; drv_monitor_marcar &rArr; drv_monitor_establecer
</UL>
<BR>[Calls]<UL><LI><a href="#[48]">&gt;&gt;</a>&nbsp;&nbsp;&nbsp;svc_alarma_codificar
<LI><a href="#[49]">&gt;&gt;</a>&nbsp;&nbsp;&nbsp;svc_alarma_activar
<LI><a href="#[29]">&gt;&gt;</a>&nbsp;&nbsp;&nbsp;drv_consumo_dormir
</UL>
<BR>[Address Reference Count : 1]<UL><LI> rt_ge.o(i.rt_GE_iniciar)
</UL>
<P><STRONG><a name="[44]"></a>rt_GE_iniciar</STRONG> (ARM, 184 bytes, Stack size 8 bytes, rt_ge.o(i.rt_GE_iniciar))
<BR><BR>[Stack]<UL><LI>Max Depth = 56<LI>Call Chain = rt_GE_iniciar &rArr; rt_GE_suscribir &rArr; drv_monitor_marcar &rArr; drv_monitor_establecer
</UL>
<BR>[Calls]<UL><LI><a href="#[27]">&gt;&gt;</a>&nbsp;&nbsp;&nbsp;drv_WDT_iniciar
<LI><a href="#[4a]">&gt;&gt;</a>&nbsp;&nbsp;&nbsp;rt_GE_suscribir
</UL>
<BR>[Called By]<UL><LI><a href="#[c]">&gt;&gt;</a>&nbsp;&nbsp;&nbsp;main
</UL>

<P><STRONG><a name="[4a]"></a>rt_GE_suscribir</STRONG> (ARM, 236 bytes, Stack size 24 bytes, rt_ge.o(i.rt_GE_suscribir))
<BR><BR>[Stack]<UL><LI>Max Depth = 48<LI>Call Chain = rt_GE_suscribir &rArr; drv_monitor_marcar &rArr; drv_monitor_establecer
</UL>
<BR>[Calls]<UL><LI><a href="#[2c]">&gt;&gt;</a>&nbsp;&nbsp;&nbsp;drv_monitor_marcar
</UL>
<BR>[Called By]<UL><LI><a href="#[4f]">&gt;&gt;</a>&nbsp;&nbsp;&nbsp;test_gestor_eventos
<LI><a href="#[44]">&gt;&gt;</a>&nbsp;&nbsp;&nbsp;rt_GE_iniciar
</UL>

<P><STRONG><a name="[49]"></a>svc_alarma_activar</STRONG> (ARM, 276 bytes, Stack size 24 bytes, svc_alarmas.o(i.svc_alarma_activar))
<BR><BR>[Stack]<UL><LI>Max Depth = 48<LI>Call Chain = svc_alarma_activar &rArr; drv_monitor_marcar &rArr; drv_monitor_establecer
</UL>
<BR>[Calls]<UL><LI><a href="#[4c]">&gt;&gt;</a>&nbsp;&nbsp;&nbsp;buscar_slot_libre
<LI><a href="#[4b]">&gt;&gt;</a>&nbsp;&nbsp;&nbsp;buscar_alarma
<LI><a href="#[2c]">&gt;&gt;</a>&nbsp;&nbsp;&nbsp;drv_monitor_marcar
</UL>
<BR>[Called By]<UL><LI><a href="#[e]">&gt;&gt;</a>&nbsp;&nbsp;&nbsp;rt_GE_actualizar
</UL>

<P><STRONG><a name="[48]"></a>svc_alarma_codificar</STRONG> (ARM, 44 bytes, Stack size 0 bytes, svc_alarmas.o(i.svc_alarma_codificar))
<BR><BR>[Called By]<UL><LI><a href="#[4d]">&gt;&gt;</a>&nbsp;&nbsp;&nbsp;test_alarmas
<LI><a href="#[e]">&gt;&gt;</a>&nbsp;&nbsp;&nbsp;rt_GE_actualizar
</UL>

<P><STRONG><a name="[4d]"></a>test_alarmas</STRONG> (ARM, 88 bytes, Stack size 8 bytes, test.o(i.test_alarmas))
<BR><BR>[Stack]<UL><LI>Max Depth = 24<LI>Call Chain = test_alarmas &rArr; drv_led_establecer
</UL>
<BR>[Calls]<UL><LI><a href="#[48]">&gt;&gt;</a>&nbsp;&nbsp;&nbsp;svc_alarma_codificar
<LI><a href="#[2f]">&gt;&gt;</a>&nbsp;&nbsp;&nbsp;drv_led_establecer
</UL>
<BR>[Called By]<UL><LI><a href="#[45]">&gt;&gt;</a>&nbsp;&nbsp;&nbsp;test_ejecutar_todos
</UL>

<P><STRONG><a name="[f]"></a>test_callback_evento</STRONG> (ARM, 52 bytes, Stack size 0 bytes, test.o(i.test_callback_evento))
<BR><BR>[Called By]<UL><LI><a href="#[4f]">&gt;&gt;</a>&nbsp;&nbsp;&nbsp;test_gestor_eventos
</UL>
<BR>[Address Reference Count : 1]<UL><LI> test.o(i.test_gestor_eventos)
</UL>
<P><STRONG><a name="[45]"></a>test_ejecutar_todos</STRONG> (ARM, 236 bytes, Stack size 16 bytes, test.o(i.test_ejecutar_todos))
<BR><BR>[Stack]<UL><LI>Max Depth = 120<LI>Call Chain = test_ejecutar_todos &rArr; test_gestor_eventos &rArr; rt_FIFO_encolar &rArr; drv_tiempo_actual_us &rArr; __aeabi_uldivmod
</UL>
<BR>[Calls]<UL><LI><a href="#[50]">&gt;&gt;</a>&nbsp;&nbsp;&nbsp;test_seccion_critica
<LI><a href="#[4f]">&gt;&gt;</a>&nbsp;&nbsp;&nbsp;test_gestor_eventos
<LI><a href="#[4e]">&gt;&gt;</a>&nbsp;&nbsp;&nbsp;test_fifo
<LI><a href="#[4d]">&gt;&gt;</a>&nbsp;&nbsp;&nbsp;test_alarmas
<LI><a href="#[2f]">&gt;&gt;</a>&nbsp;&nbsp;&nbsp;drv_led_establecer
</UL>
<BR>[Called By]<UL><LI><a href="#[c]">&gt;&gt;</a>&nbsp;&nbsp;&nbsp;main
</UL>

<P><STRONG><a name="[4e]"></a>test_fifo</STRONG> (ARM, 256 bytes, Stack size 16 bytes, test.o(i.test_fifo))
<BR><BR>[Stack]<UL><LI>Max Depth = 104<LI>Call Chain = test_fifo &rArr; rt_FIFO_encolar &rArr; drv_tiempo_actual_us &rArr; __aeabi_uldivmod
</UL>
<BR>[Calls]<UL><LI><a href="#[47]">&gt;&gt;</a>&nbsp;&nbsp;&nbsp;rt_FIFO_extraer
<LI><a href="#[46]">&gt;&gt;</a>&nbsp;&nbsp;&nbsp;rt_FIFO_encolar
<LI><a href="#[2c]">&gt;&gt;</a>&nbsp;&nbsp;&nbsp;drv_monitor_marcar
<LI><a href="#[2f]">&gt;&gt;</a>&nbsp;&nbsp;&nbsp;drv_led_establecer
</UL>
<BR>[Called By]<UL><LI><a href="#[45]">&gt;&gt;</a>&nbsp;&nbsp;&nbsp;test_ejecutar_todos
</UL>

<P><STRONG><a name="[4f]"></a>test_gestor_eventos</STRONG> (ARM, 172 bytes, Stack size 16 bytes, test.o(i.test_gestor_eventos))
<BR><BR>[Stack]<UL><LI>Max Depth = 104<LI>Call Chain = test_gestor_eventos &rArr; rt_FIFO_encolar &rArr; drv_tiempo_actual_us &rArr; __aeabi_uldivmod
</UL>
<BR>[Calls]<UL><LI><a href="#[f]">&gt;&gt;</a>&nbsp;&nbsp;&nbsp;test_callback_evento
<LI><a href="#[4a]">&gt;&gt;</a>&nbsp;&nbsp;&nbsp;rt_GE_suscribir
<LI><a href="#[47]">&gt;&gt;</a>&nbsp;&nbsp;&nbsp;rt_FIFO_extraer
<LI><a href="#[46]">&gt;&gt;</a>&nbsp;&nbsp;&nbsp;rt_FIFO_encolar
<LI><a href="#[2c]">&gt;&gt;</a>&nbsp;&nbsp;&nbsp;drv_monitor_marcar
<LI><a href="#[2f]">&gt;&gt;</a>&nbsp;&nbsp;&nbsp;drv_led_establecer
</UL>
<BR>[Called By]<UL><LI><a href="#[45]">&gt;&gt;</a>&nbsp;&nbsp;&nbsp;test_ejecutar_todos
</UL>

<P><STRONG><a name="[50]"></a>test_seccion_critica</STRONG> (ARM, 44 bytes, Stack size 8 bytes, test.o(i.test_seccion_critica))
<BR><BR>[Stack]<UL><LI>Max Depth = 16<LI>Call Chain = test_seccion_critica &rArr; drv_SC_salir_enable_irq
</UL>
<BR>[Calls]<UL><LI><a href="#[25]">&gt;&gt;</a>&nbsp;&nbsp;&nbsp;drv_SC_salir_enable_irq
<LI><a href="#[23]">&gt;&gt;</a>&nbsp;&nbsp;&nbsp;drv_SC_entrar_disable_irq
</UL>
<BR>[Called By]<UL><LI><a href="#[45]">&gt;&gt;</a>&nbsp;&nbsp;&nbsp;test_ejecutar_todos
</UL>
<P>
<H3>
Local Symbols
</H3>
<P><STRONG><a name="[31]"></a>hw_level_from_status</STRONG> (ARM, 28 bytes, Stack size 0 bytes, drv_leds.o(i.hw_level_from_status))
<BR><BR>[Called By]<UL><LI><a href="#[2f]">&gt;&gt;</a>&nbsp;&nbsp;&nbsp;drv_led_establecer
<LI><a href="#[33]">&gt;&gt;</a>&nbsp;&nbsp;&nbsp;drv_leds_iniciar
</UL>

<P><STRONG><a name="[30]"></a>led_id_valido</STRONG> (ARM, 36 bytes, Stack size 0 bytes, drv_leds.o(i.led_id_valido))
<BR><BR>[Called By]<UL><LI><a href="#[2f]">&gt;&gt;</a>&nbsp;&nbsp;&nbsp;drv_led_establecer
</UL>

<P><STRONG><a name="[37]"></a>hw_level_from_status</STRONG> (ARM, 28 bytes, Stack size 0 bytes, drv_monitor.o(i.hw_level_from_status))
<BR><BR>[Called By]<UL><LI><a href="#[36]">&gt;&gt;</a>&nbsp;&nbsp;&nbsp;drv_monitor_establecer
<LI><a href="#[38]">&gt;&gt;</a>&nbsp;&nbsp;&nbsp;drv_monitor_iniciar
</UL>

<P><STRONG><a name="[35]"></a>monitor_id_valido</STRONG> (ARM, 36 bytes, Stack size 0 bytes, drv_monitor.o(i.monitor_id_valido))
<BR><BR>[Called By]<UL><LI><a href="#[36]">&gt;&gt;</a>&nbsp;&nbsp;&nbsp;drv_monitor_establecer
<LI><a href="#[2c]">&gt;&gt;</a>&nbsp;&nbsp;&nbsp;drv_monitor_marcar
<LI><a href="#[2a]">&gt;&gt;</a>&nbsp;&nbsp;&nbsp;drv_monitor_desmarcar
</UL>

<P><STRONG><a name="[4b]"></a>buscar_alarma</STRONG> (ARM, 108 bytes, Stack size 0 bytes, svc_alarmas.o(i.buscar_alarma))
<BR><BR>[Called By]<UL><LI><a href="#[49]">&gt;&gt;</a>&nbsp;&nbsp;&nbsp;svc_alarma_activar
</UL>

<P><STRONG><a name="[4c]"></a>buscar_slot_libre</STRONG> (ARM, 60 bytes, Stack size 0 bytes, svc_alarmas.o(i.buscar_slot_libre))
<BR><BR>[Called By]<UL><LI><a href="#[49]">&gt;&gt;</a>&nbsp;&nbsp;&nbsp;svc_alarma_activar
</UL>

<P><STRONG><a name="[5]"></a>Undef_Handler</STRONG> (ARM, 4 bytes, Stack size unknown bytes, startup.o(RESET))
<BR><BR>[Calls]<UL><LI><a href="#[5]">&gt;&gt;</a>&nbsp;&nbsp;&nbsp;Undef_Handler
</UL>
<BR>[Called By]<UL><LI><a href="#[5]">&gt;&gt;</a>&nbsp;&nbsp;&nbsp;Undef_Handler
</UL>
<BR>[Address Reference Count : 1]<UL><LI> startup.o(RESET)
</UL>
<P><STRONG><a name="[6]"></a>SWI_Handler</STRONG> (ARM, 4 bytes, Stack size unknown bytes, startup.o(RESET))
<BR><BR>[Calls]<UL><LI><a href="#[6]">&gt;&gt;</a>&nbsp;&nbsp;&nbsp;SWI_Handler
</UL>
<BR>[Called By]<UL><LI><a href="#[6]">&gt;&gt;</a>&nbsp;&nbsp;&nbsp;SWI_Handler
</UL>
<BR>[Address Reference Count : 1]<UL><LI> startup.o(RESET)
</UL>
<P><STRONG><a name="[7]"></a>PAbt_Handler</STRONG> (ARM, 4 bytes, Stack size unknown bytes, startup.o(RESET))
<BR><BR>[Calls]<UL><LI><a href="#[7]">&gt;&gt;</a>&nbsp;&nbsp;&nbsp;PAbt_Handler
</UL>
<BR>[Called By]<UL><LI><a href="#[7]">&gt;&gt;</a>&nbsp;&nbsp;&nbsp;PAbt_Handler
</UL>
<BR>[Address Reference Count : 1]<UL><LI> startup.o(RESET)
</UL>
<P><STRONG><a name="[8]"></a>DAbt_Handler</STRONG> (ARM, 4 bytes, Stack size unknown bytes, startup.o(RESET))
<BR><BR>[Calls]<UL><LI><a href="#[8]">&gt;&gt;</a>&nbsp;&nbsp;&nbsp;DAbt_Handler
</UL>
<BR>[Called By]<UL><LI><a href="#[8]">&gt;&gt;</a>&nbsp;&nbsp;&nbsp;DAbt_Handler
</UL>
<BR>[Address Reference Count : 1]<UL><LI> startup.o(RESET)
</UL>
<P><STRONG><a name="[9]"></a>IRQ_Handler</STRONG> (ARM, 4 bytes, Stack size unknown bytes, startup.o(RESET))
<BR><BR>[Calls]<UL><LI><a href="#[9]">&gt;&gt;</a>&nbsp;&nbsp;&nbsp;IRQ_Handler
</UL>
<BR>[Called By]<UL><LI><a href="#[9]">&gt;&gt;</a>&nbsp;&nbsp;&nbsp;IRQ_Handler
</UL>
<BR>[Address Reference Count : 1]<UL><LI> startup.o(RESET)
</UL>
<P><STRONG><a name="[a]"></a>FIQ_Handler</STRONG> (ARM, 4 bytes, Stack size unknown bytes, startup.o(RESET))
<BR><BR>[Calls]<UL><LI><a href="#[a]">&gt;&gt;</a>&nbsp;&nbsp;&nbsp;FIQ_Handler
</UL>
<BR>[Called By]<UL><LI><a href="#[a]">&gt;&gt;</a>&nbsp;&nbsp;&nbsp;FIQ_Handler
</UL>
<BR>[Address Reference Count : 1]<UL><LI> startup.o(RESET)
</UL><P>
<H3>
Undefined Global Symbols
</H3>
<P><STRONG><a name="[21]"></a>_call_atexit_fns</STRONG> (ARM, 0 bytes, Stack size 0 bytes, UNDEFINED)
<BR><BR>[Called By]<UL><LI><a href="#[1a]">&gt;&gt;</a>&nbsp;&nbsp;&nbsp;exit
</UL>
<HR></body></html>
