Component: ARM Compiler 5.06 update 6 (build 750) Tool: armlink [4d35ed]

==============================================================================

Section Cross References

    main.o(i.main) refers to drv_tiempo.o(i.drv_tiempo_iniciar) for drv_tiempo_iniciar
    main.o(i.main) refers to hal_gpio_nrf.o(i.hal_gpio_iniciar) for hal_gpio_iniciar
    main.o(i.main) refers to drv_consumo.o(i.drv_consumo_iniciar) for drv_consumo_iniciar
    main.o(i.main) refers to drv_monitor.o(i.drv_monitor_iniciar) for drv_monitor_iniciar
    main.o(i.main) refers to drv_sonido.o(i.drv_sonido_iniciar) for drv_sonido_iniciar
    main.o(i.main) refers to drv_leds.o(i.drv_leds_iniciar) for drv_leds_iniciar
    main.o(i.main) refers to rt_fifo.o(i.rt_FIFO_inicializar) for rt_FIFO_inicializar
    main.o(i.main) refers to rt_ge.o(i.rt_GE_iniciar) for rt_GE_iniciar
    main.o(i.main) refers to svc_alarmas.o(i.svc_alarma_iniciar) for svc_alarma_iniciar
    main.o(i.main) refers to drv_botones.o(i.drv_botones_iniciar) for drv_botones_iniciar
    main.o(i.main) refers to drv_aleatorios.o(i.drv_aleatorios_iniciar) for drv_aleatorios_iniciar
    main.o(i.main) refers to beat_hero.o(i.beat_hero_iniciar) for beat_hero_iniciar
    main.o(i.main) refers to rt_ge.o(i.rt_GE_lanzador) for rt_GE_lanzador
    main.o(i.main) refers to rt_fifo.o(i.rt_FIFO_encolar) for rt_FIFO_encolar
    drv_leds.o(i.drv_led_conmutar) refers to hal_gpio_nrf.o(i.hal_gpio_leer) for hal_gpio_leer
    drv_leds.o(i.drv_led_conmutar) refers to hal_gpio_nrf.o(i.hal_gpio_escribir) for hal_gpio_escribir
    drv_leds.o(i.drv_led_conmutar) refers to drv_leds.o(.constdata) for .constdata
    drv_leds.o(i.drv_led_establecer) refers to hal_gpio_nrf.o(i.hal_gpio_escribir) for hal_gpio_escribir
    drv_leds.o(i.drv_led_establecer) refers to drv_leds.o(.constdata) for .constdata
    drv_leds.o(i.drv_led_estado) refers to hal_gpio_nrf.o(i.hal_gpio_leer) for hal_gpio_leer
    drv_leds.o(i.drv_led_estado) refers to drv_leds.o(.constdata) for .constdata
    drv_leds.o(i.drv_leds_iniciar) refers to hal_gpio_nrf.o(i.hal_gpio_sentido) for hal_gpio_sentido
    drv_leds.o(i.drv_leds_iniciar) refers to hal_gpio_nrf.o(i.hal_gpio_escribir) for hal_gpio_escribir
    drv_leds.o(i.drv_leds_iniciar) refers to drv_leds.o(.constdata) for .constdata
    drv_tiempo.o(i.drv_funcion_callback_app) refers to drv_tiempo.o(.data) for .data
    drv_tiempo.o(i.drv_tiempo_actual_ms) refers to hal_tiempo_nrf.o(i.hal_tiempo_actual_tick64) for hal_tiempo_actual_tick64
    drv_tiempo.o(i.drv_tiempo_actual_ms) refers to uldiv.o(.text) for __aeabi_uldivmod
    drv_tiempo.o(i.drv_tiempo_actual_ms) refers to drv_tiempo.o(.data) for .data
    drv_tiempo.o(i.drv_tiempo_actual_ms) refers to drv_tiempo.o(.bss) for .bss
    drv_tiempo.o(i.drv_tiempo_actual_us) refers to hal_tiempo_nrf.o(i.hal_tiempo_actual_tick64) for hal_tiempo_actual_tick64
    drv_tiempo.o(i.drv_tiempo_actual_us) refers to uldiv.o(.text) for __aeabi_uldivmod
    drv_tiempo.o(i.drv_tiempo_actual_us) refers to drv_tiempo.o(.data) for .data
    drv_tiempo.o(i.drv_tiempo_actual_us) refers to drv_tiempo.o(.bss) for .bss
    drv_tiempo.o(i.drv_tiempo_esperar_hasta_ms) refers to drv_tiempo.o(i.drv_tiempo_actual_ms) for drv_tiempo_actual_ms
    drv_tiempo.o(i.drv_tiempo_esperar_hasta_ms) refers to hal_tiempo_nrf.o(i.hal_tiempo_actual_tick64) for hal_tiempo_actual_tick64
    drv_tiempo.o(i.drv_tiempo_esperar_hasta_ms) refers to uldiv.o(.text) for __aeabi_uldivmod
    drv_tiempo.o(i.drv_tiempo_esperar_hasta_ms) refers to drv_tiempo.o(.data) for .data
    drv_tiempo.o(i.drv_tiempo_esperar_hasta_ms) refers to drv_tiempo.o(.bss) for .bss
    drv_tiempo.o(i.drv_tiempo_esperar_ms) refers to drv_tiempo.o(i.drv_tiempo_actual_ms) for drv_tiempo_actual_ms
    drv_tiempo.o(i.drv_tiempo_esperar_ms) refers to hal_tiempo_nrf.o(i.hal_tiempo_actual_tick64) for hal_tiempo_actual_tick64
    drv_tiempo.o(i.drv_tiempo_esperar_ms) refers to uldiv.o(.text) for __aeabi_uldivmod
    drv_tiempo.o(i.drv_tiempo_esperar_ms) refers to drv_tiempo.o(.data) for .data
    drv_tiempo.o(i.drv_tiempo_esperar_ms) refers to drv_tiempo.o(.bss) for .bss
    drv_tiempo.o(i.drv_tiempo_iniciar) refers to hal_tiempo_nrf.o(i.hal_tiempo_iniciar_tick) for hal_tiempo_iniciar_tick
    drv_tiempo.o(i.drv_tiempo_iniciar) refers to drv_tiempo.o(.bss) for .bss
    drv_tiempo.o(i.drv_tiempo_iniciar) refers to drv_tiempo.o(.data) for .data
    drv_tiempo.o(i.drv_tiempo_periodico_ms) refers to hal_tiempo_nrf.o(i.hal_tiempo_reloj_periodico_tick) for hal_tiempo_reloj_periodico_tick
    drv_tiempo.o(i.drv_tiempo_periodico_ms) refers to drv_tiempo.o(.data) for .data
    drv_tiempo.o(i.drv_tiempo_periodico_ms) refers to drv_tiempo.o(.bss) for .bss
    drv_tiempo.o(i.drv_tiempo_periodico_ms) refers to drv_tiempo.o(i.drv_funcion_callback_app) for drv_funcion_callback_app
    drv_consumo.o(i.drv_consumo_dormir) refers to drv_monitor.o(i.drv_monitor_desmarcar) for drv_monitor_desmarcar
    drv_consumo.o(i.drv_consumo_dormir) refers to hal_consumo_nrf.o(i.hal_consumo_dormir) for hal_consumo_dormir
    drv_consumo.o(i.drv_consumo_dormir) refers to drv_monitor.o(i.drv_monitor_marcar) for drv_monitor_marcar
    drv_consumo.o(i.drv_consumo_dormir) refers to drv_consumo.o(.data) for .data
    drv_consumo.o(i.drv_consumo_esperar) refers to drv_monitor.o(i.drv_monitor_desmarcar) for drv_monitor_desmarcar
    drv_consumo.o(i.drv_consumo_esperar) refers to hal_consumo_nrf.o(i.hal_consumo_esperar) for hal_consumo_esperar
    drv_consumo.o(i.drv_consumo_esperar) refers to drv_monitor.o(i.drv_monitor_marcar) for drv_monitor_marcar
    drv_consumo.o(i.drv_consumo_esperar) refers to drv_consumo.o(.data) for .data
    drv_consumo.o(i.drv_consumo_iniciar) refers to hal_consumo_nrf.o(i.hal_consumo_iniciar) for hal_consumo_iniciar
    drv_consumo.o(i.drv_consumo_iniciar) refers to drv_consumo.o(.data) for .data
    drv_monitor.o(i.drv_monitor_desmarcar) refers to hal_gpio_nrf.o(i.hal_gpio_escribir) for hal_gpio_escribir
    drv_monitor.o(i.drv_monitor_desmarcar) refers to drv_monitor.o(.constdata) for .constdata
    drv_monitor.o(i.drv_monitor_establecer) refers to hal_gpio_nrf.o(i.hal_gpio_escribir) for hal_gpio_escribir
    drv_monitor.o(i.drv_monitor_establecer) refers to drv_monitor.o(.constdata) for .constdata
    drv_monitor.o(i.drv_monitor_estado) refers to hal_gpio_nrf.o(i.hal_gpio_leer) for hal_gpio_leer
    drv_monitor.o(i.drv_monitor_estado) refers to drv_monitor.o(.constdata) for .constdata
    drv_monitor.o(i.drv_monitor_iniciar) refers to hal_gpio_nrf.o(i.hal_gpio_sentido) for hal_gpio_sentido
    drv_monitor.o(i.drv_monitor_iniciar) refers to hal_gpio_nrf.o(i.hal_gpio_escribir) for hal_gpio_escribir
    drv_monitor.o(i.drv_monitor_iniciar) refers to drv_monitor.o(.constdata) for .constdata
    drv_monitor.o(i.drv_monitor_marcar) refers to hal_gpio_nrf.o(i.hal_gpio_escribir) for hal_gpio_escribir
    drv_monitor.o(i.drv_monitor_marcar) refers to drv_monitor.o(.constdata) for .constdata
    rt_fifo.o(i.rt_FIFO_encolar) refers to drv_tiempo.o(i.drv_tiempo_actual_us) for drv_tiempo_actual_us
    rt_fifo.o(i.rt_FIFO_encolar) refers to drv_sc.o(i.drv_SC_entrar_disable_irq) for drv_SC_entrar_disable_irq
    rt_fifo.o(i.rt_FIFO_encolar) refers to drv_monitor.o(i.drv_monitor_marcar) for drv_monitor_marcar
    rt_fifo.o(i.rt_FIFO_encolar) refers to drv_sc.o(i.drv_SC_salir_enable_irq) for drv_SC_salir_enable_irq
    rt_fifo.o(i.rt_FIFO_encolar) refers to rt_fifo.o(.data) for .data
    rt_fifo.o(i.rt_FIFO_encolar) refers to rt_fifo.o(.bss) for .bss
    rt_fifo.o(i.rt_FIFO_extraer) refers to drv_sc.o(i.drv_SC_entrar_disable_irq) for drv_SC_entrar_disable_irq
    rt_fifo.o(i.rt_FIFO_extraer) refers to drv_sc.o(i.drv_SC_salir_enable_irq) for drv_SC_salir_enable_irq
    rt_fifo.o(i.rt_FIFO_extraer) refers to rt_fifo.o(.bss) for .bss
    rt_fifo.o(i.rt_FIFO_inicializar) refers to rt_fifo.o(.bss) for .bss
    rt_fifo.o(i.rt_FIFO_inicializar) refers to rt_fifo.o(.data) for .data
    drv_botones.o(i.drv_botones_actualizar) refers to hal_ext_int_nrf.o(i.hal_ext_int_habilitar) for hal_ext_int_habilitar
    drv_botones.o(i.drv_botones_actualizar) refers to svc_alarmas.o(i.svc_alarma_codificar) for svc_alarma_codificar
    drv_botones.o(i.drv_botones_actualizar) refers to svc_alarmas.o(i.svc_alarma_activar) for svc_alarma_activar
    drv_botones.o(i.drv_botones_actualizar) refers to hal_gpio_nrf.o(i.hal_gpio_leer) for hal_gpio_leer
    drv_botones.o(i.drv_botones_actualizar) refers to hal_ext_int_nrf.o(i.hal_ext_int_limpiar_pendiente) for hal_ext_int_limpiar_pendiente
    drv_botones.o(i.drv_botones_actualizar) refers to drv_botones.o(.data) for .data
    drv_botones.o(i.drv_botones_actualizar) refers to drv_botones.o(.constdata) for .constdata
    drv_botones.o(i.drv_botones_iniciar) refers to rt_ge.o(i.rt_GE_suscribir) for rt_GE_suscribir
    drv_botones.o(i.drv_botones_iniciar) refers to hal_ext_int_nrf.o(i.hal_ext_int_iniciar) for hal_ext_int_iniciar
    drv_botones.o(i.drv_botones_iniciar) refers to hal_ext_int_nrf.o(i.hal_ext_int_habilitar) for hal_ext_int_habilitar
    drv_botones.o(i.drv_botones_iniciar) refers to drv_botones.o(.data) for .data
    drv_botones.o(i.drv_botones_iniciar) refers to drv_botones.o(i.drv_botones_actualizar) for drv_botones_actualizar
    drv_botones.o(i.drv_botones_iniciar) refers to drv_botones.o(i.drv_cb) for drv_cb
    drv_botones.o(i.drv_cb) refers to hal_ext_int_nrf.o(i.hal_ext_int_deshabilitar) for hal_ext_int_deshabilitar
    drv_botones.o(i.drv_cb) refers to drv_botones.o(.data) for .data
    rt_ge.o(i.rt_GE_actualizar) refers to drv_consumo.o(i.drv_consumo_dormir) for drv_consumo_dormir
    rt_ge.o(i.rt_GE_actualizar) refers to svc_alarmas.o(i.svc_alarma_codificar) for svc_alarma_codificar
    rt_ge.o(i.rt_GE_actualizar) refers to svc_alarmas.o(i.svc_alarma_activar) for svc_alarma_activar
    rt_ge.o(i.rt_GE_cancelar) refers to rt_ge.o(.bss) for .bss
    rt_ge.o(i.rt_GE_iniciar) refers to drv_wdt.o(i.drv_WDT_iniciar) for drv_WDT_iniciar
    rt_ge.o(i.rt_GE_iniciar) refers to rt_ge.o(i.rt_GE_suscribir) for rt_GE_suscribir
    rt_ge.o(i.rt_GE_iniciar) refers to rt_ge.o(.data) for .data
    rt_ge.o(i.rt_GE_iniciar) refers to rt_ge.o(.bss) for .bss
    rt_ge.o(i.rt_GE_iniciar) refers to rt_ge.o(i.rt_GE_actualizar) for rt_GE_actualizar
    rt_ge.o(i.rt_GE_lanzador) refers to svc_alarmas.o(i.svc_alarma_codificar) for svc_alarma_codificar
    rt_ge.o(i.rt_GE_lanzador) refers to svc_alarmas.o(i.svc_alarma_activar) for svc_alarma_activar
    rt_ge.o(i.rt_GE_lanzador) refers to drv_sc.o(i.drv_SC_entrar_disable_irq) for drv_SC_entrar_disable_irq
    rt_ge.o(i.rt_GE_lanzador) refers to drv_wdt.o(i.drv_WDT_alimentar) for drv_WDT_alimentar
    rt_ge.o(i.rt_GE_lanzador) refers to drv_sc.o(i.drv_SC_salir_enable_irq) for drv_SC_salir_enable_irq
    rt_ge.o(i.rt_GE_lanzador) refers to rt_fifo.o(i.rt_FIFO_extraer) for rt_FIFO_extraer
    rt_ge.o(i.rt_GE_lanzador) refers to drv_consumo.o(i.drv_consumo_esperar) for drv_consumo_esperar
    rt_ge.o(i.rt_GE_lanzador) refers to rt_ge.o(.bss) for .bss
    rt_ge.o(i.rt_GE_suscribir) refers to drv_monitor.o(i.drv_monitor_marcar) for drv_monitor_marcar
    rt_ge.o(i.rt_GE_suscribir) refers to rt_ge.o(.bss) for .bss
    rt_ge.o(i.rt_GE_suscribir) refers to rt_ge.o(.data) for .data
    svc_alarmas.o(i.svc_alarma_activar) refers to drv_monitor.o(i.drv_monitor_marcar) for drv_monitor_marcar
    svc_alarmas.o(i.svc_alarma_activar) refers to svc_alarmas.o(.bss) for .bss
    svc_alarmas.o(i.svc_alarma_activar) refers to svc_alarmas.o(.data) for .data
    svc_alarmas.o(i.svc_alarma_actualizar) refers to svc_alarmas.o(.data) for .data
    svc_alarmas.o(i.svc_alarma_actualizar) refers to svc_alarmas.o(.bss) for .bss
    svc_alarmas.o(i.svc_alarma_iniciar) refers to rt_ge.o(i.rt_GE_suscribir) for rt_GE_suscribir
    svc_alarmas.o(i.svc_alarma_iniciar) refers to drv_tiempo.o(i.drv_tiempo_periodico_ms) for drv_tiempo_periodico_ms
    svc_alarmas.o(i.svc_alarma_iniciar) refers to svc_alarmas.o(.data) for .data
    svc_alarmas.o(i.svc_alarma_iniciar) refers to svc_alarmas.o(.bss) for .bss
    svc_alarmas.o(i.svc_alarma_iniciar) refers to svc_alarmas.o(i.svc_alarma_actualizar) for svc_alarma_actualizar
    app_jugar.o(i.app_juego_actualizar) refers to drv_leds.o(i.drv_led_establecer) for drv_led_establecer
    app_jugar.o(i.app_juego_actualizar) refers to svc_alarmas.o(i.svc_alarma_codificar) for svc_alarma_codificar
    app_jugar.o(i.app_juego_actualizar) refers to svc_alarmas.o(i.svc_alarma_activar) for svc_alarma_activar
    app_jugar.o(i.app_juego_actualizar) refers to rand.o(.text) for rand
    app_jugar.o(i.app_juego_actualizar) refers to drv_sc.o(i.drv_SC_entrar_disable_irq) for drv_SC_entrar_disable_irq
    app_jugar.o(i.app_juego_actualizar) refers to drv_wdt.o(i.drv_WDT_alimentar) for drv_WDT_alimentar
    app_jugar.o(i.app_juego_actualizar) refers to drv_sc.o(i.drv_SC_salir_enable_irq) for drv_SC_salir_enable_irq
    app_jugar.o(i.app_juego_actualizar) refers to dfltui.o(.text) for __aeabi_ui2d
    app_jugar.o(i.app_juego_actualizar) refers to dmul.o(.text) for __aeabi_dmul
    app_jugar.o(i.app_juego_actualizar) refers to dfixui.o(.text) for __aeabi_d2uiz
    app_jugar.o(i.app_juego_actualizar) refers to app_jugar.o(.data) for .data
    app_jugar.o(i.app_juego_iniciar) refers to drv_tiempo.o(i.drv_tiempo_actual_ms) for drv_tiempo_actual_ms
    app_jugar.o(i.app_juego_iniciar) refers to rand.o(.text) for srand
    app_jugar.o(i.app_juego_iniciar) refers to rt_ge.o(i.rt_GE_suscribir) for rt_GE_suscribir
    app_jugar.o(i.app_juego_iniciar) refers to svc_alarmas.o(i.svc_alarma_codificar) for svc_alarma_codificar
    app_jugar.o(i.app_juego_iniciar) refers to svc_alarmas.o(i.svc_alarma_activar) for svc_alarma_activar
    app_jugar.o(i.app_juego_iniciar) refers to app_jugar.o(.data) for .data
    app_jugar.o(i.app_juego_iniciar) refers to app_jugar.o(i.app_juego_actualizar) for app_juego_actualizar
    drv_wdt.o(i.drv_WDT_alimentar) refers to hal_wdt_nrf.o(i.hal_WDT_feed) for hal_WDT_feed
    drv_wdt.o(i.drv_WDT_iniciar) refers to hal_wdt_nrf.o(i.hal_WDT_iniciar) for hal_WDT_iniciar
    drv_aleatorios.o(i.drv_aleatorios_iniciar) refers to hal_aleatorios_nrf.o(i.hal_aleatorios_iniciar) for hal_aleatorios_iniciar
    drv_aleatorios.o(i.drv_aleatorios_obtener_32bits) refers to hal_aleatorios_nrf.o(i.hal_aleatorios_obtener_32bits) for hal_aleatorios_obtener_32bits
    drv_aleatorios.o(i.drv_aleatorios_rango) refers to hal_aleatorios_nrf.o(i.hal_aleatorios_obtener_32bits) for hal_aleatorios_obtener_32bits
    beat_hero.o(i.beat_hero_actualizar) refers to svc_alarmas.o(i.svc_alarma_codificar) for svc_alarma_codificar
    beat_hero.o(i.beat_hero_actualizar) refers to svc_alarmas.o(i.svc_alarma_activar) for svc_alarma_activar
    beat_hero.o(i.beat_hero_actualizar) refers to beat_hero.o(i.reiniciar_variables_juego) for reiniciar_variables_juego
    beat_hero.o(i.beat_hero_actualizar) refers to drv_leds.o(i.drv_led_establecer) for drv_led_establecer
    beat_hero.o(i.beat_hero_actualizar) refers to beat_hero.o(i.finalizar_partida) for finalizar_partida
    beat_hero.o(i.beat_hero_actualizar) refers to drv_tiempo.o(i.drv_tiempo_actual_us) for drv_tiempo_actual_us
    beat_hero.o(i.beat_hero_actualizar) refers to uldiv.o(.text) for __aeabi_uldivmod
    beat_hero.o(i.beat_hero_actualizar) refers to drv_aleatorios.o(i.drv_aleatorios_rango) for drv_aleatorios_rango
    beat_hero.o(i.beat_hero_actualizar) refers to beat_hero.o(.data) for .data
    beat_hero.o(i.beat_hero_actualizar) refers to beat_hero.o(.bss) for .bss
    beat_hero.o(i.beat_hero_iniciar) refers to rt_ge.o(i.rt_GE_suscribir) for rt_GE_suscribir
    beat_hero.o(i.beat_hero_iniciar) refers to beat_hero.o(i.reiniciar_variables_juego) for reiniciar_variables_juego
    beat_hero.o(i.beat_hero_iniciar) refers to svc_alarmas.o(i.svc_alarma_codificar) for svc_alarma_codificar
    beat_hero.o(i.beat_hero_iniciar) refers to svc_alarmas.o(i.svc_alarma_activar) for svc_alarma_activar
    beat_hero.o(i.beat_hero_iniciar) refers to beat_hero.o(.data) for .data
    beat_hero.o(i.beat_hero_iniciar) refers to beat_hero.o(i.beat_hero_actualizar) for beat_hero_actualizar
    beat_hero.o(i.finalizar_partida) refers to svc_alarmas.o(i.svc_alarma_activar) for svc_alarma_activar
    beat_hero.o(i.finalizar_partida) refers to drv_leds.o(i.drv_led_establecer) for drv_led_establecer
    beat_hero.o(i.finalizar_partida) refers to beat_hero.o(.data) for .data
    beat_hero.o(i.finalizar_partida) refers to beat_hero.o(.bss) for .bss
    beat_hero.o(i.reiniciar_variables_juego) refers to drv_leds.o(i.drv_led_establecer) for drv_led_establecer
    beat_hero.o(i.reiniciar_variables_juego) refers to svc_alarmas.o(i.svc_alarma_activar) for svc_alarma_activar
    beat_hero.o(i.reiniciar_variables_juego) refers to beat_hero.o(.bss) for .bss
    beat_hero.o(i.reiniciar_variables_juego) refers to beat_hero.o(.data) for .data
    drv_sonido.o(i.drv_sonido_iniciar) refers to hal_sonido_nrf.o(i.hal_sonido_iniciar) for hal_sonido_iniciar
    drv_sonido.o(i.drv_sonido_tocar) refers to hal_sonido_nrf.o(i.hal_sonido_tocar) for hal_sonido_tocar
    drv_sc.o(i.drv_SC_entrar_disable_irq) refers to hal_sc.o(i.deshabilitar_irq) for deshabilitar_irq
    drv_sc.o(i.drv_SC_entrar_disable_irq) refers to drv_sc.o(.data) for .data
    drv_sc.o(i.drv_SC_salir_enable_irq) refers to hal_sc.o(i.habilitar_irq) for habilitar_irq
    drv_sc.o(i.drv_SC_salir_enable_irq) refers to drv_sc.o(.data) for .data
    test.o(i.test_alarmas) refers to svc_alarmas.o(i.svc_alarma_codificar) for svc_alarma_codificar
    test.o(i.test_alarmas) refers to drv_leds.o(i.drv_led_establecer) for drv_led_establecer
    test.o(i.test_botones_simultaneos) refers to drv_leds.o(i.drv_led_establecer) for drv_led_establecer
    test.o(i.test_botones_simultaneos) refers to drv_wdt.o(i.drv_WDT_alimentar) for drv_WDT_alimentar
    test.o(i.test_botones_simultaneos) refers to rt_fifo.o(i.rt_FIFO_extraer) for rt_FIFO_extraer
    test.o(i.test_botones_simultaneos) refers to test.o(.data) for .data
    test.o(i.test_callback_alarma) refers to test.o(.data) for .data
    test.o(i.test_callback_botones) refers to test.o(.data) for .data
    test.o(i.test_callback_evento) refers to test.o(.data) for .data
    test.o(i.test_ejecutar_todos) refers to drv_leds.o(i.drv_led_establecer) for drv_led_establecer
    test.o(i.test_ejecutar_todos) refers to drv_monitor.o(i.drv_monitor_marcar) for drv_monitor_marcar
    test.o(i.test_ejecutar_todos) refers to rt_fifo.o(i.rt_FIFO_encolar) for rt_FIFO_encolar
    test.o(i.test_ejecutar_todos) refers to rt_fifo.o(i.rt_FIFO_extraer) for rt_FIFO_extraer
    test.o(i.test_ejecutar_todos) refers to rt_ge.o(i.rt_GE_suscribir) for rt_GE_suscribir
    test.o(i.test_ejecutar_todos) refers to svc_alarmas.o(i.svc_alarma_codificar) for svc_alarma_codificar
    test.o(i.test_ejecutar_todos) refers to drv_sc.o(i.drv_SC_entrar_disable_irq) for drv_SC_entrar_disable_irq
    test.o(i.test_ejecutar_todos) refers to drv_sc.o(i.drv_SC_salir_enable_irq) for drv_SC_salir_enable_irq
    test.o(i.test_ejecutar_todos) refers to test.o(.data) for .data
    test.o(i.test_ejecutar_todos) refers to test.o(i.test_callback_evento) for test_callback_evento
    test.o(i.test_fifo) refers to drv_monitor.o(i.drv_monitor_marcar) for drv_monitor_marcar
    test.o(i.test_fifo) refers to rt_fifo.o(i.rt_FIFO_encolar) for rt_FIFO_encolar
    test.o(i.test_fifo) refers to rt_fifo.o(i.rt_FIFO_extraer) for rt_FIFO_extraer
    test.o(i.test_fifo) refers to drv_leds.o(i.drv_led_establecer) for drv_led_establecer
    test.o(i.test_gestor_eventos) refers to drv_monitor.o(i.drv_monitor_marcar) for drv_monitor_marcar
    test.o(i.test_gestor_eventos) refers to rt_ge.o(i.rt_GE_suscribir) for rt_GE_suscribir
    test.o(i.test_gestor_eventos) refers to rt_fifo.o(i.rt_FIFO_encolar) for rt_FIFO_encolar
    test.o(i.test_gestor_eventos) refers to rt_fifo.o(i.rt_FIFO_extraer) for rt_FIFO_extraer
    test.o(i.test_gestor_eventos) refers to drv_leds.o(i.drv_led_establecer) for drv_led_establecer
    test.o(i.test_gestor_eventos) refers to test.o(.data) for .data
    test.o(i.test_gestor_eventos) refers to test.o(i.test_callback_evento) for test_callback_evento
    test.o(i.test_seccion_critica) refers to drv_sc.o(i.drv_SC_entrar_disable_irq) for drv_SC_entrar_disable_irq
    test.o(i.test_seccion_critica) refers to drv_sc.o(i.drv_SC_salir_enable_irq) for drv_SC_salir_enable_irq
    hal_tiempo_nrf.o(i.TIMER0_IRQHandler) refers to hal_tiempo_nrf.o(.data) for .data
    hal_tiempo_nrf.o(i.TIMER1_IRQHandler) refers to hal_tiempo_nrf.o(.data) for .data
    hal_tiempo_nrf.o(i.hal_tiempo_actual_tick64) refers to hal_tiempo_nrf.o(.data) for .data
    hal_tiempo_nrf.o(i.hal_tiempo_iniciar_tick) refers to hal_tiempo_nrf.o(.data) for .data
    hal_tiempo_nrf.o(i.hal_tiempo_periodico_set_callback) refers to hal_tiempo_nrf.o(.data) for .data
    hal_tiempo_nrf.o(i.hal_tiempo_reloj_periodico_tick) refers to hal_tiempo_nrf.o(.data) for .data
    hal_ext_int_nrf.o(i.GPIOTE_IRQHandler) refers to hal_ext_int_nrf.o(.constdata) for .constdata
    hal_ext_int_nrf.o(i.GPIOTE_IRQHandler) refers to hal_ext_int_nrf.o(.data) for .data
    hal_ext_int_nrf.o(i.hal_ext_int_deshabilitar) refers to hal_ext_int_nrf.o(.constdata) for .constdata
    hal_ext_int_nrf.o(i.hal_ext_int_habilitar) refers to hal_ext_int_nrf.o(.constdata) for .constdata
    hal_ext_int_nrf.o(i.hal_ext_int_iniciar) refers to hal_ext_int_nrf.o(.data) for .data
    hal_ext_int_nrf.o(i.hal_ext_int_limpiar_pendiente) refers to hal_ext_int_nrf.o(.constdata) for .constdata
    hal_aleatorios_nrf.o(i.hal_aleatorios_rango) refers to drv_aleatorios.o(i.drv_aleatorios_obtener_32bits) for drv_aleatorios_obtener_32bits
    hal_sonido_nrf.o(i.hal_sonido_tocar) refers to hal_sonido_nrf.o(i.nrf_delay_ms) for nrf_delay_ms
    hal_sonido_nrf.o(i.hal_sonido_tocar) refers to hal_sonido_nrf.o(.data) for .data
    arm_startup_nrf52840.o(RESET) refers to arm_startup_nrf52840.o(STACK) for __initial_sp
    arm_startup_nrf52840.o(RESET) refers to arm_startup_nrf52840.o(.text) for Reset_Handler
    arm_startup_nrf52840.o(RESET) refers to hal_ext_int_nrf.o(i.GPIOTE_IRQHandler) for GPIOTE_IRQHandler
    arm_startup_nrf52840.o(RESET) refers to hal_tiempo_nrf.o(i.TIMER0_IRQHandler) for TIMER0_IRQHandler
    arm_startup_nrf52840.o(RESET) refers to hal_tiempo_nrf.o(i.TIMER1_IRQHandler) for TIMER1_IRQHandler
    arm_startup_nrf52840.o(.text) refers to system_nrf52.o(i.SystemInit) for SystemInit
    arm_startup_nrf52840.o(.text) refers to entry.o(.ARM.Collect$$$$00000000) for __main
    system_nrf52.o(i.SystemCoreClockUpdate) refers to system_nrf52.o(.data) for .data
    system_nrf52.o(i.SystemInit) refers to system_nrf52.o(.data) for .data
    entry.o(.ARM.Collect$$$$00000000) refers (Special) to entry10a.o(.ARM.Collect$$$$0000000D) for __rt_final_cpp
    entry.o(.ARM.Collect$$$$00000000) refers (Special) to entry11a.o(.ARM.Collect$$$$0000000F) for __rt_final_exit
    entry.o(.ARM.Collect$$$$00000000) refers (Special) to entry7b.o(.ARM.Collect$$$$00000008) for _main_clock
    entry.o(.ARM.Collect$$$$00000000) refers (Special) to entry8b.o(.ARM.Collect$$$$0000000A) for _main_cpp_init
    entry.o(.ARM.Collect$$$$00000000) refers (Special) to entry9a.o(.ARM.Collect$$$$0000000B) for _main_init
    entry.o(.ARM.Collect$$$$00000000) refers (Special) to entry5.o(.ARM.Collect$$$$00000004) for _main_scatterload
    entry.o(.ARM.Collect$$$$00000000) refers (Special) to entry2.o(.ARM.Collect$$$$00000001) for _main_stk
    uldiv.o(.text) refers to llushr.o(.text) for __aeabi_llsr
    uldiv.o(.text) refers to llshl.o(.text) for __aeabi_llsl
    rand.o(.text) refers to rand.o(.data) for .data
    dmul.o(.text) refers (Special) to iusefp.o(.text) for __I$use$fp
    dmul.o(.text) refers to depilogue.o(.text) for _double_epilogue
    dfltui.o(.text) refers (Special) to iusefp.o(.text) for __I$use$fp
    dfltui.o(.text) refers to depilogue.o(.text) for _double_epilogue
    dfixui.o(.text) refers (Special) to iusefp.o(.text) for __I$use$fp
    dfixui.o(.text) refers to llushr.o(.text) for __aeabi_llsr
    entry2.o(.ARM.Collect$$$$00000001) refers to entry2.o(.ARM.Collect$$$$00002712) for __lit__00000000
    entry2.o(.ARM.Collect$$$$00002712) refers to arm_startup_nrf52840.o(STACK) for __initial_sp
    entry2.o(__vectab_stack_and_reset_area) refers to arm_startup_nrf52840.o(STACK) for __initial_sp
    entry2.o(__vectab_stack_and_reset_area) refers to entry.o(.ARM.Collect$$$$00000000) for __main
    entry5.o(.ARM.Collect$$$$00000004) refers to init.o(.text) for __scatterload
    entry9a.o(.ARM.Collect$$$$0000000B) refers to main.o(i.main) for main
    entry9b.o(.ARM.Collect$$$$0000000C) refers to main.o(i.main) for main
    depilogue.o(.text) refers to llshl.o(.text) for __aeabi_llsl
    depilogue.o(.text) refers to llushr.o(.text) for __aeabi_llsr
    init.o(.text) refers to entry5.o(.ARM.Collect$$$$00000004) for __main_after_scatterload


==============================================================================

Removing Unused input sections from the image.

    Removing main.o(.data), (4 bytes).
    Removing drv_leds.o(i.drv_led_conmutar), (92 bytes).
    Removing drv_leds.o(i.drv_led_estado), (56 bytes).
    Removing drv_tiempo.o(i.drv_tiempo_actual_ms), (52 bytes).
    Removing drv_tiempo.o(i.drv_tiempo_esperar_hasta_ms), (64 bytes).
    Removing drv_tiempo.o(i.drv_tiempo_esperar_ms), (64 bytes).
    Removing drv_monitor.o(i.drv_monitor_establecer), (40 bytes).
    Removing drv_monitor.o(i.drv_monitor_estado), (56 bytes).
    Removing rt_fifo.o(i.rt_FIFO_estadisticas), (4 bytes).
    Removing rt_ge.o(i.rt_GE_cancelar), (160 bytes).
    Removing app_jugar.o(i.app_juego_actualizar), (240 bytes).
    Removing app_jugar.o(i.app_juego_iniciar), (88 bytes).
    Removing app_jugar.o(.data), (16 bytes).
    Removing drv_aleatorios.o(i.drv_aleatorios_obtener_32bits), (4 bytes).
    Removing drv_sonido.o(i.drv_sonido_tocar), (4 bytes).
    Removing test.o(i.test_alarmas), (46 bytes).
    Removing test.o(i.test_botones_simultaneos), (160 bytes).
    Removing test.o(i.test_callback_alarma), (20 bytes).
    Removing test.o(i.test_callback_botones), (80 bytes).
    Removing test.o(i.test_callback_evento), (24 bytes).
    Removing test.o(i.test_ejecutar_todos), (372 bytes).
    Removing test.o(i.test_fifo), (152 bytes).
    Removing test.o(i.test_gestor_eventos), (120 bytes).
    Removing test.o(i.test_seccion_critica), (18 bytes).
    Removing test.o(.data), (20 bytes).
    Removing hal_gpio_nrf.o(.rev16_text), (4 bytes).
    Removing hal_gpio_nrf.o(.revsh_text), (4 bytes).
    Removing hal_gpio_nrf.o(.rrx_text), (6 bytes).
    Removing hal_tiempo_nrf.o(.rev16_text), (4 bytes).
    Removing hal_tiempo_nrf.o(.revsh_text), (4 bytes).
    Removing hal_tiempo_nrf.o(.rrx_text), (6 bytes).
    Removing hal_tiempo_nrf.o(i.hal_tiempo_periodico_config_tick), (88 bytes).
    Removing hal_tiempo_nrf.o(i.hal_tiempo_periodico_enable), (44 bytes).
    Removing hal_tiempo_nrf.o(i.hal_tiempo_periodico_set_callback), (12 bytes).
    Removing hal_consumo_nrf.o(.rev16_text), (4 bytes).
    Removing hal_consumo_nrf.o(.revsh_text), (4 bytes).
    Removing hal_consumo_nrf.o(.rrx_text), (6 bytes).
    Removing hal_ext_int_nrf.o(.rev16_text), (4 bytes).
    Removing hal_ext_int_nrf.o(.revsh_text), (4 bytes).
    Removing hal_ext_int_nrf.o(.rrx_text), (6 bytes).
    Removing hal_wdt_nrf.o(.rev16_text), (4 bytes).
    Removing hal_wdt_nrf.o(.revsh_text), (4 bytes).
    Removing hal_wdt_nrf.o(.rrx_text), (6 bytes).
    Removing hal_aleatorios_nrf.o(.rev16_text), (4 bytes).
    Removing hal_aleatorios_nrf.o(.revsh_text), (4 bytes).
    Removing hal_aleatorios_nrf.o(.rrx_text), (6 bytes).
    Removing hal_aleatorios_nrf.o(i.hal_aleatorios_rango), (24 bytes).
    Removing hal_sonido_nrf.o(.rev16_text), (4 bytes).
    Removing hal_sonido_nrf.o(.revsh_text), (4 bytes).
    Removing hal_sonido_nrf.o(.rrx_text), (6 bytes).
    Removing hal_sonido_nrf.o(i.hal_sonido_tocar), (84 bytes).
    Removing hal_sonido_nrf.o(i.nrf_delay_ms), (26 bytes).
    Removing hal_sonido_nrf.o(.data), (2 bytes).
    Removing arm_startup_nrf52840.o(HEAP), (16384 bytes).
    Removing system_nrf52.o(.rev16_text), (4 bytes).
    Removing system_nrf52.o(.revsh_text), (4 bytes).
    Removing system_nrf52.o(.rrx_text), (6 bytes).
    Removing system_nrf52.o(i.SystemCoreClockUpdate), (16 bytes).
    Removing system_nrf52.o(i.nvmc_config), (24 bytes).
    Removing system_nrf52.o(i.nvmc_wait), (16 bytes).
    Removing dmul.o(.text), (228 bytes).
    Removing dfltui.o(.text), (26 bytes).
    Removing dfixui.o(.text), (50 bytes).
    Removing depilogue.o(.text), (186 bytes).

64 unused section(s) (total 19278 bytes) removed from the image.

==============================================================================

Image Symbol Table

    Local Symbols

    Symbol Name                              Value     Ov Type        Size  Object(Section)

    RESET                                    0x00000000   Section      512  arm_startup_nrf52840.o(RESET)
    ../clib/microlib/division.c              0x00000000   Number         0  uldiv.o ABSOLUTE
    ../clib/microlib/init/entry.s            0x00000000   Number         0  entry9a.o ABSOLUTE
    ../clib/microlib/init/entry.s            0x00000000   Number         0  entry9b.o ABSOLUTE
    ../clib/microlib/init/entry.s            0x00000000   Number         0  entry11b.o ABSOLUTE
    ../clib/microlib/init/entry.s            0x00000000   Number         0  entry10a.o ABSOLUTE
    ../clib/microlib/init/entry.s            0x00000000   Number         0  entry7a.o ABSOLUTE
    ../clib/microlib/init/entry.s            0x00000000   Number         0  entry11a.o ABSOLUTE
    ../clib/microlib/init/entry.s            0x00000000   Number         0  entry7b.o ABSOLUTE
    ../clib/microlib/init/entry.s            0x00000000   Number         0  entry.o ABSOLUTE
    ../clib/microlib/init/entry.s            0x00000000   Number         0  entry2.o ABSOLUTE
    ../clib/microlib/init/entry.s            0x00000000   Number         0  entry5.o ABSOLUTE
    ../clib/microlib/init/entry.s            0x00000000   Number         0  entry8a.o ABSOLUTE
    ../clib/microlib/init/entry.s            0x00000000   Number         0  entry8b.o ABSOLUTE
    ../clib/microlib/init/entry.s            0x00000000   Number         0  entry10b.o ABSOLUTE
    ../clib/microlib/longlong.c              0x00000000   Number         0  llushr.o ABSOLUTE
    ../clib/microlib/longlong.c              0x00000000   Number         0  llshl.o ABSOLUTE
    ../clib/microlib/stdlib/rand.c           0x00000000   Number         0  rand.o ABSOLUTE
    ../clib/microlib/stubs.s                 0x00000000   Number         0  iusefp.o ABSOLUTE
    ../fplib/microlib/fpepilogue.c           0x00000000   Number         0  depilogue.o ABSOLUTE
    ../fplib/microlib/fpfix.c                0x00000000   Number         0  dfixui.o ABSOLUTE
    ../fplib/microlib/fpflt.c                0x00000000   Number         0  dfltui.o ABSOLUTE
    ../fplib/microlib/fpmul.c                0x00000000   Number         0  dmul.o ABSOLUTE
    ..\..\src\app_jugar.c                    0x00000000   Number         0  app_jugar.o ABSOLUTE
    ..\..\src\beat_hero.c                    0x00000000   Number         0  beat_hero.o ABSOLUTE
    ..\..\src\drv_SC.c                       0x00000000   Number         0  drv_sc.o ABSOLUTE
    ..\..\src\drv_WDT.c                      0x00000000   Number         0  drv_wdt.o ABSOLUTE
    ..\..\src\drv_aleatorios.c               0x00000000   Number         0  drv_aleatorios.o ABSOLUTE
    ..\..\src\drv_botones.c                  0x00000000   Number         0  drv_botones.o ABSOLUTE
    ..\..\src\drv_consumo.c                  0x00000000   Number         0  drv_consumo.o ABSOLUTE
    ..\..\src\drv_leds.c                     0x00000000   Number         0  drv_leds.o ABSOLUTE
    ..\..\src\drv_monitor.c                  0x00000000   Number         0  drv_monitor.o ABSOLUTE
    ..\..\src\drv_sonido.c                   0x00000000   Number         0  drv_sonido.o ABSOLUTE
    ..\..\src\drv_tiempo.c                   0x00000000   Number         0  drv_tiempo.o ABSOLUTE
    ..\..\src\hal_SC.c                       0x00000000   Number         0  hal_sc.o ABSOLUTE
    ..\..\src\main.c                         0x00000000   Number         0  main.o ABSOLUTE
    ..\..\src\rt_GE.c                        0x00000000   Number         0  rt_ge.o ABSOLUTE
    ..\..\src\rt_fifo.c                      0x00000000   Number         0  rt_fifo.o ABSOLUTE
    ..\..\src\svc_alarmas.c                  0x00000000   Number         0  svc_alarmas.o ABSOLUTE
    ..\..\src\test.c                         0x00000000   Number         0  test.o ABSOLUTE
    ..\\src_nrf\\hal_WDT_nrf.c               0x00000000   Number         0  hal_wdt_nrf.o ABSOLUTE
    ..\\src_nrf\\hal_aleatorios_nrf.c        0x00000000   Number         0  hal_aleatorios_nrf.o ABSOLUTE
    ..\\src_nrf\\hal_ext_int_nrf.c           0x00000000   Number         0  hal_ext_int_nrf.o ABSOLUTE
    ..\\src_nrf\\hal_gpio_nrf.c              0x00000000   Number         0  hal_gpio_nrf.o ABSOLUTE
    ..\\src_nrf\\hal_sonido_nrf.c            0x00000000   Number         0  hal_sonido_nrf.o ABSOLUTE
    ..\\src_nrf\\hal_tiempo_nrf.c            0x00000000   Number         0  hal_tiempo_nrf.o ABSOLUTE
    ..\src_nrf\hal_WDT_nrf.c                 0x00000000   Number         0  hal_wdt_nrf.o ABSOLUTE
    ..\src_nrf\hal_aleatorios_nrf.c          0x00000000   Number         0  hal_aleatorios_nrf.o ABSOLUTE
    ..\src_nrf\hal_ext_int_nrf.c             0x00000000   Number         0  hal_ext_int_nrf.o ABSOLUTE
    ..\src_nrf\hal_gpio_nrf.c                0x00000000   Number         0  hal_gpio_nrf.o ABSOLUTE
    ..\src_nrf\hal_sonido_nrf.c              0x00000000   Number         0  hal_sonido_nrf.o ABSOLUTE
    ..\src_nrf\hal_tiempo_nrf.c              0x00000000   Number         0  hal_tiempo_nrf.o ABSOLUTE
    RTE\Device\nRF52840_xxAA\arm_startup_nrf52840.s 0x00000000   Number         0  arm_startup_nrf52840.o ABSOLUTE
    RTE\Device\nRF52840_xxAA\system_nrf52.c  0x00000000   Number         0  system_nrf52.o ABSOLUTE
    RTE\\Device\\nRF52840_xxAA\\system_nrf52.c 0x00000000   Number         0  system_nrf52.o ABSOLUTE
    dc.s                                     0x00000000   Number         0  dc.o ABSOLUTE
    hal_consumo_nrf.c                        0x00000000   Number         0  hal_consumo_nrf.o ABSOLUTE
    hal_consumo_nrf.c                        0x00000000   Number         0  hal_consumo_nrf.o ABSOLUTE
    handlers.s                               0x00000000   Number         0  handlers.o ABSOLUTE
    init.s                                   0x00000000   Number         0  init.o ABSOLUTE
    .ARM.Collect$$$$00000000                 0x00000200   Section        0  entry.o(.ARM.Collect$$$$00000000)
    .ARM.Collect$$$$00000001                 0x00000200   Section        4  entry2.o(.ARM.Collect$$$$00000001)
    .ARM.Collect$$$$00000004                 0x00000204   Section        4  entry5.o(.ARM.Collect$$$$00000004)
    .ARM.Collect$$$$00000008                 0x00000208   Section        0  entry7b.o(.ARM.Collect$$$$00000008)
    .ARM.Collect$$$$0000000A                 0x00000208   Section        0  entry8b.o(.ARM.Collect$$$$0000000A)
    .ARM.Collect$$$$0000000B                 0x00000208   Section        8  entry9a.o(.ARM.Collect$$$$0000000B)
    .ARM.Collect$$$$0000000D                 0x00000210   Section        0  entry10a.o(.ARM.Collect$$$$0000000D)
    .ARM.Collect$$$$0000000F                 0x00000210   Section        0  entry11a.o(.ARM.Collect$$$$0000000F)
    .ARM.Collect$$$$00002712                 0x00000210   Section        4  entry2.o(.ARM.Collect$$$$00002712)
    __lit__00000000                          0x00000210   Data           4  entry2.o(.ARM.Collect$$$$00002712)
    .text                                    0x00000214   Section       36  arm_startup_nrf52840.o(.text)
    $v0                                      0x00000214   Number         0  arm_startup_nrf52840.o(.text)
    .text                                    0x00000238   Section        0  uldiv.o(.text)
    .text                                    0x0000029a   Section        0  llshl.o(.text)
    .text                                    0x000002b8   Section        0  llushr.o(.text)
    .text                                    0x000002d8   Section       36  init.o(.text)
    i.GPIOTE_IRQHandler                      0x000002fc   Section        0  hal_ext_int_nrf.o(i.GPIOTE_IRQHandler)
    i.SystemInit                             0x00000358   Section        0  system_nrf52.o(i.SystemInit)
    i.TIMER0_IRQHandler                      0x000005d8   Section        0  hal_tiempo_nrf.o(i.TIMER0_IRQHandler)
    i.TIMER1_IRQHandler                      0x00000600   Section        0  hal_tiempo_nrf.o(i.TIMER1_IRQHandler)
    i.__scatterload_copy                     0x00000624   Section       14  handlers.o(i.__scatterload_copy)
    i.__scatterload_null                     0x00000632   Section        2  handlers.o(i.__scatterload_null)
    i.__scatterload_zeroinit                 0x00000634   Section       14  handlers.o(i.__scatterload_zeroinit)
    i.beat_hero_actualizar                   0x00000644   Section        0  beat_hero.o(i.beat_hero_actualizar)
    i.beat_hero_iniciar                      0x000009f8   Section        0  beat_hero.o(i.beat_hero_iniciar)
    i.deshabilitar_irq                       0x00000a50   Section        0  hal_sc.o(i.deshabilitar_irq)
    i.drv_SC_entrar_disable_irq              0x00000a54   Section        0  drv_sc.o(i.drv_SC_entrar_disable_irq)
    i.drv_SC_salir_enable_irq                0x00000a68   Section        0  drv_sc.o(i.drv_SC_salir_enable_irq)
    i.drv_WDT_alimentar                      0x00000a7c   Section        0  drv_wdt.o(i.drv_WDT_alimentar)
    i.drv_WDT_iniciar                        0x00000a80   Section        0  drv_wdt.o(i.drv_WDT_iniciar)
    i.drv_aleatorios_iniciar                 0x00000a84   Section        0  drv_aleatorios.o(i.drv_aleatorios_iniciar)
    i.drv_aleatorios_rango                   0x00000a88   Section        0  drv_aleatorios.o(i.drv_aleatorios_rango)
    i.drv_botones_actualizar                 0x00000aa0   Section        0  drv_botones.o(i.drv_botones_actualizar)
    i.drv_botones_iniciar                    0x00000b7c   Section        0  drv_botones.o(i.drv_botones_iniciar)
    i.drv_cb                                 0x00000bd4   Section        0  drv_botones.o(i.drv_cb)
    drv_cb                                   0x00000bd5   Thumb Code    22  drv_botones.o(i.drv_cb)
    i.drv_consumo_dormir                     0x00000bf0   Section        0  drv_consumo.o(i.drv_consumo_dormir)
    i.drv_consumo_esperar                    0x00000c14   Section        0  drv_consumo.o(i.drv_consumo_esperar)
    i.drv_consumo_iniciar                    0x00000c38   Section        0  drv_consumo.o(i.drv_consumo_iniciar)
    i.drv_funcion_callback_app               0x00000c50   Section        0  drv_tiempo.o(i.drv_funcion_callback_app)
    i.drv_led_establecer                     0x00000c64   Section        0  drv_leds.o(i.drv_led_establecer)
    i.drv_leds_iniciar                       0x00000c90   Section        0  drv_leds.o(i.drv_leds_iniciar)
    i.drv_monitor_desmarcar                  0x00000cc0   Section        0  drv_monitor.o(i.drv_monitor_desmarcar)
    i.drv_monitor_iniciar                    0x00000ce0   Section        0  drv_monitor.o(i.drv_monitor_iniciar)
    i.drv_monitor_marcar                     0x00000d10   Section        0  drv_monitor.o(i.drv_monitor_marcar)
    i.drv_sonido_iniciar                     0x00000d30   Section        0  drv_sonido.o(i.drv_sonido_iniciar)
    i.drv_tiempo_actual_us                   0x00000d34   Section        0  drv_tiempo.o(i.drv_tiempo_actual_us)
    i.drv_tiempo_iniciar                     0x00000d64   Section        0  drv_tiempo.o(i.drv_tiempo_iniciar)
    i.drv_tiempo_periodico_ms                0x00000d7c   Section        0  drv_tiempo.o(i.drv_tiempo_periodico_ms)
    i.finalizar_partida                      0x00000dbc   Section        0  beat_hero.o(i.finalizar_partida)
    finalizar_partida                        0x00000dbd   Thumb Code    96  beat_hero.o(i.finalizar_partida)
    i.habilitar_irq                          0x00000e24   Section        0  hal_sc.o(i.habilitar_irq)
    i.hal_WDT_feed                           0x00000e28   Section        0  hal_wdt_nrf.o(i.hal_WDT_feed)
    i.hal_WDT_iniciar                        0x00000e38   Section        0  hal_wdt_nrf.o(i.hal_WDT_iniciar)
    i.hal_aleatorios_iniciar                 0x00000e5c   Section        0  hal_aleatorios_nrf.o(i.hal_aleatorios_iniciar)
    i.hal_aleatorios_obtener_32bits          0x00000e78   Section        0  hal_aleatorios_nrf.o(i.hal_aleatorios_obtener_32bits)
    i.hal_consumo_dormir                     0x00000edc   Section        0  hal_consumo_nrf.o(i.hal_consumo_dormir)
    i.hal_consumo_esperar                    0x00000f24   Section        0  hal_consumo_nrf.o(i.hal_consumo_esperar)
    i.hal_consumo_iniciar                    0x00000f28   Section        0  hal_consumo_nrf.o(i.hal_consumo_iniciar)
    i.hal_ext_int_deshabilitar               0x00000f2c   Section        0  hal_ext_int_nrf.o(i.hal_ext_int_deshabilitar)
    i.hal_ext_int_habilitar                  0x00000f50   Section        0  hal_ext_int_nrf.o(i.hal_ext_int_habilitar)
    i.hal_ext_int_iniciar                    0x00000f78   Section        0  hal_ext_int_nrf.o(i.hal_ext_int_iniciar)
    i.hal_ext_int_limpiar_pendiente          0x00000fc0   Section        0  hal_ext_int_nrf.o(i.hal_ext_int_limpiar_pendiente)
    i.hal_gpio_escribir                      0x00000fe8   Section        0  hal_gpio_nrf.o(i.hal_gpio_escribir)
    i.hal_gpio_iniciar                       0x00001010   Section        0  hal_gpio_nrf.o(i.hal_gpio_iniciar)
    i.hal_gpio_leer                          0x00001024   Section        0  hal_gpio_nrf.o(i.hal_gpio_leer)
    i.hal_gpio_sentido                       0x00001048   Section        0  hal_gpio_nrf.o(i.hal_gpio_sentido)
    i.hal_sonido_iniciar                     0x00001074   Section        0  hal_sonido_nrf.o(i.hal_sonido_iniciar)
    i.hal_tiempo_actual_tick64               0x000010ac   Section        0  hal_tiempo_nrf.o(i.hal_tiempo_actual_tick64)
    i.hal_tiempo_iniciar_tick                0x000010e0   Section        0  hal_tiempo_nrf.o(i.hal_tiempo_iniciar_tick)
    i.hal_tiempo_reloj_periodico_tick        0x00001154   Section        0  hal_tiempo_nrf.o(i.hal_tiempo_reloj_periodico_tick)
    i.main                                   0x000011dc   Section        0  main.o(i.main)
    i.reiniciar_variables_juego              0x0000122c   Section        0  beat_hero.o(i.reiniciar_variables_juego)
    reiniciar_variables_juego                0x0000122d   Thumb Code    98  beat_hero.o(i.reiniciar_variables_juego)
    i.rt_FIFO_encolar                        0x00001298   Section        0  rt_fifo.o(i.rt_FIFO_encolar)
    i.rt_FIFO_extraer                        0x00001304   Section        0  rt_fifo.o(i.rt_FIFO_extraer)
    i.rt_FIFO_inicializar                    0x00001384   Section        0  rt_fifo.o(i.rt_FIFO_inicializar)
    i.rt_GE_actualizar                       0x000013a8   Section        0  rt_ge.o(i.rt_GE_actualizar)
    i.rt_GE_iniciar                          0x000013d4   Section        0  rt_ge.o(i.rt_GE_iniciar)
    i.rt_GE_lanzador                         0x00001444   Section        0  rt_ge.o(i.rt_GE_lanzador)
    i.rt_GE_suscribir                        0x000014c0   Section        0  rt_ge.o(i.rt_GE_suscribir)
    i.svc_alarma_activar                     0x0000152c   Section        0  svc_alarmas.o(i.svc_alarma_activar)
    i.svc_alarma_actualizar                  0x00001740   Section        0  svc_alarmas.o(i.svc_alarma_actualizar)
    i.svc_alarma_codificar                   0x000017a4   Section        0  svc_alarmas.o(i.svc_alarma_codificar)
    i.svc_alarma_iniciar                     0x000017c0   Section        0  svc_alarmas.o(i.svc_alarma_iniciar)
    .constdata                               0x00001804   Section       16  drv_leds.o(.constdata)
    s_led_list                               0x00001804   Data          16  drv_leds.o(.constdata)
    .constdata                               0x00001814   Section       16  drv_monitor.o(.constdata)
    s_monitor_list                           0x00001814   Data          16  drv_monitor.o(.constdata)
    .constdata                               0x00001824   Section       16  drv_botones.o(.constdata)
    s_pins_botones                           0x00001824   Data          16  drv_botones.o(.constdata)
    .constdata                               0x00001834   Section       16  hal_ext_int_nrf.o(.constdata)
    s_pins_lineas                            0x00001834   Data          16  hal_ext_int_nrf.o(.constdata)
    .data                                    0x20000000   Section       12  drv_tiempo.o(.data)
    s_iniciado                               0x20000000   Data           1  drv_tiempo.o(.data)
    s_parametro                              0x20000004   Data           4  drv_tiempo.o(.data)
    s_funcion                                0x20000008   Data           4  drv_tiempo.o(.data)
    .data                                    0x2000000c   Section        8  drv_consumo.o(.data)
    s_iniciado                               0x2000000c   Data           1  drv_consumo.o(.data)
    s_monitor                                0x20000010   Data           4  drv_consumo.o(.data)
    .data                                    0x20000014   Section        1  rt_fifo.o(.data)
    s_iniciado                               0x20000014   Data           1  rt_fifo.o(.data)
    .data                                    0x20000018   Section       12  drv_botones.o(.data)
    m_ev_confirmado                          0x20000018   Data           1  drv_botones.o(.data)
    m_ev_soltado                             0x20000019   Data           1  drv_botones.o(.data)
    m_ev_retardo                             0x2000001a   Data           1  drv_botones.o(.data)
    s_estado_botones                         0x2000001b   Data           4  drv_botones.o(.data)
    drv_botones_isr_callback                 0x20000020   Data           4  drv_botones.o(.data)
    .data                                    0x20000024   Section        4  rt_ge.o(.data)
    g_M_overflow_monitor_id                  0x20000024   Data           4  rt_ge.o(.data)
    .data                                    0x20000028   Section       12  svc_alarmas.o(.data)
    m_ev_a_notificar                         0x20000028   Data           1  svc_alarmas.o(.data)
    m_cb_a_llamar                            0x2000002c   Data           4  svc_alarmas.o(.data)
    g_M_overflow_monitor_id                  0x20000030   Data           4  svc_alarmas.o(.data)
    .data                                    0x20000038   Section       32  beat_hero.o(.data)
    s_estado                                 0x20000038   Data           1  beat_hero.o(.data)
    s_nivel_dificultad                       0x20000039   Data           1  beat_hero.o(.data)
    led_demo                                 0x2000003a   Data           1  beat_hero.o(.data)
    compas                                   0x2000003b   Data           3  beat_hero.o(.data)
    s_score                                  0x20000040   Data           4  beat_hero.o(.data)
    s_high_score                             0x20000044   Data           4  beat_hero.o(.data)
    s_compases_jugados                       0x20000048   Data           4  beat_hero.o(.data)
    s_duracion_compas_ms                     0x2000004c   Data           4  beat_hero.o(.data)
    s_tiempo_inicio_compas                   0x20000050   Data           8  beat_hero.o(.data)
    .data                                    0x20000058   Section        4  drv_sc.o(.data)
    m_in_critical_region                     0x20000058   Data           4  drv_sc.o(.data)
    .data                                    0x2000005c   Section        8  hal_tiempo_nrf.o(.data)
    s_overflows_t1                           0x2000005c   Data           4  hal_tiempo_nrf.o(.data)
    s_cb                                     0x20000060   Data           4  hal_tiempo_nrf.o(.data)
    .data                                    0x20000064   Section        4  hal_ext_int_nrf.o(.data)
    s_hal_callback                           0x20000064   Data           4  hal_ext_int_nrf.o(.data)
    .data                                    0x20000068   Section        4  system_nrf52.o(.data)
    __tagsym$$used                           0x20000068   Number         0  system_nrf52.o(.data)
    .bss                                     0x2000006c   Section       12  drv_tiempo.o(.bss)
    s_hal_info                               0x2000006c   Data          12  drv_tiempo.o(.bss)
    .bss                                     0x20000078   Section      528  rt_fifo.o(.bss)
    s_rt_fifo                                0x20000078   Data         528  rt_fifo.o(.bss)
    .bss                                     0x20000288   Section      297  rt_ge.o(.bss)
    TareasSuscritas                          0x20000288   Data         288  rt_ge.o(.bss)
    numSuscritos                             0x200003a8   Data           9  rt_ge.o(.bss)
    .bss                                     0x200003b4   Section      160  svc_alarmas.o(.bss)
    m_alarmas                                0x200003b4   Data         160  svc_alarmas.o(.bss)
    .bss                                     0x20000458   Section       64  beat_hero.o(.bss)
    STACK                                    0x20000498   Section    16384  arm_startup_nrf52840.o(STACK)

    Global Symbols

    Symbol Name                              Value     Ov Type        Size  Object(Section)

    BuildAttributes$$THM_ISAv4$E$P$D$K$B$S$7EM$VFPi3$EXTD16$VFPS$VFMA$PE$A:L22UL41UL21$X:L11$S22US41US21$IEEE1$IW$USESV6$~STKCKD$USESV7$~SHL$OTIME$ROPI$EBA8$MICROLIB$REQ8$PRES8$EABIv2 0x00000000   Number         0  anon$$obj.o ABSOLUTE
    __ARM_use_no_argv                        0x00000000   Number         0  main.o ABSOLUTE
    __Vectors                                0x00000000   Data           4  arm_startup_nrf52840.o(RESET)
    __cpp_initialize__aeabi_                  - Undefined Weak Reference
    __cxa_finalize                            - Undefined Weak Reference
    __decompress                              - Undefined Weak Reference
    _clock_init                               - Undefined Weak Reference
    _microlib_exit                            - Undefined Weak Reference
    __Vectors_End                            0x00000200   Data           0  arm_startup_nrf52840.o(RESET)
    __Vectors_Size                           0x00000200   Number         0  arm_startup_nrf52840.o ABSOLUTE
    __main                                   0x00000201   Thumb Code     0  entry.o(.ARM.Collect$$$$00000000)
    _main_stk                                0x00000201   Thumb Code     0  entry2.o(.ARM.Collect$$$$00000001)
    _main_scatterload                        0x00000205   Thumb Code     0  entry5.o(.ARM.Collect$$$$00000004)
    __main_after_scatterload                 0x00000209   Thumb Code     0  entry5.o(.ARM.Collect$$$$00000004)
    _main_clock                              0x00000209   Thumb Code     0  entry7b.o(.ARM.Collect$$$$00000008)
    _main_cpp_init                           0x00000209   Thumb Code     0  entry8b.o(.ARM.Collect$$$$0000000A)
    _main_init                               0x00000209   Thumb Code     0  entry9a.o(.ARM.Collect$$$$0000000B)
    __rt_final_cpp                           0x00000211   Thumb Code     0  entry10a.o(.ARM.Collect$$$$0000000D)
    __rt_final_exit                          0x00000211   Thumb Code     0  entry11a.o(.ARM.Collect$$$$0000000F)
    Reset_Handler                            0x00000215   Thumb Code     8  arm_startup_nrf52840.o(.text)
    NMI_Handler                              0x0000021d   Thumb Code     2  arm_startup_nrf52840.o(.text)
    HardFault_Handler                        0x0000021f   Thumb Code     2  arm_startup_nrf52840.o(.text)
    MemoryManagement_Handler                 0x00000221   Thumb Code     2  arm_startup_nrf52840.o(.text)
    BusFault_Handler                         0x00000223   Thumb Code     2  arm_startup_nrf52840.o(.text)
    UsageFault_Handler                       0x00000225   Thumb Code     2  arm_startup_nrf52840.o(.text)
    SVC_Handler                              0x00000227   Thumb Code     2  arm_startup_nrf52840.o(.text)
    DebugMon_Handler                         0x00000229   Thumb Code     2  arm_startup_nrf52840.o(.text)
    PendSV_Handler                           0x0000022b   Thumb Code     2  arm_startup_nrf52840.o(.text)
    SysTick_Handler                          0x0000022d   Thumb Code     2  arm_startup_nrf52840.o(.text)
    CCM_AAR_IRQHandler                       0x0000022f   Thumb Code     0  arm_startup_nrf52840.o(.text)
    COMP_LPCOMP_IRQHandler                   0x0000022f   Thumb Code     0  arm_startup_nrf52840.o(.text)
    CRYPTOCELL_IRQHandler                    0x0000022f   Thumb Code     0  arm_startup_nrf52840.o(.text)
    ECB_IRQHandler                           0x0000022f   Thumb Code     0  arm_startup_nrf52840.o(.text)
    FPU_IRQHandler                           0x0000022f   Thumb Code     0  arm_startup_nrf52840.o(.text)
    I2S_IRQHandler                           0x0000022f   Thumb Code     0  arm_startup_nrf52840.o(.text)
    MWU_IRQHandler                           0x0000022f   Thumb Code     0  arm_startup_nrf52840.o(.text)
    NFCT_IRQHandler                          0x0000022f   Thumb Code     0  arm_startup_nrf52840.o(.text)
    PDM_IRQHandler                           0x0000022f   Thumb Code     0  arm_startup_nrf52840.o(.text)
    POWER_CLOCK_IRQHandler                   0x0000022f   Thumb Code     0  arm_startup_nrf52840.o(.text)
    PWM0_IRQHandler                          0x0000022f   Thumb Code     0  arm_startup_nrf52840.o(.text)
    PWM1_IRQHandler                          0x0000022f   Thumb Code     0  arm_startup_nrf52840.o(.text)
    PWM2_IRQHandler                          0x0000022f   Thumb Code     0  arm_startup_nrf52840.o(.text)
    PWM3_IRQHandler                          0x0000022f   Thumb Code     0  arm_startup_nrf52840.o(.text)
    QDEC_IRQHandler                          0x0000022f   Thumb Code     0  arm_startup_nrf52840.o(.text)
    QSPI_IRQHandler                          0x0000022f   Thumb Code     0  arm_startup_nrf52840.o(.text)
    RADIO_IRQHandler                         0x0000022f   Thumb Code     0  arm_startup_nrf52840.o(.text)
    RNG_IRQHandler                           0x0000022f   Thumb Code     0  arm_startup_nrf52840.o(.text)
    RTC0_IRQHandler                          0x0000022f   Thumb Code     0  arm_startup_nrf52840.o(.text)
    RTC1_IRQHandler                          0x0000022f   Thumb Code     0  arm_startup_nrf52840.o(.text)
    RTC2_IRQHandler                          0x0000022f   Thumb Code     0  arm_startup_nrf52840.o(.text)
    SAADC_IRQHandler                         0x0000022f   Thumb Code     0  arm_startup_nrf52840.o(.text)
    SPIM0_SPIS0_TWIM0_TWIS0_SPI0_TWI0_IRQHandler 0x0000022f   Thumb Code     0  arm_startup_nrf52840.o(.text)
    SPIM1_SPIS1_TWIM1_TWIS1_SPI1_TWI1_IRQHandler 0x0000022f   Thumb Code     0  arm_startup_nrf52840.o(.text)
    SPIM2_SPIS2_SPI2_IRQHandler              0x0000022f   Thumb Code     0  arm_startup_nrf52840.o(.text)
    SPIM3_IRQHandler                         0x0000022f   Thumb Code     0  arm_startup_nrf52840.o(.text)
    SWI0_EGU0_IRQHandler                     0x0000022f   Thumb Code     0  arm_startup_nrf52840.o(.text)
    SWI1_EGU1_IRQHandler                     0x0000022f   Thumb Code     0  arm_startup_nrf52840.o(.text)
    SWI2_EGU2_IRQHandler                     0x0000022f   Thumb Code     0  arm_startup_nrf52840.o(.text)
    SWI3_EGU3_IRQHandler                     0x0000022f   Thumb Code     0  arm_startup_nrf52840.o(.text)
    SWI4_EGU4_IRQHandler                     0x0000022f   Thumb Code     0  arm_startup_nrf52840.o(.text)
    SWI5_EGU5_IRQHandler                     0x0000022f   Thumb Code     0  arm_startup_nrf52840.o(.text)
    TEMP_IRQHandler                          0x0000022f   Thumb Code     0  arm_startup_nrf52840.o(.text)
    TIMER2_IRQHandler                        0x0000022f   Thumb Code     0  arm_startup_nrf52840.o(.text)
    TIMER3_IRQHandler                        0x0000022f   Thumb Code     0  arm_startup_nrf52840.o(.text)
    TIMER4_IRQHandler                        0x0000022f   Thumb Code     0  arm_startup_nrf52840.o(.text)
    UARTE0_UART0_IRQHandler                  0x0000022f   Thumb Code     0  arm_startup_nrf52840.o(.text)
    UARTE1_IRQHandler                        0x0000022f   Thumb Code     0  arm_startup_nrf52840.o(.text)
    USBD_IRQHandler                          0x0000022f   Thumb Code     0  arm_startup_nrf52840.o(.text)
    WDT_IRQHandler                           0x0000022f   Thumb Code     0  arm_startup_nrf52840.o(.text)
    __aeabi_uldivmod                         0x00000239   Thumb Code    98  uldiv.o(.text)
    __aeabi_llsl                             0x0000029b   Thumb Code    30  llshl.o(.text)
    _ll_shift_l                              0x0000029b   Thumb Code     0  llshl.o(.text)
    __aeabi_llsr                             0x000002b9   Thumb Code    32  llushr.o(.text)
    _ll_ushift_r                             0x000002b9   Thumb Code     0  llushr.o(.text)
    __scatterload                            0x000002d9   Thumb Code    28  init.o(.text)
    __scatterload_rt2                        0x000002d9   Thumb Code     0  init.o(.text)
    GPIOTE_IRQHandler                        0x000002fd   Thumb Code    76  hal_ext_int_nrf.o(i.GPIOTE_IRQHandler)
    SystemInit                               0x00000359   Thumb Code   500  system_nrf52.o(i.SystemInit)
    TIMER0_IRQHandler                        0x000005d9   Thumb Code    30  hal_tiempo_nrf.o(i.TIMER0_IRQHandler)
    TIMER1_IRQHandler                        0x00000601   Thumb Code    26  hal_tiempo_nrf.o(i.TIMER1_IRQHandler)
    __scatterload_copy                       0x00000625   Thumb Code    14  handlers.o(i.__scatterload_copy)
    __scatterload_null                       0x00000633   Thumb Code     2  handlers.o(i.__scatterload_null)
    __scatterload_zeroinit                   0x00000635   Thumb Code    14  handlers.o(i.__scatterload_zeroinit)
    beat_hero_actualizar                     0x00000645   Thumb Code   926  beat_hero.o(i.beat_hero_actualizar)
    beat_hero_iniciar                        0x000009f9   Thumb Code    78  beat_hero.o(i.beat_hero_iniciar)
    deshabilitar_irq                         0x00000a51   Thumb Code     4  hal_sc.o(i.deshabilitar_irq)
    drv_SC_entrar_disable_irq                0x00000a55   Thumb Code    16  drv_sc.o(i.drv_SC_entrar_disable_irq)
    drv_SC_salir_enable_irq                  0x00000a69   Thumb Code    16  drv_sc.o(i.drv_SC_salir_enable_irq)
    drv_WDT_alimentar                        0x00000a7d   Thumb Code     4  drv_wdt.o(i.drv_WDT_alimentar)
    drv_WDT_iniciar                          0x00000a81   Thumb Code     4  drv_wdt.o(i.drv_WDT_iniciar)
    drv_aleatorios_iniciar                   0x00000a85   Thumb Code     4  drv_aleatorios.o(i.drv_aleatorios_iniciar)
    drv_aleatorios_rango                     0x00000a89   Thumb Code    24  drv_aleatorios.o(i.drv_aleatorios_rango)
    drv_botones_actualizar                   0x00000aa1   Thumb Code   210  drv_botones.o(i.drv_botones_actualizar)
    drv_botones_iniciar                      0x00000b7d   Thumb Code    72  drv_botones.o(i.drv_botones_iniciar)
    drv_consumo_dormir                       0x00000bf1   Thumb Code    32  drv_consumo.o(i.drv_consumo_dormir)
    drv_consumo_esperar                      0x00000c15   Thumb Code    32  drv_consumo.o(i.drv_consumo_esperar)
    drv_consumo_iniciar                      0x00000c39   Thumb Code    20  drv_consumo.o(i.drv_consumo_iniciar)
    drv_funcion_callback_app                 0x00000c51   Thumb Code    16  drv_tiempo.o(i.drv_funcion_callback_app)
    drv_led_establecer                       0x00000c65   Thumb Code    38  drv_leds.o(i.drv_led_establecer)
    drv_leds_iniciar                         0x00000c91   Thumb Code    44  drv_leds.o(i.drv_leds_iniciar)
    drv_monitor_desmarcar                    0x00000cc1   Thumb Code    28  drv_monitor.o(i.drv_monitor_desmarcar)
    drv_monitor_iniciar                      0x00000ce1   Thumb Code    44  drv_monitor.o(i.drv_monitor_iniciar)
    drv_monitor_marcar                       0x00000d11   Thumb Code    28  drv_monitor.o(i.drv_monitor_marcar)
    drv_sonido_iniciar                       0x00000d31   Thumb Code     4  drv_sonido.o(i.drv_sonido_iniciar)
    drv_tiempo_actual_us                     0x00000d35   Thumb Code    40  drv_tiempo.o(i.drv_tiempo_actual_us)
    drv_tiempo_iniciar                       0x00000d65   Thumb Code    16  drv_tiempo.o(i.drv_tiempo_iniciar)
    drv_tiempo_periodico_ms                  0x00000d7d   Thumb Code    50  drv_tiempo.o(i.drv_tiempo_periodico_ms)
    habilitar_irq                            0x00000e25   Thumb Code     4  hal_sc.o(i.habilitar_irq)
    hal_WDT_feed                             0x00000e29   Thumb Code     8  hal_wdt_nrf.o(i.hal_WDT_feed)
    hal_WDT_iniciar                          0x00000e39   Thumb Code    28  hal_wdt_nrf.o(i.hal_WDT_iniciar)
    hal_aleatorios_iniciar                   0x00000e5d   Thumb Code    20  hal_aleatorios_nrf.o(i.hal_aleatorios_iniciar)
    hal_aleatorios_obtener_32bits            0x00000e79   Thumb Code    92  hal_aleatorios_nrf.o(i.hal_aleatorios_obtener_32bits)
    hal_consumo_dormir                       0x00000edd   Thumb Code    42  hal_consumo_nrf.o(i.hal_consumo_dormir)
    hal_consumo_esperar                      0x00000f25   Thumb Code     4  hal_consumo_nrf.o(i.hal_consumo_esperar)
    hal_consumo_iniciar                      0x00000f29   Thumb Code     2  hal_consumo_nrf.o(i.hal_consumo_iniciar)
    hal_ext_int_deshabilitar                 0x00000f2d   Thumb Code    32  hal_ext_int_nrf.o(i.hal_ext_int_deshabilitar)
    hal_ext_int_habilitar                    0x00000f51   Thumb Code    32  hal_ext_int_nrf.o(i.hal_ext_int_habilitar)
    hal_ext_int_iniciar                      0x00000f79   Thumb Code    54  hal_ext_int_nrf.o(i.hal_ext_int_iniciar)
    hal_ext_int_limpiar_pendiente            0x00000fc1   Thumb Code    30  hal_ext_int_nrf.o(i.hal_ext_int_limpiar_pendiente)
    hal_gpio_escribir                        0x00000fe9   Thumb Code    34  hal_gpio_nrf.o(i.hal_gpio_escribir)
    hal_gpio_iniciar                         0x00001011   Thumb Code    12  hal_gpio_nrf.o(i.hal_gpio_iniciar)
    hal_gpio_leer                            0x00001025   Thumb Code    32  hal_gpio_nrf.o(i.hal_gpio_leer)
    hal_gpio_sentido                         0x00001049   Thumb Code    40  hal_gpio_nrf.o(i.hal_gpio_sentido)
    hal_sonido_iniciar                       0x00001075   Thumb Code    36  hal_sonido_nrf.o(i.hal_sonido_iniciar)
    hal_tiempo_actual_tick64                 0x000010ad   Thumb Code    38  hal_tiempo_nrf.o(i.hal_tiempo_actual_tick64)
    hal_tiempo_iniciar_tick                  0x000010e1   Thumb Code    90  hal_tiempo_nrf.o(i.hal_tiempo_iniciar_tick)
    hal_tiempo_reloj_periodico_tick          0x00001155   Thumb Code   110  hal_tiempo_nrf.o(i.hal_tiempo_reloj_periodico_tick)
    main                                     0x000011dd   Thumb Code    76  main.o(i.main)
    rt_FIFO_encolar                          0x00001299   Thumb Code    98  rt_fifo.o(i.rt_FIFO_encolar)
    rt_FIFO_extraer                          0x00001305   Thumb Code   124  rt_fifo.o(i.rt_FIFO_extraer)
    rt_FIFO_inicializar                      0x00001385   Thumb Code    28  rt_fifo.o(i.rt_FIFO_inicializar)
    rt_GE_actualizar                         0x000013a9   Thumb Code    44  rt_ge.o(i.rt_GE_actualizar)
    rt_GE_iniciar                            0x000013d5   Thumb Code    98  rt_ge.o(i.rt_GE_iniciar)
    rt_GE_lanzador                           0x00001445   Thumb Code   120  rt_ge.o(i.rt_GE_lanzador)
    rt_GE_suscribir                          0x000014c1   Thumb Code    96  rt_ge.o(i.rt_GE_suscribir)
    svc_alarma_activar                       0x0000152d   Thumb Code   522  svc_alarmas.o(i.svc_alarma_activar)
    svc_alarma_actualizar                    0x00001741   Thumb Code    90  svc_alarmas.o(i.svc_alarma_actualizar)
    svc_alarma_codificar                     0x000017a5   Thumb Code    26  svc_alarmas.o(i.svc_alarma_codificar)
    svc_alarma_iniciar                       0x000017c1   Thumb Code    54  svc_alarmas.o(i.svc_alarma_iniciar)
    Region$$Table$$Base                      0x00001844   Number         0  anon$$obj.o(Region$$Table)
    Region$$Table$$Limit                     0x00001864   Number         0  anon$$obj.o(Region$$Table)
    SystemCoreClock                          0x20000068   Data           4  system_nrf52.o(.data)
    juego_stats                              0x20000458   Data          64  beat_hero.o(.bss)
    __initial_sp                             0x20004498   Data           0  arm_startup_nrf52840.o(STACK)



==============================================================================

Memory Map of the image

  Image Entry point : 0x00000201

  Load Region LR_IROM1 (Base: 0x00000000, Size: 0x000018d0, Max: 0x00100000, ABSOLUTE)

    Execution Region ER_IROM1 (Exec base: 0x00000000, Load base: 0x00000000, Size: 0x00001864, Max: 0x00100000, ABSOLUTE)

    Exec Addr    Load Addr    Size         Type   Attr      Idx    E Section Name        Object

    0x00000000   0x00000000   0x00000200   Data   RO          981    RESET               arm_startup_nrf52840.o
    0x00000200   0x00000200   0x00000000   Code   RO         1051  * .ARM.Collect$$$$00000000  mc_w.l(entry.o)
    0x00000200   0x00000200   0x00000004   Code   RO         1065    .ARM.Collect$$$$00000001  mc_w.l(entry2.o)
    0x00000204   0x00000204   0x00000004   Code   RO         1068    .ARM.Collect$$$$00000004  mc_w.l(entry5.o)
    0x00000208   0x00000208   0x00000000   Code   RO         1070    .ARM.Collect$$$$00000008  mc_w.l(entry7b.o)
    0x00000208   0x00000208   0x00000000   Code   RO         1072    .ARM.Collect$$$$0000000A  mc_w.l(entry8b.o)
    0x00000208   0x00000208   0x00000008   Code   RO         1073    .ARM.Collect$$$$0000000B  mc_w.l(entry9a.o)
    0x00000210   0x00000210   0x00000000   Code   RO         1075    .ARM.Collect$$$$0000000D  mc_w.l(entry10a.o)
    0x00000210   0x00000210   0x00000000   Code   RO         1077    .ARM.Collect$$$$0000000F  mc_w.l(entry11a.o)
    0x00000210   0x00000210   0x00000004   Code   RO         1066    .ARM.Collect$$$$00002712  mc_w.l(entry2.o)
    0x00000214   0x00000214   0x00000024   Code   RO          982    .text               arm_startup_nrf52840.o
    0x00000238   0x00000238   0x00000062   Code   RO         1054    .text               mc_w.l(uldiv.o)
    0x0000029a   0x0000029a   0x0000001e   Code   RO         1079    .text               mc_w.l(llshl.o)
    0x000002b8   0x000002b8   0x00000020   Code   RO         1081    .text               mc_w.l(llushr.o)
    0x000002d8   0x000002d8   0x00000024   Code   RO         1086    .text               mc_w.l(init.o)
    0x000002fc   0x000002fc   0x0000005c   Code   RO          811    i.GPIOTE_IRQHandler  hal_ext_int_nrf.o
    0x00000358   0x00000358   0x00000280   Code   RO          990    i.SystemInit        system_nrf52.o
    0x000005d8   0x000005d8   0x00000028   Code   RO          696    i.TIMER0_IRQHandler  hal_tiempo_nrf.o
    0x00000600   0x00000600   0x00000024   Code   RO          697    i.TIMER1_IRQHandler  hal_tiempo_nrf.o
    0x00000624   0x00000624   0x0000000e   Code   RO         1090    i.__scatterload_copy  mc_w.l(handlers.o)
    0x00000632   0x00000632   0x00000002   Code   RO         1091    i.__scatterload_null  mc_w.l(handlers.o)
    0x00000634   0x00000634   0x0000000e   Code   RO         1092    i.__scatterload_zeroinit  mc_w.l(handlers.o)
    0x00000642   0x00000642   0x00000002   PAD
    0x00000644   0x00000644   0x000003b4   Code   RO          455    i.beat_hero_actualizar  beat_hero.o
    0x000009f8   0x000009f8   0x00000058   Code   RO          456    i.beat_hero_iniciar  beat_hero.o
    0x00000a50   0x00000a50   0x00000004   Code   RO          534    i.deshabilitar_irq  hal_sc.o
    0x00000a54   0x00000a54   0x00000014   Code   RO          511    i.drv_SC_entrar_disable_irq  drv_sc.o
    0x00000a68   0x00000a68   0x00000014   Code   RO          512    i.drv_SC_salir_enable_irq  drv_sc.o
    0x00000a7c   0x00000a7c   0x00000004   Code   RO          407    i.drv_WDT_alimentar  drv_wdt.o
    0x00000a80   0x00000a80   0x00000004   Code   RO          408    i.drv_WDT_iniciar   drv_wdt.o
    0x00000a84   0x00000a84   0x00000004   Code   RO          428    i.drv_aleatorios_iniciar  drv_aleatorios.o
    0x00000a88   0x00000a88   0x00000018   Code   RO          430    i.drv_aleatorios_rango  drv_aleatorios.o
    0x00000aa0   0x00000aa0   0x000000dc   Code   RO          268    i.drv_botones_actualizar  drv_botones.o
    0x00000b7c   0x00000b7c   0x00000058   Code   RO          269    i.drv_botones_iniciar  drv_botones.o
    0x00000bd4   0x00000bd4   0x0000001c   Code   RO          270    i.drv_cb            drv_botones.o
    0x00000bf0   0x00000bf0   0x00000024   Code   RO          165    i.drv_consumo_dormir  drv_consumo.o
    0x00000c14   0x00000c14   0x00000024   Code   RO          166    i.drv_consumo_esperar  drv_consumo.o
    0x00000c38   0x00000c38   0x00000018   Code   RO          167    i.drv_consumo_iniciar  drv_consumo.o
    0x00000c50   0x00000c50   0x00000014   Code   RO          109    i.drv_funcion_callback_app  drv_tiempo.o
    0x00000c64   0x00000c64   0x0000002c   Code   RO           79    i.drv_led_establecer  drv_leds.o
    0x00000c90   0x00000c90   0x00000030   Code   RO           81    i.drv_leds_iniciar  drv_leds.o
    0x00000cc0   0x00000cc0   0x00000020   Code   RO          194    i.drv_monitor_desmarcar  drv_monitor.o
    0x00000ce0   0x00000ce0   0x00000030   Code   RO          197    i.drv_monitor_iniciar  drv_monitor.o
    0x00000d10   0x00000d10   0x00000020   Code   RO          198    i.drv_monitor_marcar  drv_monitor.o
    0x00000d30   0x00000d30   0x00000004   Code   RO          490    i.drv_sonido_iniciar  drv_sonido.o
    0x00000d34   0x00000d34   0x00000030   Code   RO          111    i.drv_tiempo_actual_us  drv_tiempo.o
    0x00000d64   0x00000d64   0x00000018   Code   RO          114    i.drv_tiempo_iniciar  drv_tiempo.o
    0x00000d7c   0x00000d7c   0x00000040   Code   RO          115    i.drv_tiempo_periodico_ms  drv_tiempo.o
    0x00000dbc   0x00000dbc   0x00000068   Code   RO          457    i.finalizar_partida  beat_hero.o
    0x00000e24   0x00000e24   0x00000004   Code   RO          535    i.habilitar_irq     hal_sc.o
    0x00000e28   0x00000e28   0x00000010   Code   RO          869    i.hal_WDT_feed      hal_wdt_nrf.o
    0x00000e38   0x00000e38   0x00000024   Code   RO          870    i.hal_WDT_iniciar   hal_wdt_nrf.o
    0x00000e5c   0x00000e5c   0x0000001c   Code   RO          902    i.hal_aleatorios_iniciar  hal_aleatorios_nrf.o
    0x00000e78   0x00000e78   0x00000064   Code   RO          903    i.hal_aleatorios_obtener_32bits  hal_aleatorios_nrf.o
    0x00000edc   0x00000edc   0x00000048   Code   RO          769    i.hal_consumo_dormir  hal_consumo_nrf.o
    0x00000f24   0x00000f24   0x00000004   Code   RO          770    i.hal_consumo_esperar  hal_consumo_nrf.o
    0x00000f28   0x00000f28   0x00000002   Code   RO          771    i.hal_consumo_iniciar  hal_consumo_nrf.o
    0x00000f2a   0x00000f2a   0x00000002   PAD
    0x00000f2c   0x00000f2c   0x00000024   Code   RO          812    i.hal_ext_int_deshabilitar  hal_ext_int_nrf.o
    0x00000f50   0x00000f50   0x00000028   Code   RO          813    i.hal_ext_int_habilitar  hal_ext_int_nrf.o
    0x00000f78   0x00000f78   0x00000048   Code   RO          814    i.hal_ext_int_iniciar  hal_ext_int_nrf.o
    0x00000fc0   0x00000fc0   0x00000028   Code   RO          815    i.hal_ext_int_limpiar_pendiente  hal_ext_int_nrf.o
    0x00000fe8   0x00000fe8   0x00000028   Code   RO          612    i.hal_gpio_escribir  hal_gpio_nrf.o
    0x00001010   0x00001010   0x00000014   Code   RO          613    i.hal_gpio_iniciar  hal_gpio_nrf.o
    0x00001024   0x00001024   0x00000024   Code   RO          614    i.hal_gpio_leer     hal_gpio_nrf.o
    0x00001048   0x00001048   0x0000002c   Code   RO          615    i.hal_gpio_sentido  hal_gpio_nrf.o
    0x00001074   0x00001074   0x00000038   Code   RO          941    i.hal_sonido_iniciar  hal_sonido_nrf.o
    0x000010ac   0x000010ac   0x00000034   Code   RO          698    i.hal_tiempo_actual_tick64  hal_tiempo_nrf.o
    0x000010e0   0x000010e0   0x00000074   Code   RO          699    i.hal_tiempo_iniciar_tick  hal_tiempo_nrf.o
    0x00001154   0x00001154   0x00000088   Code   RO          703    i.hal_tiempo_reloj_periodico_tick  hal_tiempo_nrf.o
    0x000011dc   0x000011dc   0x00000050   Code   RO            1    i.main              main.o
    0x0000122c   0x0000122c   0x0000006c   Code   RO          458    i.reiniciar_variables_juego  beat_hero.o
    0x00001298   0x00001298   0x0000006c   Code   RO          232    i.rt_FIFO_encolar   rt_fifo.o
    0x00001304   0x00001304   0x00000080   Code   RO          234    i.rt_FIFO_extraer   rt_fifo.o
    0x00001384   0x00001384   0x00000024   Code   RO          235    i.rt_FIFO_inicializar  rt_fifo.o
    0x000013a8   0x000013a8   0x0000002c   Code   RO          297    i.rt_GE_actualizar  rt_ge.o
    0x000013d4   0x000013d4   0x00000070   Code   RO          299    i.rt_GE_iniciar     rt_ge.o
    0x00001444   0x00001444   0x0000007c   Code   RO          300    i.rt_GE_lanzador    rt_ge.o
    0x000014c0   0x000014c0   0x0000006c   Code   RO          301    i.rt_GE_suscribir   rt_ge.o
    0x0000152c   0x0000152c   0x00000214   Code   RO          348    i.svc_alarma_activar  svc_alarmas.o
    0x00001740   0x00001740   0x00000064   Code   RO          349    i.svc_alarma_actualizar  svc_alarmas.o
    0x000017a4   0x000017a4   0x0000001a   Code   RO          350    i.svc_alarma_codificar  svc_alarmas.o
    0x000017be   0x000017be   0x00000002   PAD
    0x000017c0   0x000017c0   0x00000044   Code   RO          351    i.svc_alarma_iniciar  svc_alarmas.o
    0x00001804   0x00001804   0x00000010   Data   RO           82    .constdata          drv_leds.o
    0x00001814   0x00001814   0x00000010   Data   RO          199    .constdata          drv_monitor.o
    0x00001824   0x00001824   0x00000010   Data   RO          271    .constdata          drv_botones.o
    0x00001834   0x00001834   0x00000010   Data   RO          816    .constdata          hal_ext_int_nrf.o
    0x00001844   0x00001844   0x00000020   Data   RO         1088    Region$$Table       anon$$obj.o


    Execution Region RW_IRAM1 (Exec base: 0x20000000, Load base: 0x00001864, Size: 0x00004498, Max: 0x00040000, ABSOLUTE)

    Exec Addr    Load Addr    Size         Type   Attr      Idx    E Section Name        Object

    0x20000000   0x00001864   0x0000000c   Data   RW          117    .data               drv_tiempo.o
    0x2000000c   0x00001870   0x00000008   Data   RW          168    .data               drv_consumo.o
    0x20000014   0x00001878   0x00000001   Data   RW          237    .data               rt_fifo.o
    0x20000015   0x00001879   0x00000003   PAD
    0x20000018   0x0000187c   0x0000000c   Data   RW          272    .data               drv_botones.o
    0x20000024   0x00001888   0x00000004   Data   RW          303    .data               rt_ge.o
    0x20000028   0x0000188c   0x0000000c   Data   RW          353    .data               svc_alarmas.o
    0x20000034   0x00001898   0x00000004   PAD
    0x20000038   0x0000189c   0x00000020   Data   RW          460    .data               beat_hero.o
    0x20000058   0x000018bc   0x00000004   Data   RW          513    .data               drv_sc.o
    0x2000005c   0x000018c0   0x00000008   Data   RW          704    .data               hal_tiempo_nrf.o
    0x20000064   0x000018c8   0x00000004   Data   RW          817    .data               hal_ext_int_nrf.o
    0x20000068   0x000018cc   0x00000004   Data   RW          993    .data               system_nrf52.o
    0x2000006c        -       0x0000000c   Zero   RW          116    .bss                drv_tiempo.o
    0x20000078        -       0x00000210   Zero   RW          236    .bss                rt_fifo.o
    0x20000288        -       0x00000129   Zero   RW          302    .bss                rt_ge.o
    0x200003b1   0x000018d0   0x00000003   PAD
    0x200003b4        -       0x000000a0   Zero   RW          352    .bss                svc_alarmas.o
    0x20000454   0x000018d0   0x00000004   PAD
    0x20000458        -       0x00000040   Zero   RW          459    .bss                beat_hero.o
    0x20000498        -       0x00004000   Zero   RW          979    STACK               arm_startup_nrf52840.o


==============================================================================

Image component sizes


      Code (inc. data)   RO Data    RW Data    ZI Data      Debug   Object Name

        36          8        512          0      16384        948   arm_startup_nrf52840.o
      1248         50          0         32         64       6461   beat_hero.o
        28          0          0          0          0       2008   drv_aleatorios.o
       336         32         16         12          0       4359   drv_botones.o
        96         12          0          8          0       2197   drv_consumo.o
        92         10         16          0          0       2503   drv_leds.o
       112         12         16          0          0       3168   drv_monitor.o
        40          8          0          4          0       1442   drv_sc.o
         4          0          0          0          0        545   drv_sonido.o
       156         34          0         12         12       4314   drv_tiempo.o
         8          0          0          0          0       1106   drv_wdt.o
       128         16          0          0          0       2113   hal_aleatorios_nrf.o
        78         30          0          0          0       2345   hal_consumo_nrf.o
       280         56         16          4          0      35280   hal_ext_int_nrf.o
       140         22          0          0          0      38846   hal_gpio_nrf.o
         8          0          0          0          0       1087   hal_sc.o
        56         20          0          0          0        605   hal_sonido_nrf.o
       380         86          0          8          0      35895   hal_tiempo_nrf.o
        52         16          0          0          0       1137   hal_wdt_nrf.o
        80          4          0          0          0       7739   main.o
       272         22          0          1        528       3474   rt_fifo.o
       388         30          0          4        297       6058   rt_ge.o
       726         34          0         12        160       5141   svc_alarmas.o
       640        140          0          4          0      61812   system_nrf52.o

    ----------------------------------------------------------------------
      5388        642        608        108      17452     230583   Object Totals
         0          0         32          0          0          0   (incl. Generated)
         4          0          0          7          7          0   (incl. Padding)

    ----------------------------------------------------------------------

      Code (inc. data)   RO Data    RW Data    ZI Data      Debug   Library Member Name

         0          0          0          0          0          0   entry.o
         0          0          0          0          0          0   entry10a.o
         0          0          0          0          0          0   entry11a.o
         8          4          0          0          0          0   entry2.o
         4          0          0          0          0          0   entry5.o
         0          0          0          0          0          0   entry7b.o
         0          0          0          0          0          0   entry8b.o
         8          4          0          0          0          0   entry9a.o
        30          0          0          0          0          0   handlers.o
        36          8          0          0          0         68   init.o
        30          0          0          0          0         68   llshl.o
        32          0          0          0          0         68   llushr.o
        98          0          0          0          0         92   uldiv.o

    ----------------------------------------------------------------------
       248         16          0          0          0        296   Library Totals
         2          0          0          0          0          0   (incl. Padding)

    ----------------------------------------------------------------------

      Code (inc. data)   RO Data    RW Data    ZI Data      Debug   Library Name

       246         16          0          0          0        296   mc_w.l

    ----------------------------------------------------------------------
       248         16          0          0          0        296   Library Totals

    ----------------------------------------------------------------------

==============================================================================


      Code (inc. data)   RO Data    RW Data    ZI Data      Debug   

      5636        658        608        108      17452     225431   Grand Totals
      5636        658        608        108      17452     225431   ELF Image Totals
      5636        658        608        108          0          0   ROM Totals

==============================================================================

    Total RO  Size (Code + RO Data)                 6244 (   6.10kB)
    Total RW  Size (RW Data + ZI Data)             17560 (  17.15kB)
    Total ROM Size (Code + RO Data + RW Data)       6352 (   6.20kB)

==============================================================================

