<html>
<body>
<pre>
<h1>µVision Build Log</h1>
<h2>Tool Versions:</h2>
IDE-Version: µVision V5.26.2.0
Copyright (C) 2018 ARM Ltd and ARM Germany GmbH. All rights reserved.
License Information: Daniel dblasco, HP Inc., LIC=----
 
Tool Versions:
Toolchain:       MDK-Lite  Version: 5.26.2.0
Toolchain Path:  C:\Keil_v5\ARM\ARMCC\Bin
C Compiler:      Armcc.exe V5.06 update 6 (build 750)
Assembler:       Armasm.exe V5.06 update 6 (build 750)
Linker/Locator:  ArmLink.exe V5.06 update 6 (build 750)
Library Manager: ArmAr.exe V5.06 update 6 (build 750)
Hex Converter:   FromElf.exe V5.06 update 6 (build 750)
CPU DLL:         SARMCM3.DLL V5.26.2.0
Dialog DLL:      DCM.DLL V1.17.2.0
Target DLL:      Segger\JL2CM3.dll V2.99.31.0
Dialog DLL:      TCM.DLL V1.36.1.0
 
<h2>Project:</h2>
C:\Users\dblas\OneDrive\Documentos\GitHub\blink_v2_lpc_resuelto\nrf\keil\blink_nrf.uvprojx
Project File Date:  12/03/2025

<h2>Output:</h2>
*** Using Compiler 'V5.06 update 6 (build 750)', folder: 'C:\Keil_v5\ARM\ARMCC\Bin'
Rebuild Project 'blink_nrf' - Target 'nRF_RELEASE'
compiling main.c...
compiling drv_tiempo.c...
compiling drv_monitor.c...
compiling drv_botones.c...
C:\Users\dblas\OneDrive\Documentos\GitHub\blink_v2_lpc_resuelto\src\drv_botones.c(63): warning:  #513-D: a value of type "void (*)(uint32_t, uint32_t)" cannot be assigned to an entity of type "f_callback_GE"
      drv_botones_isr_callback = funcion_callback_app; 
..\..\src\drv_botones.c: 1 warning, 0 errors
compiling svc_alarmas.c...
compiling rt_fifo.c...
compiling drv_consumo.c...
C:\Users\dblas\OneDrive\Documentos\GitHub\blink_v2_lpc_resuelto\src\hal_consumo.h(10): warning:  #1295-D: Deprecated declaration switch_to_PLL - give arg types
  extern void switch_to_PLL();
..\..\src\drv_consumo.c: 1 warning, 0 errors
compiling drv_WDT.c...
compiling drv_leds.c...
compiling app_jugar.c...
compiling rt_GE.c...
compiling drv_aleatorios.c...
compiling drv_sonido.c...
compiling beat_hero.c...
compiling drv_SC.c...
compiling hal_SC.c...
compiling test.c...
C:\Users\dblas\OneDrive\Documentos\GitHub\blink_v2_lpc_resuelto\src\test.c(22): warning:  #550-D: variable "test_ultimo_evento"  was set but never used
  static uint32_t test_ultimo_evento = 0;
C:\Users\dblas\OneDrive\Documentos\GitHub\blink_v2_lpc_resuelto\src\test.c(25): warning:  #550-D: variable "test_alarma_vencida"  was set but never used
  static bool test_alarma_vencida = false;
..\..\src\test.c: 2 warnings, 0 errors
assembling arm_startup_nrf52840.s...
compiling hal_tiempo_nrf.c...
compiling hal_gpio_nrf.c...
compiling hal_consumo_nrf.c...
C:\Users\dblas\OneDrive\Documentos\GitHub\blink_v2_lpc_resuelto\src\hal_consumo.h(10): warning:  #1295-D: Deprecated declaration switch_to_PLL - give arg types
  extern void switch_to_PLL();
hal_consumo_nrf.c: 1 warning, 0 errors
compiling hal_WDT_nrf.c...
compiling hal_aleatorios_nrf.c...
compiling hal_sonido_nrf.c...
compiling hal_ext_int_nrf.c...
C:\Users\dblas\OneDrive\Documentos\GitHub\blink_v2_lpc_resuelto\nrf\src_nrf\hal_ext_int_nrf.c(94): warning:  #1-D: last line of file ends without a newline
  }
..\src_nrf\hal_ext_int_nrf.c: 1 warning, 0 errors
compiling system_nrf52.c...
linking...
Program Size: Code=5716 RO-data=612 RW-data=108 ZI-data=17452  
FromELF: creating hex file...
".\Objects\blink_nrf.axf" - 0 Error(s), 6 Warning(s).

<h2>Software Packages used:</h2>

Package Vendor: ARM
                http://www.keil.com/pack/ARM.CMSIS.5.6.0.pack
                ARM.CMSIS.5.6.0
                CMSIS (Cortex Microcontroller Software Interface Standard)
   * Component: CORE Version: 5.3.0

Package Vendor: NordicSemiconductor
                http://developer.nordicsemi.com/nRF5_SDK/pieces/nRF_DeviceFamilyPack/NordicSemiconductor.nRF_DeviceFamilyPack.8.44.1.pack
                NordicSemiconductor.nRF_DeviceFamilyPack.8.44.1
                Nordic Semiconductor nRF ARM devices Device Family Pack with BSD license.
   * Component: Startup Version: 8.44.1

<h2>Collection of Component include folders:</h2>
  .\RTE\_nRF_RELEASE
  C:\Keil_v5\ARM\PACK\ARM\CMSIS\5.6.0\CMSIS\Core\Include
  C:\Keil_v5\ARM\PACK\NordicSemiconductor\nRF_DeviceFamilyPack\8.44.1\Device\Include

<h2>Collection of Component Files used:</h2>

   * Component: ARM::CMSIS:CORE:5.3.0

   * Component: NordicSemiconductor::Device:Startup:8.44.1
      Include file:  Device\Include\system_nrf.h
      Source file:   Device\Source\system_nrf52.c
      Source file:   Device\Source\arm\arm_startup_nrf52840.s
      Include file:  Device\Include\system_nrf52840.h
Build Time Elapsed:  00:00:04
</pre>
</body>
</html>
